Loaded catalog: 202 municipalities
[Province 22 - Huesca] 0/202 already completed (HTML mode)
[Huesca 1/202] ABIEGO
  OK: 1406 records (html)
[Huesca 2/202] ABIZANDA
  OK: 792 records (html)
[Huesca 3/202] ADAHUESCA
  OK: 792 records (html)
[Huesca 4/202] AGÜERO
  OK: 977 records (html)
[Huesca 5/202] AÍNSA-SOBRARBE
  OK: 765 records (html)
[Huesca 6/202] AISA
  OK: 892 records (html)
[Huesca 7/202] ALBALATE DE CINCA
  OK: 819 records (html)
[Huesca 8/202] ALBALATILLO
  OK: 931 records (html)
[Huesca 9/202] ALBELDA
  OK: 851 records (html)
[Huesca 10/202] ALBERO ALTO
  OK: 973 records (html)
[Huesca 11/202] ALBERO BAJO
  OK: 636 records (html)
[Huesca 12/202] ALBERUELA DE TUBO
  OK: 2271 records (html)
[Huesca 13/202] ALCALÁ DE GURREA
  OK: 996 records (html)
[Huesca 14/202] ALCALÁ DEL OBISPO
  OK: 2827 records (html)
[Huesca 15/202] ALCAMPELL
  OK: 911 records (html)
[Huesca 16/202] ALCOLEA DE CINCA
  OK: 814 records (html)
[Huesca 17/202] ALCUBIERRE
  OK: 1151 records (html)
[Huesca 18/202] ALERRE
  OK: 1074 records (html)
[Huesca 19/202] ALFÁNTEGA
  OK: 892 records (html)
[Huesca 20/202] ALMUDÉVAR
  OK: 3800 records (html)
[Huesca 21/202] ALMUNIA DE SAN JUAN
  OK: 826 records (html)
[Huesca 22/202] ALMUNIENTE
  OK: 1830 records (html)
[Huesca 23/202] ALQUÉZAR
  OK: 1473 records (html)
[Huesca 24/202] ALTORRICÓN
  OK: 914 records (html)
[Huesca 25/202] ANGÜÉS
  OK: 2762 records (html)
[Huesca 26/202] ANSÓ
  OK: 356 records (html)
[Huesca 27/202] ANTILLÓN
  OK: 968 records (html)
[Huesca 28/202] ARAGÜÉS DEL PUERTO
  OK: 291 records (html)
[Huesca 29/202] ARÉN
  OK: 468 records (html)
[Huesca 30/202] ARGAVIESO
  OK: 989 records (html)
[Huesca 31/202] ARGUIS
  OK: 930 records (html)
[Huesca 32/202] AYERBE
  OK: 1355 records (html)
[Huesca 33/202] AZANUY-ALINS
  OK: 600 records (html)
[Huesca 34/202] AZARA
  OK: 845 records (html)
[Huesca 35/202] AZLOR
  OK: 837 records (html)
[Huesca 36/202] BAÉLLS
  OK: no data
[Huesca 37/202] BAILO
  OK: 623 records (html)
[Huesca 38/202] BALDELLOU
  OK: no data
[Huesca 39/202] BALLOBAR
  OK: 1013 records (html)
[Huesca 40/202] BANASTÁS
  OK: 986 records (html)
[Huesca 41/202] BARBASTRO
  OK: 6946 records (html)
[Huesca 42/202] BARBUÉS
  OK: 567 records (html)
[Huesca 43/202] BARBUÑALES
  OK: 852 records (html)
[Huesca 44/202] BÁRCABO
  OK: no data
[Huesca 45/202] BELVER DE CINCA
  OK: 784 records (html)
[Huesca 46/202] BENABARRE
  OK: 1156 records (html)
[Huesca 47/202] BENASQUE
  OK: 2738 records (html)
[Huesca 48/202] BERANUY
  OK: no data
[Huesca 49/202] BERBEGAL
  OK: 810 records (html)
[Huesca 50/202] BIELSA
  OK: 1067 records (html)
[Huesca 51/202] BIERGE
  OK: 3181 records (html)
[Huesca 52/202] BIESCAS
  OK: 5140 records (html)
[Huesca 53/202] BINACED
  OK: 1880 records (html)
[Huesca 54/202] BINÉFAR
  OK: 869 records (html)
[Huesca 55/202] BISAURRI
  OK: 498 records (html)
[Huesca 56/202] BISCARRUÉS
  OK: 1025 records (html)
[Huesca 57/202] BLECUA Y TORRES
  OK: 1775 records (html)
[Huesca 58/202] BOLTAÑA
  OK: 2527 records (html)
[Huesca 59/202] BONANSA
  OK: 475 records (html)
[Huesca 60/202] BORAU
  OK: 290 records (html)
[Huesca 61/202] BROTO
  OK: 2510 records (html)
[Huesca 62/202] CALDEARENAS
  OK: 547 records (html)
[Huesca 63/202] CAMPO
  OK: 531 records (html)
[Huesca 64/202] CAMPORRÉLLS
  OK: no data
[Huesca 65/202] CANAL DE BERDÚN
  OK: 734 records (html)
[Huesca 66/202] CANDASNOS
  OK: 231 records (html)
[Huesca 67/202] CANFRANC
  OK: 503 records (html)
[Huesca 68/202] CAPDESASO
  OK: 1004 records (html)
[Huesca 69/202] CAPELLA
  OK: 1254 records (html)
[Huesca 70/202] CASBAS DE HUESCA
  OK: 4353 records (html)
[Huesca 71/202] CASTEJÓN DE MONEGROS
  OK: 886 records (html)
[Huesca 72/202] CASTEJÓN DE SOS
  OK: 1230 records (html)
[Huesca 73/202] CASTEJÓN DEL PUENTE
  OK: 810 records (html)
[Huesca 74/202] CASTELFLORITE
  OK: 586 records (html)
[Huesca 75/202] CASTIELLO DE JACA
  OK: 300 records (html)
[Huesca 76/202] CASTIGALEU
  OK: 535 records (html)
[Huesca 77/202] CASTILLAZUELO
  OK: 803 records (html)
[Huesca 78/202] CASTILLONROY
  OK: 364 records (html)
[Huesca 79/202] CHALAMERA
  OK: 708 records (html)
[Huesca 80/202] CHÍA
  OK: 648 records (html)
[Huesca 81/202] CHIMILLAS
  OK: 998 records (html)
[Huesca 82/202] COLUNGO
  OK: 1045 records (html)
[Huesca 83/202] ESPLÚS
  OK: 846 records (html)
[Huesca 84/202] ESTADA
  OK: 940 records (html)
[Huesca 85/202] ESTADILLA
  OK: 1708 records (html)
[Huesca 86/202] ESTOPIÑÁN DEL CASTILLO
  OK: 437 records (html)
[Huesca 87/202] FAGO
  OK: no data
[Huesca 88/202] FANLO
  OK: no data
[Huesca 89/202] FISCAL
  OK: 843 records (html)
[Huesca 90/202] FONZ
  OK: 1695 records (html)
[Huesca 91/202] FORADADA DEL TOSCAR
  OK: 276 records (html)
[Huesca 92/202] FRAGA
  OK: 4552 records (html)
[Huesca 93/202] FUEVA (LA)
  OK: 745 records (html)
[Huesca 94/202] GISTAÍN
  OK: 731 records (html)
[Huesca 95/202] GRADO (EL)
  OK: 2764 records (html)
[Huesca 96/202] GRAÑÉN
  OK: 3353 records (html)
[Huesca 97/202] GRAUS
  OK: 3463 records (html)
[Huesca 98/202] GURREA DE GÁLLEGO
  OK: 2636 records (html)
[Huesca 99/202] HOZ DE JACA
  OK: 664 records (html)
[Huesca 100/202] HOZ Y COSTEAN
  OK: 690 records (html)
[Huesca 101/202] HUERTO
  OK: 1192 records (html)
[Huesca 102/202] HUESCA
  OK: 8549 records (html)
[Huesca 103/202] IBIECA
  OK: 997 records (html)
[Huesca 104/202] IGRIÉS
  OK: 2215 records (html)
[Huesca 105/202] ILCHE
  OK: 1449 records (html)
[Huesca 106/202] ISÁBENA
  OK: 1069 records (html)
[Huesca 107/202] JACA
  OK: 7705 records (html)
[Huesca 108/202] JASA
  OK: 357 records (html)
[Huesca 109/202] LABUERDA
  OK: 745 records (html)
[Huesca 110/202] LALUENGA
  OK: 856 records (html)
[Huesca 111/202] LALUEZA
  OK: 2896 records (html)
[Huesca 112/202] LANAJA
  OK: 3870 records (html)
[Huesca 113/202] LAPERDIGUERA
  OK: 818 records (html)
[Huesca 114/202] LASCELLAS-PONZANO
  OK: 1297 records (html)
[Huesca 115/202] LASCUARRE
  OK: 517 records (html)
[Huesca 116/202] LASPAÚLES
  OK: 359 records (html)
[Huesca 117/202] LASPUÑA
  OK: 878 records (html)
[Huesca 118/202] LOARRE
  OK: 1861 records (html)
[Huesca 119/202] LOPORZANO
  OK: 1432 records (html)
[Huesca 120/202] LOSCORRALES
  OK: 1036 records (html)
[Huesca 121/202] LUPIÑÉN-ORTILLA
  OK: 2826 records (html)
[Huesca 122/202] MONESMA Y CAJIGAR
  OK: no data
[Huesca 123/202] MONFLORITE-LASCASAS
  OK: 893 records (html)
[Huesca 124/202] MONTANUY
  OK: 2182 records (html)
[Huesca 125/202] MONZÓN
  OK: 6259 records (html)
[Huesca 126/202] NAVAL
  OK: 716 records (html)
[Huesca 127/202] NOVALES
  OK: 937 records (html)
[Huesca 128/202] NUENO
  OK: 3510 records (html)
[Huesca 129/202] OLVENA
  OK: 851 records (html)
[Huesca 130/202] ONTIÑENA
  OK: 496 records (html)
[Huesca 131/202] OSSO DE CINCA
  OK: 1491 records (html)
[Huesca 132/202] PALO
  OK: no data
[Huesca 133/202] PANTICOSA
  OK: 2884 records (html)
[Huesca 134/202] PEÑALBA
  OK: 1131 records (html)
[Huesca 135/202] PEÑAS DE RIGLOS (LAS)
  OK: 1768 records (html)
[Huesca 136/202] PERALTA DE ALCOFEA
  OK: 1803 records (html)
[Huesca 137/202] PERALTA DE CALASANZ
  OK: 802 records (html)
[Huesca 138/202] PERALTILLA
  OK: 847 records (html)
[Huesca 139/202] PERARRÚA
  OK: no data
[Huesca 140/202] PERTUSA
  OK: 949 records (html)
[Huesca 141/202] PIRACÉS
  OK: 969 records (html)
[Huesca 142/202] PLAN
  OK: 840 records (html)
[Huesca 143/202] POLEÑINO
  OK: 722 records (html)
[Huesca 144/202] POZÁN DE VERO
  OK: 810 records (html)
[Huesca 145/202] PUEBLA DE CASTRO (LA)
  OK: 627 records (html)
[Huesca 146/202] PUENTE DE MONTAÑANA
  OK: 518 records (html)
[Huesca 147/202] PUENTE LA REINA DE JACA
  OK: 741 records (html)
[Huesca 148/202] PUÉRTOLAS
  OK: 530 records (html)
[Huesca 149/202] PUEYO DE ARAGUÁS (EL)
  OK: no data
[Huesca 150/202] PUEYO DE SANTA CRUZ
  OK: 181 records (html)
[Huesca 151/202] QUICENA
  OK: 882 records (html)
[Huesca 152/202] ROBRES
  OK: 1361 records (html)
[Huesca 153/202] SABIÑÁNIGO
  OK: 8484 records (html)
[Huesca 154/202] SAHÚN
  OK: 904 records (html)
[Huesca 155/202] SALAS ALTAS
  OK: 958 records (html)
[Huesca 156/202] SALAS BAJAS
  OK: 586 records (html)
[Huesca 157/202] SALILLAS
  OK: 1004 records (html)
[Huesca 158/202] SALLENT DE GÁLLEGO
  OK: 6636 records (html)
[Huesca 159/202] SAN ESTEBAN DE LITERA
  OK: 853 records (html)
[Huesca 160/202] SAN JUAN DE PLAN
  OK: 832 records (html)
[Huesca 161/202] SAN MIGUEL DEL CINCA
  OK: 2351 records (html)
[Huesca 162/202] SANGARRÉN
  OK: 580 records (html)
[Huesca 163/202] SANTA CILIA
  OK: 421 records (html)
[Huesca 164/202] SANTA CRUZ DE LA SERÓS
  OK: 304 records (html)
[Huesca 165/202] SANTA MARÍA DE DULCIS
  OK: 1462 records (html)
[Huesca 166/202] SANTALIESTRA Y SAN QUÍLEZ
  OK: 713 records (html)
[Huesca 167/202] SARIÑENA
  OK: 3463 records (html)
[Huesca 168/202] SECASTILLA
  OK: 1376 records (html)
[Huesca 169/202] SEIRA
  OK: 401 records (html)
[Huesca 170/202] SENA
  OK: 844 records (html)
[Huesca 171/202] SENÉS DE ALCUBIERRE
  OK: 130 records (html)
[Huesca 172/202] SESA
  OK: 977 records (html)
[Huesca 173/202] SESUÉ
  OK: 1138 records (html)
[Huesca 174/202] SIÉTAMO
  OK: 2254 records (html)
[Huesca 175/202] SOPEIRA
  OK: 828 records (html)
[Huesca 176/202] SOTONERA (LA)
  OK: 5677 records (html)
[Huesca 177/202] TAMARITE DE LITERA
  OK: 2616 records (html)
[Huesca 178/202] TARDIENTA
  OK: 1249 records (html)
[Huesca 179/202] TELLA-SIN
  OK: 622 records (html)
[Huesca 180/202] TIERZ
  OK: 937 records (html)
[Huesca 181/202] TOLVA
  OK: 543 records (html)
[Huesca 182/202] TORLA-ORDESA
  OK: 601 records (html)
[Huesca 183/202] TORRALBA DE ARAGÓN
  OK: 915 records (html)
[Huesca 184/202] TORRE LA RIBERA
  OK: 983 records (html)
[Huesca 185/202] TORRENTE DE CINCA
  OK: 1165 records (html)
[Huesca 186/202] TORRES DE ALCANADRE
  OK: 650 records (html)
[Huesca 187/202] TORRES DE BARBUÉS
  OK: 1773 records (html)
[Huesca 188/202] TRAMACED
  OK: 969 records (html)
[Huesca 189/202] VALFARTA
  OK: 1203 records (html)
[Huesca 190/202] VALLE DE BARDAJÍ
  OK: no data
[Huesca 191/202] VALLE DE HECHO
  OK: 1120 records (html)
[Huesca 192/202] VALLE DE LIERP
  OK: no data
[Huesca 193/202] VELILLA DE CINCA
  OK: 505 records (html)
[Huesca 194/202] VENCILLÓN
  OK: 983 records (html)
[Huesca 195/202] VIACAMP Y LITERA
  OK: 366 records (html)
[Huesca 196/202] VICIÉN
  OK: 956 records (html)
[Huesca 197/202] VILLANOVA
  OK: 1409 records (html)
[Huesca 198/202] VILLANÚA
  OK: 470 records (html)
[Huesca 199/202] VILLANUEVA DE SIGENA
  OK: 1193 records (html)
[Huesca 200/202] YEBRA DE BASA
  OK: 592 records (html)
[Huesca 201/202] YÉSERO
  OK: 1048 records (html)
[Huesca 202/202] ZAIDÍN
  OK: 1025 records (html)

[Huesca] DONE! 202/202 completed, 0 failed, 267832 records
