Loaded catalog: 211 municipalities
[Province 24 - León] 0/211 already completed (HTML mode)
[León 1/211] ACEBEDO
  OK: 430 records (html)
[León 2/211] ALGADEFE
  OK: 384 records (html)
[León 3/211] ALIJA DEL INFANTADO
  OK: 942 records (html)
[León 4/211] ALMANZA
  OK: 1299 records (html)
[León 5/211] ANTIGUA (LA)
  OK: 1712 records (html)
[León 6/211] ARDÓN
  OK: 639 records (html)
[León 7/211] ARGANZA
  OK: 2140 records (html)
[León 8/211] ASTORGA
  OK: 2015 records (html)
[León 9/211] BALBOA
  OK: 120 records (html)
[León 10/211] BAÑEZA (LA)
  OK: 4561 records (html)
[León 11/211] BARJAS
  OK: 218 records (html)
[León 12/211] BARRIOS DE LUNA (LOS)
  OK: 538 records (html)
[León 13/211] BEMBIBRE
  OK: 2528 records (html)
[León 14/211] BENAVIDES
  OK: 843 records (html)
[León 15/211] BENUZA
  OK: 1241 records (html)
[León 16/211] BERCIANOS DEL PÁRAMO
  OK: 697 records (html)
[León 17/211] BERCIANOS DEL REAL CAMINO
  OK: 189 records (html)
[León 18/211] BERLANGA DEL BIERZO
  OK: 757 records (html)
[León 19/211] BOCA DE HUÉRGANO
  OK: 1421 records (html)
[León 20/211] BOÑAR
  OK: 2152 records (html)
[León 21/211] BORRENES
  OK: 1363 records (html)
[León 22/211] BRAZUELO
  OK: 1394 records (html)
[León 23/211] BURGO RANERO (EL)
  OK: 718 records (html)
[León 24/211] BURÓN
  OK: 484 records (html)
[León 25/211] BUSTILLO DEL PÁRAMO
  OK: 3672 records (html)
[León 26/211] CABAÑAS RARAS
  OK: 1839 records (html)
[León 27/211] CABREROS DEL RÍO
  OK: 764 records (html)
[León 28/211] CABRILLANES
  OK: 2723 records (html)
[León 29/211] CACABELOS
  OK: 3528 records (html)
[León 30/211] CALZADA DEL COTO
  OK: 504 records (html)
[León 31/211] CAMPAZAS
  OK: 195 records (html)
[León 32/211] CAMPO DE VILLAVIDEL
  OK: 608 records (html)
[León 33/211] CAMPONARAYA
  OK: 3436 records (html)
[León 34/211] CANDÍN
  OK: 478 records (html)
[León 35/211] CÁRMENES
  OK: 133 records (html)
[León 36/211] CARRACEDELO
  OK: 5156 records (html)
[León 37/211] CARRIZO
  OK: 1472 records (html)
[León 38/211] CARROCERA
  OK: 982 records (html)
[León 39/211] CARUCEDO
  OK: 747 records (html)
[León 40/211] CASTILFALÉ
  OK: 515 records (html)
[León 41/211] CASTRILLO DE CABRERA
  OK: no data
[León 42/211] CASTRILLO DE LA VALDUERNA
  OK: 573 records (html)
[León 43/211] CASTROCALBÓN
  OK: 1637 records (html)
[León 44/211] CASTROCONTRIGO
  OK: 823 records (html)
[León 45/211] CASTROPODAME
  OK: 1548 records (html)
[León 46/211] CASTROTIERRA DE VALMADRIGAL
  OK: 105 records (html)
[León 47/211] CEA
  OK: 1089 records (html)
[León 48/211] CEBANICO
  OK: 14 records (html)
[León 49/211] CEBRONES DEL RÍO
  OK: 1274 records (html)
[León 50/211] CHOZAS DE ABAJO
  OK: 2928 records (html)
[León 51/211] CIMANES DE LA VEGA
  OK: 591 records (html)
[León 52/211] CIMANES DEL TEJAR
  OK: 1188 records (html)
[León 53/211] CISTIERNA
  OK: 2588 records (html)
[León 54/211] CONGOSTO
  OK: 2471 records (html)
[León 55/211] CORBILLOS DE LOS OTEROS
  OK: 758 records (html)
[León 56/211] CORULLÓN
  OK: 1844 records (html)
[León 57/211] CRÉMENES
  OK: 1739 records (html)
[León 58/211] CUADROS
  OK: 3025 records (html)
[León 59/211] CUBILLAS DE LOS OTEROS
  OK: 561 records (html)
[León 60/211] CUBILLAS DE RUEDA
  OK: 692 records (html)
[León 61/211] CUBILLOS DEL SIL
  OK: 2916 records (html)
[León 62/211] DESTRIANA
  OK: 1092 records (html)
[León 63/211] ENCINEDO
  OK: 672 records (html)
[León 64/211] ERCINA (LA)
  OK: 1288 records (html)
[León 65/211] ESCOBAR DE CAMPOS
  OK: no data
[León 66/211] FABERO
  OK: 3243 records (html)
[León 67/211] FOLGOSO DE LA RIBERA
  OK: 1523 records (html)
[León 68/211] FRESNO DE LA VEGA
  OK: 576 records (html)
[León 69/211] FUENTES DE CARBAJAL
  OK: 242 records (html)
[León 70/211] GARRAFE DE TORÍO
  OK: 3827 records (html)
[León 71/211] GORDALIZA DEL PINO
  OK: 188 records (html)
[León 72/211] GORDONCILLO
  OK: 84 records (html)
[León 73/211] GRADEFES
  OK: 1832 records (html)
[León 74/211] GRAJAL DE CAMPOS
  OK: 108 records (html)
[León 75/211] GUSENDOS DE LOS OTEROS
  OK: 401 records (html)
[León 76/211] HOSPITAL DE ÓRBIGO
  OK: 547 records (html)
[León 77/211] IGÜEÑA
  OK: 1742 records (html)
[León 78/211] IZAGRE
  OK: 588 records (html)
[León 79/211] JOARILLA DE LAS MATAS
  OK: 845 records (html)
[León 80/211] LAGUNA DALGA
  OK: 1116 records (html)
[León 81/211] LAGUNA DE NEGRILLOS
  OK: 802 records (html)
[León 82/211] LEÓN
  OK: 1253 records (html)
[León 83/211] LLAMAS DE LA RIBERA
  OK: 914 records (html)
[León 84/211] LUCILLO
  OK: 2003 records (html)
[León 85/211] LUYEGO
  OK: 1270 records (html)
[León 86/211] MAGAZ DE CEPEDA
  OK: 940 records (html)
[León 87/211] MANSILLA DE LAS MULAS
  OK: 1554 records (html)
[León 88/211] MANSILLA MAYOR
  OK: 347 records (html)
[León 89/211] MARAÑA
  OK: 121 records (html)
[León 90/211] MATADEÓN DE LOS OTEROS
  OK: 534 records (html)
[León 91/211] MATALLANA DE TORÍO
  OK: 1162 records (html)
[León 92/211] MATANZA
  OK: 338 records (html)
[León 93/211] MOLINASECA
  OK: 837 records (html)
[León 94/211] MURIAS DE PAREDES
  OK: 1065 records (html)
[León 95/211] NOCEDA DEL BIERZO
  OK: 1764 records (html)
[León 96/211] OENCIA
  OK: 1127 records (html)
[León 97/211] OMAÑAS (LAS)
  OK: 565 records (html)
[León 98/211] ONZONILLA
  OK: 2104 records (html)
[León 99/211] OSEJA DE SAJAMBRE
  OK: 303 records (html)
[León 100/211] PAJARES DE LOS OTEROS
  OK: 281 records (html)
[León 101/211] PALACIOS DE LA VALDUERNA
  OK: 1040 records (html)
[León 102/211] PALACIOS DEL SIL
  OK: 3423 records (html)
[León 103/211] PÁRAMO DEL SIL
  OK: 1621 records (html)
[León 104/211] PERANZANES
  OK: 929 records (html)
[León 105/211] POBLADURA DE PELAYO GARCÍA
  OK: 458 records (html)
[León 106/211] POLA DE GORDÓN (LA)
  OK: 2196 records (html)
[León 107/211] PONFERRADA
  OK: 9513 records (html)
[León 108/211] POSADA DE VALDEÓN
  OK: 678 records (html)
[León 109/211] POZUELO DEL PÁRAMO
  OK: 936 records (html)
[León 110/211] PRADO DE LA GUZPEÑA
  OK: 635 records (html)
[León 111/211] PRIARANZA DEL BIERZO
  OK: 1599 records (html)
[León 112/211] PRIORO
  OK: 809 records (html)
[León 113/211] PUEBLA DE LILLO
  OK: 1363 records (html)
[León 114/211] PUENTE DE DOMINGO FLÓREZ
  OK: 1595 records (html)
[León 115/211] QUINTANA DEL CASTILLO
  OK: 1253 records (html)
[León 116/211] QUINTANA DEL MARCO
  OK: 750 records (html)
[León 117/211] QUINTANA Y CONGOSTO
  OK: 823 records (html)
[León 118/211] REGUERAS DE ARRIBA
  OK: 730 records (html)
[León 119/211] REYERO
  OK: 195 records (html)
[León 120/211] RIAÑO
  OK: 227 records (html)
[León 121/211] RIEGO DE LA VEGA
  OK: 1816 records (html)
[León 122/211] RIELLO
  OK: 466 records (html)
[León 123/211] RIOSECO DE TAPIA
  OK: 430 records (html)
[León 124/211] ROBLA (LA)
  OK: 2095 records (html)
[León 125/211] ROPERUELOS DEL PÁRAMO
  OK: 303 records (html)
[León 126/211] SABERO
  OK: 2342 records (html)
[León 127/211] SAHAGÚN
  OK: 1458 records (html)
[León 128/211] SAN ADRIÁN DEL VALLE
  OK: 523 records (html)
[León 129/211] SAN ANDRÉS DEL RABANEDO
  OK: 4866 records (html)
[León 130/211] SAN CRISTÓBAL DE LA POLANTERA
  OK: 1467 records (html)
[León 131/211] SAN EMILIANO
  OK: 1410 records (html)
[León 132/211] SAN ESTEBAN DE NOGALES
  OK: 302 records (html)
[León 133/211] SAN JUSTO DE LA VEGA
  OK: 2162 records (html)
[León 134/211] SAN MILLÁN DE LOS CABALLEROS
  OK: 419 records (html)
[León 135/211] SAN PEDRO BERCIANOS
  OK: 470 records (html)
[León 136/211] SANCEDO
  OK: 960 records (html)
[León 137/211] SANTA COLOMBA DE CURUEÑO
  OK: 1084 records (html)
[León 138/211] SANTA COLOMBA DE SOMOZA
  OK: 1324 records (html)
[León 139/211] SANTA CRISTINA DE VALMADRIGAL
  OK: 726 records (html)
[León 140/211] SANTA ELENA DE JAMUZ
  OK: 1310 records (html)
[León 141/211] SANTA MARÍA DE LA ISLA
  OK: 532 records (html)
[León 142/211] SANTA MARÍA DE ORDÁS
  OK: 541 records (html)
[León 143/211] SANTA MARÍA DEL MONTE DE CEA
  OK: 755 records (html)
[León 144/211] SANTA MARÍA DEL PÁRAMO
  OK: 797 records (html)
[León 145/211] SANTA MARINA DEL REY
  OK: 2512 records (html)
[León 146/211] SANTAS MARTAS
  OK: 963 records (html)
[León 147/211] SANTIAGO MILLAS
  OK: 1192 records (html)
[León 148/211] SANTOVENIA DE LA VALDONCINA
  OK: 3688 records (html)
[León 149/211] SARIEGOS
  OK: 4581 records (html)
[León 150/211] SENA DE LUNA
  OK: 853 records (html)
[León 151/211] SOBRADO
  OK: 570 records (html)
[León 152/211] SOTO DE LA VEGA
  OK: 1544 records (html)
[León 153/211] SOTO Y AMÍO
  OK: 454 records (html)
[León 154/211] TORAL DE LOS GUZMANES
  OK: 810 records (html)
[León 155/211] TORAL DE LOS VADOS
  OK: 1556 records (html)
[León 156/211] TORENO
  OK: 5344 records (html)
[León 157/211] TORRE DEL BIERZO
  OK: 4068 records (html)
[León 158/211] TRABADELO
  OK: 491 records (html)
[León 159/211] TRUCHAS
  OK: 217 records (html)
[León 160/211] TURCIA
  OK: 2965 records (html)
[León 161/211] URDIALES DEL PÁRAMO
  OK: 994 records (html)
[León 162/211] VAL DE SAN LORENZO
  OK: 973 records (html)
[León 163/211] VALDEFRESNO
  OK: 4473 records (html)
[León 164/211] VALDEFUENTES DEL PÁRAMO
  OK: 792 records (html)
[León 165/211] VALDELUGUEROS
  OK: 1416 records (html)
[León 166/211] VALDEMORA
  OK: 121 records (html)
[León 167/211] VALDEPIÉLAGO
  OK: 786 records (html)
[León 168/211] VALDEPOLO
  OK: 2108 records (html)
[León 169/211] VALDERAS
  OK: 769 records (html)
[León 170/211] VALDERREY
  OK: 1750 records (html)
[León 171/211] VALDERRUEDA
  OK: 1266 records (html)
[León 172/211] VALDESAMARIO
  OK: 221 records (html)
[León 173/211] VALDEVIMBRE
  OK: 1515 records (html)
[León 174/211] VALENCIA DE DON JUAN
  OK: 1371 records (html)
[León 175/211] VALLECILLO
  OK: 747 records (html)
[León 176/211] VALVERDE DE LA VIRGEN
  OK: 3736 records (html)
[León 177/211] VALVERDE-ENRIQUE
  OK: 525 records (html)
[León 178/211] VECILLA (LA)
  OK: 430 records (html)
[León 179/211] VEGA DE ESPINAREDA
  OK: 3457 records (html)
[León 180/211] VEGA DE INFANZONES
  OK: 1334 records (html)
[León 181/211] VEGA DE VALCARCE
  OK: 848 records (html)
[León 182/211] VEGACERVERA
  OK: 975 records (html)
[León 183/211] VEGAQUEMADA
  OK: 1052 records (html)
[León 184/211] VEGAS DEL CONDADO
  OK: 2552 records (html)
[León 185/211] VILLABLINO
  OK: 9518 records (html)
[León 186/211] VILLABRAZ
  OK: 540 records (html)
[León 187/211] VILLADANGOS DEL PÁRAMO
  OK: 1849 records (html)
[León 188/211] VILLADEMOR DE LA VEGA
  OK: 409 records (html)
[León 189/211] VILLAFRANCA DEL BIERZO
  OK: 2581 records (html)
[León 190/211] VILLAGATÓN
  OK: 1781 records (html)
[León 191/211] VILLAMANDOS
  OK: 430 records (html)
[León 192/211] VILLAMANÍN
  OK: 2131 records (html)
[León 193/211] VILLAMAÑÁN
  OK: 2064 records (html)
[León 194/211] VILLAMARTÍN DE DON SANCHO
  OK: 222 records (html)
[León 195/211] VILLAMEJIL
  OK: 911 records (html)
[León 196/211] VILLAMOL
  OK: 614 records (html)
[León 197/211] VILLAMONTÁN DE LA VALDUERNA
  OK: 2962 records (html)
[León 198/211] VILLAMORATIEL DE LAS MATAS
  OK: 278 records (html)
[León 199/211] VILLANUEVA DE LAS MANZANAS
  OK: 1302 records (html)
[León 200/211] VILLAOBISPO DE OTERO
  OK: 1002 records (html)
[León 201/211] VILLAORNATE Y CASTRO
  OK: 242 records (html)
[León 202/211] VILLAQUEJIDA
  OK: 1106 records (html)
[León 203/211] VILLAQUILAMBRE
  OK: 8000 records (html)
[León 204/211] VILLAREJO DE ÓRBIGO
  OK: 1940 records (html)
[León 205/211] VILLARES DE ÓRBIGO
  OK: 1700 records (html)
[León 206/211] VILLASABARIEGO
  OK: 4005 records (html)
[León 207/211] VILLASELÁN
  OK: 41 records (html)
[León 208/211] VILLATURIEL
  OK: 3169 records (html)
[León 209/211] VILLAZALA
  OK: 2276 records (html)
[León 210/211] VILLAZANZO DE VALDERADUEY
  OK: 1265 records (html)
[León 211/211] ZOTES DEL PÁRAMO
  OK: 689 records (html)

[León] DONE! 211/211 completed, 0 failed, 301476 records
