Loaded catalog: 103 municipalities
[Province 29 - Málaga] 0/103 already completed (HTML mode)
[Málaga 1/103] ALAMEDA
  OK: 1108 records (html)
[Málaga 2/103] ALCAUCÍN
  OK: 861 records (html)
[Málaga 3/103] ALFARNATE
  OK: 676 records (html)
[Málaga 4/103] ALFARNATEJO
  OK: 984 records (html)
[Málaga 5/103] ALGARROBO
  OK: 1279 records (html)
[Málaga 6/103] ALGATOCÍN
  OK: 1241 records (html)
[Málaga 7/103] ALHAURÍN DE LA TORRE
  OK: 15725 records (html)
[Málaga 8/103] ALHAURÍN EL GRANDE
  OK: 2695 records (html)
[Málaga 9/103] ALMÁCHAR
  OK: 885 records (html)
[Málaga 10/103] ALMARGEN
  OK: 1111 records (html)
[Málaga 11/103] ALMOGÍA
  OK: 3872 records (html)
[Málaga 12/103] ÁLORA
  OK: 4931 records (html)
[Málaga 13/103] ALOZAINA
  OK: 721 records (html)
[Málaga 14/103] ALPANDEIRE
  OK: 930 records (html)
[Málaga 15/103] ANTEQUERA
  OK: 6931 records (html)
[Málaga 16/103] ÁRCHEZ
  OK: 674 records (html)
[Málaga 17/103] ARCHIDONA
  OK: 2477 records (html)
[Málaga 18/103] ARDALES
  OK: 1174 records (html)
[Málaga 19/103] ARENAS
  OK: 1030 records (html)
[Málaga 20/103] ARRIATE
  OK: 2001 records (html)
[Málaga 21/103] ATAJATE
  OK: 902 records (html)
[Málaga 22/103] BENADALID
  OK: 913 records (html)
[Málaga 23/103] BENAHAVÍS
  OK: 10292 records (html)
[Málaga 24/103] BENALAURÍA
  OK: 1500 records (html)
[Málaga 25/103] BENALMÁDENA
  OK: 5845 records (html)
[Málaga 26/103] BENAMARGOSA
  OK: 936 records (html)
[Málaga 27/103] BENAMOCARRA
  OK: 1185 records (html)
[Málaga 28/103] BENAOJÁN
  OK: 1090 records (html)
[Málaga 29/103] BENARRABÁ
  OK: 629 records (html)
[Málaga 30/103] BORGE (EL)
  OK: 684 records (html)
[Málaga 31/103] BURGO (EL)
  OK: 936 records (html)
[Málaga 32/103] CAMPILLOS
  OK: 1945 records (html)
[Málaga 33/103] CANILLAS DE ACEITUNO
  OK: 975 records (html)
[Málaga 34/103] CANILLAS DE ALBAIDA
  OK: 876 records (html)
[Málaga 35/103] CAÑETE LA REAL
  OK: 2787 records (html)
[Málaga 36/103] CARRATRACA
  OK: 821 records (html)
[Málaga 37/103] CARTAJIMA
  OK: 884 records (html)
[Málaga 38/103] CÁRTAMA
  OK: 4394 records (html)
[Málaga 39/103] CASABERMEJA
  OK: 734 records (html)
[Málaga 40/103] CASARABONELA
  OK: 676 records (html)
[Málaga 41/103] CASARES
  OK: 2435 records (html)
[Málaga 42/103] COÍN
  OK: 3850 records (html)
[Málaga 43/103] COLMENAR
  OK: 670 records (html)
[Málaga 44/103] COMARES
  OK: 1257 records (html)
[Málaga 45/103] CÓMPETA
  OK: 661 records (html)
[Málaga 46/103] CORTES DE LA FRONTERA
  OK: 1770 records (html)
[Málaga 47/103] CUEVAS BAJAS
  OK: 1984 records (html)
[Málaga 48/103] CUEVAS DE SAN MARCOS
  OK: 2323 records (html)
[Málaga 49/103] CUEVAS DEL BECERRO
  OK: 702 records (html)
[Málaga 50/103] CÚTAR
  OK: 1408 records (html)
[Málaga 51/103] ESTEPONA
  OK: 8647 records (html)
[Málaga 52/103] FARAJÁN
  OK: 783 records (html)
[Málaga 53/103] FRIGILIANA
  OK: 1117 records (html)
[Málaga 54/103] FUENGIROLA
  OK: 2357 records (html)
[Málaga 55/103] FUENTE DE PIEDRA
  OK: 1957 records (html)
[Málaga 56/103] GAUCÍN
  OK: 723 records (html)
[Málaga 57/103] GENALGUACIL
  OK: 1017 records (html)
[Málaga 58/103] GUARO
  OK: 733 records (html)
[Málaga 59/103] HUMILLADERO
  OK: 3241 records (html)
[Málaga 60/103] IGUALEJA
  OK: 885 records (html)
[Málaga 61/103] ISTÁN
  OK: 1611 records (html)
[Málaga 62/103] IZNATE
  OK: 908 records (html)
[Málaga 63/103] JIMERA DE LÍBAR
  OK: 964 records (html)
[Málaga 64/103] JUBRIQUE
  OK: 1007 records (html)
[Málaga 65/103] JÚZCAR
  OK: 910 records (html)
[Málaga 66/103] MACHARAVIAYA
  OK: 1984 records (html)
[Málaga 67/103] MÁLAGA
  OK: 7015 records (html)
[Málaga 68/103] MANILVA
  OK: 1324 records (html)
[Málaga 69/103] MARBELLA
