Loaded catalog: 288 municipalities
[Province 19 - Guadalajara] 0/288 already completed (HTML mode)
[Guadalajara 1/288] ABÁNADES
  OK: 76 records (html)
[Guadalajara 2/288] ABLANQUE
  OK: 30 records (html)
[Guadalajara 3/288] ADOBES
  OK: no data
[Guadalajara 4/288] ALAMINOS
  OK: 117 records (html)
[Guadalajara 5/288] ALARILLA
  OK: 111 records (html)
[Guadalajara 6/288] ALBALATE DE ZORITA
  OK: 486 records (html)
[Guadalajara 7/288] ALBARES
  OK: 74 records (html)
[Guadalajara 8/288] ALBENDIEGO
  OK: no data
[Guadalajara 9/288] ALCOCER
  OK: 136 records (html)
[Guadalajara 10/288] ALCOLEA DE LAS PEÑAS
  OK: no data
[Guadalajara 11/288] ALCOLEA DEL PINAR
  OK: 70 records (html)
[Guadalajara 12/288] ALCOROCHES
  OK: 20 records (html)
[Guadalajara 13/288] ALDEANUEVA DE GUADALAJARA
  OK: 59 records (html)
[Guadalajara 14/288] ALGAR DE MESA
  OK: no data
[Guadalajara 15/288] ALGORA
  OK: 76 records (html)
[Guadalajara 16/288] ALHÓNDIGA
  OK: 55 records (html)
[Guadalajara 17/288] ALIQUE
  OK: 33 records (html)
[Guadalajara 18/288] ALMADRONES
  OK: 113 records (html)
[Guadalajara 19/288] ALMOGUERA
  OK: 74 records (html)
[Guadalajara 20/288] ALMONACID DE ZORITA
  OK: 87 records (html)
[Guadalajara 21/288] ALOCÉN
  OK: 115 records (html)
[Guadalajara 22/288] ALOVERA
  OK: 1353 records (html)
[Guadalajara 23/288] ALUSTANTE
  OK: 510 records (html)
[Guadalajara 24/288] ANGÓN
  OK: no data
[Guadalajara 25/288] ANGUITA
  OK: 299 records (html)
[Guadalajara 26/288] ANQUELA DEL DUCADO
  OK: no data
[Guadalajara 27/288] ANQUELA DEL PEDREGAL
  OK: no data
[Guadalajara 28/288] ARANZUEQUE
  OK: 45 records (html)
[Guadalajara 29/288] ARBANCÓN
  OK: no data
[Guadalajara 30/288] ARBETETA
  OK: no data
[Guadalajara 31/288] ARGECILLA
  OK: 221 records (html)
[Guadalajara 32/288] ARMALLONES
  OK: no data
[Guadalajara 33/288] ARMUÑA DE TAJUÑA
  OK: 219 records (html)
[Guadalajara 34/288] ARROYO DE LAS FRAGUAS
  OK: no data
[Guadalajara 35/288] ATANZÓN
  OK: 277 records (html)
[Guadalajara 36/288] ATIENZA
  OK: 114 records (html)
[Guadalajara 37/288] AUÑÓN
  OK: 268 records (html)
[Guadalajara 38/288] AZUQUECA DE HENARES
  OK: 2661 records (html)
[Guadalajara 39/288] BAIDES
  OK: 70 records (html)
[Guadalajara 40/288] BAÑOS DE TAJO
  OK: no data
[Guadalajara 41/288] BAÑUELOS
  OK: 95 records (html)
[Guadalajara 42/288] BARRIOPEDRO
  OK: no data
[Guadalajara 43/288] BERNINCHES
  OK: 117 records (html)
[Guadalajara 44/288] BODERA (LA)
  OK: no data
[Guadalajara 45/288] BRIHUEGA
  OK: 604 records (html)
[Guadalajara 46/288] BUDIA
  OK: 349 records (html)
[Guadalajara 47/288] BUJALARO
  OK: 20 records (html)
[Guadalajara 48/288] BUSTARES
  OK: 121 records (html)
[Guadalajara 49/288] CABANILLAS DEL CAMPO
  OK: 1604 records (html)
[Guadalajara 50/288] CAMPILLO DE DUEÑAS
  OK: no data
[Guadalajara 51/288] CAMPILLO DE RANAS
  OK: 44 records (html)
[Guadalajara 52/288] CAMPISÁBALOS
  OK: 122 records (html)
[Guadalajara 53/288] CANREDONDO
  OK: 85 records (html)
[Guadalajara 54/288] CANTALOJAS
  OK: 33 records (html)
[Guadalajara 55/288] CAÑIZAR
  OK: 66 records (html)
[Guadalajara 56/288] CARDOSO DE LA SIERRA (EL)
  OK: no data
[Guadalajara 57/288] CASA DE UCEDA
  OK: 43 records (html)
[Guadalajara 58/288] CASAR (EL)
  OK: 969 records (html)
[Guadalajara 59/288] CASAS DE SAN GALINDO
  OK: 40 records (html)
[Guadalajara 60/288] CASPUEÑAS
  OK: 110 records (html)
[Guadalajara 61/288] CASTEJÓN DE HENARES
  OK: 133 records (html)
[Guadalajara 62/288] CASTELLAR DE LA MUELA
  OK: no data
[Guadalajara 63/288] CASTILFORTE
  OK: 87 records (html)
[Guadalajara 64/288] CASTILNUEVO
  OK: no data
[Guadalajara 65/288] CENDEJAS DE ENMEDIO
  OK: no data
[Guadalajara 66/288] CENDEJAS DE LA TORRE
  OK: no data
[Guadalajara 67/288] CENTENERA
  OK: 135 records (html)
[Guadalajara 68/288] CHECA
  OK: no data
[Guadalajara 69/288] CHEQUILLA
  OK: no data
[Guadalajara 70/288] CHILLARÓN DEL REY
  OK: 40 records (html)
[Guadalajara 71/288] CHILOECHES
  OK: 933 records (html)
[Guadalajara 72/288] CIFUENTES
  OK: 163 records (html)
[Guadalajara 73/288] CINCOVILLAS
  OK: 39 records (html)
[Guadalajara 74/288] CIRUELAS
  OK: 180 records (html)
[Guadalajara 75/288] CIRUELOS DEL PINAR
  OK: no data
[Guadalajara 76/288] COBETA
  OK: 118 records (html)
[Guadalajara 77/288] COGOLLOR
  OK: no data
[Guadalajara 78/288] COGOLLUDO
  OK: 92 records (html)
[Guadalajara 79/288] CONDEMIOS DE ABAJO
  OK: 117 records (html)
[Guadalajara 80/288] CONDEMIOS DE ARRIBA
  OK: 115 records (html)
[Guadalajara 81/288] CONGOSTRINA
  OK: no data
[Guadalajara 82/288] COPERNAL
  OK: 20 records (html)
[Guadalajara 83/288] CORDUENTE
  OK: 57 records (html)
[Guadalajara 84/288] CUBILLO DE UCEDA (EL)
  OK: 200 records (html)
[Guadalajara 85/288] DRIEBES
  OK: 74 records (html)
[Guadalajara 86/288] DURÓN
  OK: 35 records (html)
[Guadalajara 87/288] EMBID
  OK: no data
[Guadalajara 88/288] ESCAMILLA
  OK: 163 records (html)
[Guadalajara 89/288] ESCARICHE
  OK: 90 records (html)
[Guadalajara 90/288] ESCOPETE
  OK: 75 records (html)
[Guadalajara 91/288] ESPINOSA DE HENARES
  OK: 61 records (html)
[Guadalajara 92/288] ESPLEGARES
  OK: no data
[Guadalajara 93/288] ESTABLÉS
  OK: 226 records (html)
[Guadalajara 94/288] ESTRIÉGANA
  OK: no data
[Guadalajara 95/288] FONTANAR
  OK: no data
[Guadalajara 96/288] FUEMBELLIDA
  OK: no data
[Guadalajara 97/288] FUENCEMILLÁN
  OK: 84 records (html)
[Guadalajara 98/288] FUENTELAHIGUERA DE ALBATAGES
  OK: 45 records (html)
[Guadalajara 99/288] FUENTELENCINA
  OK: 47 records (html)
[Guadalajara 100/288] FUENTELSAZ
  OK: 81 records (html)
[Guadalajara 101/288] FUENTELVIEJO
  OK: 43 records (html)
[Guadalajara 102/288] FUENTENOVILLA
  OK: 90 records (html)
[Guadalajara 103/288] GAJANEJOS
  OK: no data
[Guadalajara 104/288] GALÁPAGOS
  OK: 240 records (html)
[Guadalajara 105/288] GALVE DE SORBE
  OK: 106 records (html)
[Guadalajara 106/288] GASCUEÑA DE BORNOVA
  OK: no data
[Guadalajara 107/288] GUADALAJARA
  OK: 8444 records (html)
[Guadalajara 108/288] HENCHE
  OK: 41 records (html)
[Guadalajara 109/288] HERAS DE AYUSO
  OK: 82 records (html)
[Guadalajara 110/288] HERRERÍA
  OK: 10 records (html)
[Guadalajara 111/288] HIENDELAENCINA
  OK: 116 records (html)
[Guadalajara 112/288] HIJES
  OK: 94 records (html)
[Guadalajara 113/288] HITA
  OK: 349 records (html)
[Guadalajara 114/288] HOMBRADOS
  OK: no data
[Guadalajara 115/288] HONTOBA
  OK: 105 records (html)
[Guadalajara 116/288] HORCHE
  OK: 133 records (html)
[Guadalajara 117/288] HORTEZUELA DE OCÉN
  OK: no data
[Guadalajara 118/288] HUERCE (LA)
  OK: 103 records (html)
[Guadalajara 119/288] HUÉRMECES DEL CERRO
  OK: no data
[Guadalajara 120/288] HUERTAHERNANDO
  OK: 30 records (html)
[Guadalajara 121/288] HUEVA
  OK: no data
[Guadalajara 122/288] HUMANES
  OK: no data
[Guadalajara 123/288] ILLANA
  OK: 115 records (html)
[Guadalajara 124/288] INIÉSTOLA
  OK: no data
[Guadalajara 125/288] INVIERNAS (LAS)
  OK: 122 records (html)
[Guadalajara 126/288] IRUESTE
  OK: 58 records (html)
[Guadalajara 127/288] JADRAQUE
  OK: 251 records (html)
[Guadalajara 128/288] JIRUEQUE
  OK: 71 records (html)
[Guadalajara 129/288] LEDANCA
  OK: 271 records (html)
[Guadalajara 130/288] LORANCA DE TAJUÑA
  OK: 117 records (html)
[Guadalajara 131/288] LUPIANA
  OK: 24 records (html)
[Guadalajara 132/288] LUZAGA
  OK: 120 records (html)
[Guadalajara 133/288] LUZÓN
  OK: no data
[Guadalajara 134/288] MAJAELRAYO
  OK: 112 records (html)
[Guadalajara 135/288] MÁLAGA DEL FRESNO
  OK: no data
[Guadalajara 136/288] MALAGUILLA
  OK: 59 records (html)
[Guadalajara 137/288] MANDAYONA
  OK: no data
[Guadalajara 138/288] MANTIEL
  OK: 123 records (html)
[Guadalajara 139/288] MARANCHÓN
  OK: 561 records (html)
[Guadalajara 140/288] MARCHAMALO
  OK: 89 records (html)
[Guadalajara 141/288] MASEGOSO DE TAJUÑA
  OK: no data
[Guadalajara 142/288] MATARRUBIA
  OK: no data
[Guadalajara 143/288] MATILLAS
  OK: 139 records (html)
[Guadalajara 144/288] MAZARETE
  OK: 182 records (html)
[Guadalajara 145/288] MAZUECOS
  OK: 60 records (html)
[Guadalajara 146/288] MEDRANDA
  OK: 91 records (html)
[Guadalajara 147/288] MEGINA
  OK: no data
[Guadalajara 148/288] MEMBRILLERA
  OK: 129 records (html)
[Guadalajara 149/288] MIEDES DE ATIENZA
  OK: 110 records (html)
[Guadalajara 150/288] MIERLA (LA)
  OK: 85 records (html)
[Guadalajara 151/288] MILLANA
  OK: 32 records (html)
[Guadalajara 152/288] MILMARCOS
  OK: 66 records (html)
[Guadalajara 153/288] MIÑOSA (LA)
  OK: 106 records (html)
[Guadalajara 154/288] MIRABUENO
  OK: 112 records (html)
[Guadalajara 155/288] MIRALRÍO
  OK: 107 records (html)
[Guadalajara 156/288] MOCHALES
  OK: 10 records (html)
[Guadalajara 157/288] MOHERNANDO
  OK: 10 records (html)
[Guadalajara 158/288] MOLINA DE ARAGÓN
  OK: 42 records (html)
[Guadalajara 159/288] MONASTERIO
  OK: no data
[Guadalajara 160/288] MONDÉJAR
  OK: no data
[Guadalajara 161/288] MONTARRÓN
  OK: 50 records (html)
[Guadalajara 162/288] MORATILLA DE LOS MELEROS
  OK: no data
[Guadalajara 163/288] MORENILLA
  OK: no data
[Guadalajara 164/288] MUDUEX
  OK: 135 records (html)
[Guadalajara 165/288] NAVAS DE JADRAQUE (LAS)
  OK: 94 records (html)
[Guadalajara 166/288] NEGREDO
  OK: no data
[Guadalajara 167/288] OCENTEJO
  OK: no data
[Guadalajara 168/288] OLIVAR (EL)
  OK: 81 records (html)
[Guadalajara 169/288] OLMEDA DE COBETA
  OK: 30 records (html)
[Guadalajara 170/288] OLMEDA DE JADRAQUE (LA)
  OK: 70 records (html)
[Guadalajara 171/288] ORDIAL (EL)
  OK: no data
[Guadalajara 172/288] OREA
  OK: 116 records (html)
[Guadalajara 173/288] PÁLMACES DE JADRAQUE
  OK: no data
[Guadalajara 174/288] PARDOS
  OK: 10 records (html)
[Guadalajara 175/288] PAREDES DE SIGÜENZA
  OK: no data
[Guadalajara 176/288] PAREJA
  OK: 260 records (html)
[Guadalajara 177/288] PASTRANA
  OK: no data
[Guadalajara 178/288] PEDREGAL (EL)
  OK: no data
[Guadalajara 179/288] PEÑALÉN
  OK: 10 records (html)
[Guadalajara 180/288] PEÑALVER
  OK: 23 records (html)
[Guadalajara 181/288] PERALEJOS DE LAS TRUCHAS
  OK: no data
[Guadalajara 182/288] PERALVECHE
  OK: no data
[Guadalajara 183/288] PINILLA DE JADRAQUE
  OK: no data
[Guadalajara 184/288] PINILLA DE MOLINA
  OK: 10 records (html)
[Guadalajara 185/288] PIOZ
  OK: 884 records (html)
[Guadalajara 186/288] PIQUERAS
  OK: no data
[Guadalajara 187/288] POBO DE DUEÑAS (EL)
  OK: no data
[Guadalajara 188/288] POVEDA DE LA SIERRA
  OK: 20 records (html)
[Guadalajara 189/288] POZO DE ALMOGUERA
  OK: 90 records (html)
[Guadalajara 190/288] POZO DE GUADALAJARA
  OK: no data
[Guadalajara 191/288] PRÁDENA DE ATIENZA
  OK: 33 records (html)
[Guadalajara 192/288] PRADOS REDONDOS
  OK: no data
[Guadalajara 193/288] PUEBLA DE BELEÑA
  OK: 79 records (html)
[Guadalajara 194/288] PUEBLA DE VALLES
  OK: no data
[Guadalajara 195/288] QUER
  OK: no data
[Guadalajara 196/288] REBOLLOSA DE JADRAQUE
  OK: no data
[Guadalajara 197/288] RECUENCO (EL)
  OK: 33 records (html)
[Guadalajara 198/288] RENERA
  OK: 160 records (html)
[Guadalajara 199/288] RETIENDAS
  OK: 33 records (html)
[Guadalajara 200/288] RIBA DE SAELICES
  OK: 20 records (html)
[Guadalajara 201/288] RILLO DE GALLO
  OK: no data
[Guadalajara 202/288] RIOFRÍO DEL LLANO
  OK: no data
[Guadalajara 203/288] ROBLEDILLO DE MOHERNANDO
  OK: 73 records (html)
[Guadalajara 204/288] ROBLEDO DE CORPES
  OK: 10 records (html)
[Guadalajara 205/288] ROMANILLOS DE ATIENZA
  OK: 108 records (html)
[Guadalajara 206/288] ROMANONES
  OK: 112 records (html)
[Guadalajara 207/288] RUEDA DE LA SIERRA
  OK: no data
[Guadalajara 208/288] SACECORBO
  OK: 21 records (html)
[Guadalajara 209/288] SACEDÓN
  OK: 190 records (html)
[Guadalajara 210/288] SAELICES DE LA SAL
  OK: no data
[Guadalajara 211/288] SALMERÓN
  OK: 136 records (html)
[Guadalajara 212/288] SAN ANDRÉS DEL CONGOSTO
  OK: no data
[Guadalajara 213/288] SAN ANDRÉS DEL REY
  OK: 36 records (html)
[Guadalajara 214/288] SANTIUSTE
  OK: no data
[Guadalajara 215/288] SAÚCA
  OK: no data
[Guadalajara 216/288] SAYATÓN
  OK: 72 records (html)
[Guadalajara 217/288] SELAS
  OK: 10 records (html)
[Guadalajara 218/288] SEMILLAS
  OK: 84 records (html)
[Guadalajara 219/288] SETILES
  OK: no data
[Guadalajara 220/288] SIENES
  OK: 56 records (html)
[Guadalajara 221/288] SIGÜENZA
  OK: 282 records (html)
[Guadalajara 222/288] SOLANILLOS DEL EXTREMO
  OK: 269 records (html)
[Guadalajara 223/288] SOMOLINOS
  OK: 112 records (html)
[Guadalajara 224/288] SOTILLO (EL)
  OK: 10 records (html)
[Guadalajara 225/288] SOTODOSOS
  OK: no data
[Guadalajara 226/288] TAMAJÓN
  OK: 443 records (html)
[Guadalajara 227/288] TARAGUDO
  OK: 21 records (html)
[Guadalajara 228/288] TARAVILLA
  OK: no data
[Guadalajara 229/288] TARTANEDO
  OK: 277 records (html)
[Guadalajara 230/288] TENDILLA
  OK: 56 records (html)
[Guadalajara 231/288] TERZAGA
  OK: 10 records (html)
[Guadalajara 232/288] TIERZO
  OK: no data
[Guadalajara 233/288] TOBA (LA)
  OK: 137 records (html)
[Guadalajara 234/288] TORDELLEGO
  OK: no data
[Guadalajara 235/288] TORDELRÁBANO
  OK: 10 records (html)
[Guadalajara 236/288] TORDESILOS
  OK: no data
[Guadalajara 237/288] TORIJA
  OK: 138 records (html)
[Guadalajara 238/288] TORRE DEL BURGO
  OK: 70 records (html)
[Guadalajara 239/288] TORRECUADRADA DE MOLINA
  OK: no data
[Guadalajara 240/288] TORRECUADRADILLA
  OK: 48 records (html)
[Guadalajara 241/288] TORREJÓN DEL REY
  OK: 203 records (html)
[Guadalajara 242/288] TORREMOCHA DE JADRAQUE
  OK: no data
[Guadalajara 243/288] TORREMOCHA DEL CAMPO
  OK: 205 records (html)
[Guadalajara 244/288] TORREMOCHA DEL PINAR
  OK: 120 records (html)
[Guadalajara 245/288] TORREMOCHUELA
  OK: no data
[Guadalajara 246/288] TORRUBIA
  OK: no data
[Guadalajara 247/288] TÓRTOLA DE HENARES
  OK: 100 records (html)
[Guadalajara 248/288] TORTUERA
  OK: 53 records (html)
[Guadalajara 249/288] TORTUERO
  OK: no data
[Guadalajara 250/288] TRAÍD
  OK: no data
[Guadalajara 251/288] TRIJUEQUE
  OK: 347 records (html)
[Guadalajara 252/288] TRILLO
  OK: 756 records (html)
[Guadalajara 253/288] UCEDA
  OK: 938 records (html)
[Guadalajara 254/288] UJADOS
  OK: no data
[Guadalajara 255/288] UTANDE
  OK: 96 records (html)
[Guadalajara 256/288] VALDARACHAS
  OK: no data
[Guadalajara 257/288] VALDEARENAS
  OK: 108 records (html)
[Guadalajara 258/288] VALDEAVELLANO
  OK: no data
[Guadalajara 259/288] VALDEAVERUELO
  OK: 536 records (html)
[Guadalajara 260/288] VALDECONCHA
  OK: 85 records (html)
[Guadalajara 261/288] VALDEGRUDAS
  OK: 138 records (html)
[Guadalajara 262/288] VALDELCUBO
  OK: no data
[Guadalajara 263/288] VALDENUÑO FERNÁNDEZ
  OK: 269 records (html)
[Guadalajara 264/288] VALDEPEÑAS DE LA SIERRA
  OK: 60 records (html)
[Guadalajara 265/288] VALDERREBOLLO
  OK: no data
[Guadalajara 266/288] VALDESOTOS
  OK: 10 records (html)
[Guadalajara 267/288] VALFERMOSO DE TAJUÑA
  OK: 323 records (html)
[Guadalajara 268/288] VALHERMOSO
  OK: no data
[Guadalajara 269/288] VALTABLADO DEL RÍO
  OK: no data
[Guadalajara 270/288] VALVERDE DE LOS ARROYOS
  OK: 219 records (html)
[Guadalajara 271/288] VIANA DE JADRAQUE
  OK: no data
[Guadalajara 272/288] VILLANUEVA DE ALCORÓN
  OK: 54 records (html)
[Guadalajara 273/288] VILLANUEVA DE ARGECILLA
  OK: 30 records (html)
[Guadalajara 274/288] VILLANUEVA DE LA TORRE
  OK: no data
[Guadalajara 275/288] VILLARES DE JADRAQUE
  OK: no data
[Guadalajara 276/288] VILLASECA DE HENARES
  OK: no data
[Guadalajara 277/288] VILLASECA DE UCEDA
  OK: 33 records (html)
[Guadalajara 278/288] VILLEL DE MESA
  OK: 90 records (html)
[Guadalajara 279/288] VIÑUELAS
  OK: 10 records (html)
[Guadalajara 280/288] YEBES
  OK: 1343 records (html)
[Guadalajara 281/288] YEBRA
  OK: 61 records (html)
[Guadalajara 282/288] YÉLAMOS DE ABAJO
  OK: no data
[Guadalajara 283/288] YÉLAMOS DE ARRIBA
  OK: 46 records (html)
[Guadalajara 284/288] YUNQUERA DE HENARES
  OK: 602 records (html)
[Guadalajara 285/288] YUNTA (LA)
  OK: no data
[Guadalajara 286/288] ZAOREJAS
  OK: 109 records (html)
[Guadalajara 287/288] ZARZUELA DE JADRAQUE
  OK: 53 records (html)
[Guadalajara 288/288] ZORITA DE LOS CANES
  OK: 87 records (html)

[Guadalajara] DONE! 288/288 completed, 0 failed, 41077 records
