Loaded catalog: 231 municipalities
[Province 25 - Lleida] 0/231 already completed (HTML mode)
[Lleida 1/231] ABELLA DE LA CONCA
  OK: 1053 records (html)
[Lleida 2/231] ÀGER
  OK: 2166 records (html)
[Lleida 3/231] AGRAMUNT
  OK: 2410 records (html)
[Lleida 4/231] AITONA
  OK: 765 records (html)
[Lleida 5/231] ALAMÚS (ELS)
  OK: 798 records (html)
[Lleida 6/231] ALÀS I CERC
  OK: 2733 records (html)
[Lleida 7/231] ALBAGÉS (L')
  OK: 337 records (html)
[Lleida 8/231] ALBATÀRREC
  OK: 1158 records (html)
[Lleida 9/231] ALBESA
  OK: 749 records (html)
[Lleida 10/231] ALBI (L')
  OK: 740 records (html)
[Lleida 11/231] ALCANÓ
  OK: 512 records (html)
[Lleida 12/231] ALCARRÀS
  OK: 1193 records (html)
[Lleida 13/231] ALCOLETGE
  OK: 1164 records (html)
[Lleida 14/231] ALFARRÀS
  OK: 783 records (html)
[Lleida 15/231] ALFÉS
  OK: 555 records (html)
[Lleida 16/231] ALGERRI
  OK: 685 records (html)
[Lleida 17/231] ALGUAIRE
  OK: 756 records (html)
[Lleida 18/231] ALINS
  OK: 1447 records (html)
[Lleida 19/231] ALMACELLES
  OK: 1209 records (html)
[Lleida 20/231] ALMATRET
  OK: 771 records (html)
[Lleida 21/231] ALMENAR
  OK: 1967 records (html)
[Lleida 22/231] ALÒS DE BALAGUER
  OK: 397 records (html)
[Lleida 23/231] ALPICAT
  OK: 984 records (html)
[Lleida 24/231] ALT ÀNEU
  OK: 2396 records (html)
[Lleida 25/231] ANGLESOLA
  OK: 750 records (html)
[Lleida 26/231] ARBECA
  OK: 758 records (html)
[Lleida 27/231] ARRES
  OK: 317 records (html)
[Lleida 28/231] ARSÈGUEL
  OK: 401 records (html)
[Lleida 29/231] ARTESA DE LLEIDA
  OK: 756 records (html)
[Lleida 30/231] ARTESA DE SEGRE
  OK: 4181 records (html)
[Lleida 31/231] ASPA
  OK: 503 records (html)
[Lleida 32/231] AVELLANES I SANTA LINYA (LES)
  OK: 1278 records (html)
[Lleida 33/231] BAIX PALLARS
  OK: 1678 records (html)
[Lleida 34/231] BALAGUER
  OK: 409 records (html)
[Lleida 35/231] BARBENS
  OK: 744 records (html)
[Lleida 36/231] BARONIA DE RIALB (LA)
  OK: 1059 records (html)
[Lleida 37/231] BASSELLA
  OK: 1454 records (html)
[Lleida 38/231] BAUSEN
  OK: 265 records (html)
[Lleida 39/231] BELIANES
  OK: 744 records (html)
[Lleida 40/231] BELLAGUARDA
  OK: 389 records (html)
[Lleida 41/231] BELLCAIRE D'URGELL
  OK: 741 records (html)
[Lleida 42/231] BELL-LLOC D'URGELL
  OK: 1196 records (html)
[Lleida 43/231] BELLMUNT D'URGELL
  OK: 405 records (html)
[Lleida 44/231] BELLPUIG
  OK: 983 records (html)
[Lleida 45/231] BELLVER DE CERDANYA
  OK: 5546 records (html)
[Lleida 46/231] BELLVÍS
  OK: 1081 records (html)
[Lleida 47/231] BENAVENT DE SEGRIÀ
  OK: 816 records (html)
[Lleida 48/231] BIOSCA
  OK: 580 records (html)
[Lleida 49/231] BÒRDES (ES)
  OK: 1639 records (html)
[Lleida 50/231] BORGES BLANQUES (LES)
  OK: 1180 records (html)
[Lleida 51/231] BOSSÒST
  OK: 707 records (html)
[Lleida 52/231] BOVERA
  OK: 325 records (html)
[Lleida 53/231] CABANABONA
  OK: no data
[Lleida 54/231] CABÓ
  OK: 349 records (html)
[Lleida 55/231] CAMARASA
  OK: 1891 records (html)
[Lleida 56/231] CANEJAN
  OK: 453 records (html)
[Lleida 57/231] CASTELL DE MUR
  OK: 996 records (html)
[Lleida 58/231] CASTELLAR DE LA RIBERA
  OK: 581 records (html)
[Lleida 59/231] CASTELLDANS
  OK: 754 records (html)
[Lleida 60/231] CASTELLNOU DE SEANA
  OK: 343 records (html)
[Lleida 61/231] CASTELLÓ DE FARFANYA
  OK: 758 records (html)
[Lleida 62/231] CASTELLSERÀ
  OK: 735 records (html)
[Lleida 63/231] CAVA
  OK: 444 records (html)
[Lleida 64/231] CERVERA
  OK: 2299 records (html)
[Lleida 65/231] CERVIÀ DE LES GARRIGUES
  OK: 744 records (html)
[Lleida 66/231] CIUTADILLA
  OK: 320 records (html)
[Lleida 67/231] CLARIANA DE CARDENER
  OK: no data
[Lleida 68/231] COGUL (EL)
  OK: 394 records (html)
[Lleida 69/231] COLL DE NARGÓ
  OK: 1370 records (html)
[Lleida 70/231] COMA I LA PEDRA (LA)
  OK: 939 records (html)
[Lleida 71/231] CONCA DE DALT
  OK: 3711 records (html)
[Lleida 72/231] CORBINS
  OK: 751 records (html)
[Lleida 73/231] CUBELLS
  OK: 1532 records (html)
[Lleida 74/231] ESPLUGA CALBA (L')
  OK: 396 records (html)
[Lleida 75/231] ESPOT
  OK: 726 records (html)
[Lleida 76/231] ESTAMARIU
  OK: 459 records (html)
[Lleida 77/231] ESTARÀS
  OK: 1080 records (html)
[Lleida 78/231] ESTERRI D'ÀNEU
  OK: 762 records (html)
[Lleida 79/231] ESTERRI DE CARDÓS
  OK: 803 records (html)
[Lleida 80/231] FARRERA
  OK: 904 records (html)
[Lleida 81/231] FÍGOLS I ALINYÀ
  OK: 1372 records (html)
[Lleida 82/231] FLORESTA (LA)
  OK: 397 records (html)
[Lleida 83/231] FONDARELLA
  OK: 749 records (html)
[Lleida 84/231] FORADADA
  OK: 1567 records (html)
[Lleida 85/231] FULIOLA (LA)
  OK: 1033 records (html)
[Lleida 86/231] FULLEDA
  OK: 396 records (html)
[Lleida 87/231] GAVET DE LA CONCA
  OK: 2418 records (html)
[Lleida 88/231] GIMENELLS I EL PLA DE LA FONT
  OK: 803 records (html)
[Lleida 89/231] GOLMÉS
  OK: 746 records (html)
[Lleida 90/231] GÓSOL
  OK: 765 records (html)
[Lleida 91/231] GRANADELLA (LA)
  OK: 379 records (html)
[Lleida 92/231] GRANJA D'ESCARP (LA)
  OK: 882 records (html)
[Lleida 93/231] GRANYANELLA
  OK: 1243 records (html)
[Lleida 94/231] GRANYENA DE LES GARRIGUES
  OK: 396 records (html)
[Lleida 95/231] GRANYENA DE SEGARRA
  OK: 390 records (html)
[Lleida 96/231] GUIMERÀ
  OK: 696 records (html)
[Lleida 97/231] GUINGUETA D'ÀNEU (LA)
  OK: 3737 records (html)
[Lleida 98/231] GUISSONA
  OK: 1105 records (html)
[Lleida 99/231] GUIXERS
  OK: 1111 records (html)
[Lleida 100/231] ISONA I CONCA DELLÀ
  OK: 3023 records (html)
[Lleida 101/231] IVARS DE NOGUERA
  OK: 643 records (html)
[Lleida 102/231] IVARS D'URGELL
  OK: 1178 records (html)
[Lleida 103/231] IVORRA
  OK: 876 records (html)
[Lleida 104/231] JOSA I TUIXÉN
  OK: 611 records (html)
[Lleida 105/231] JUNCOSA
  OK: 895 records (html)
[Lleida 106/231] JUNEDA
  OK: 1174 records (html)
[Lleida 107/231] LES
  OK: 751 records (html)
[Lleida 108/231] LINYOLA
  OK: 750 records (html)
[Lleida 109/231] LLADORRE
  OK: 1611 records (html)
[Lleida 110/231] LLADURS
  OK: 704 records (html)
[Lleida 111/231] LLARDECANS
  OK: 458 records (html)
[Lleida 112/231] LLAVORSÍ
  OK: 1886 records (html)
[Lleida 113/231] LLEIDA
  OK: 4206 records (html)
[Lleida 114/231] LLES DE CERDANYA
  OK: 1592 records (html)
[Lleida 115/231] LLIMIANA
  OK: 510 records (html)
[Lleida 116/231] LLOBERA
  OK: no data
[Lleida 117/231] MAIALS
  OK: 996 records (html)
[Lleida 118/231] MALDÀ
  OK: 554 records (html)
[Lleida 119/231] MASSALCOREIG
  OK: 775 records (html)
[Lleida 120/231] MASSOTERES
  OK: 817 records (html)
[Lleida 121/231] MENÀRGUENS
  OK: 743 records (html)
[Lleida 122/231] MIRALCAMP
  OK: 744 records (html)
[Lleida 123/231] MOLLERUSSA
  OK: 1907 records (html)
[Lleida 124/231] MOLSOSA (LA)
  OK: no data
[Lleida 125/231] MONTELLÀ I MARTINET
  OK: 1467 records (html)
[Lleida 126/231] MONTFERRER I CASTELLBÒ
  OK: 3139 records (html)
[Lleida 127/231] MONTGAI
  OK: 803 records (html)
[Lleida 128/231] MONTOLIU DE LLEIDA
  OK: 760 records (html)
[Lleida 129/231] MONTOLIU DE SEGARRA
  OK: 1178 records (html)
[Lleida 130/231] MONTORNÈS DE SEGARRA
  OK: 495 records (html)
[Lleida 131/231] NALEC
  OK: 462 records (html)
[Lleida 132/231] NAUT ARAN
  OK: 5356 records (html)
[Lleida 133/231] NAVÈS
  OK: 835 records (html)
[Lleida 134/231] ODÈN
  OK: 659 records (html)
[Lleida 135/231] OLIANA
  OK: 982 records (html)
[Lleida 136/231] OLIOLA
  OK: no data
[Lleida 137/231] OLIUS
  OK: no data
[Lleida 138/231] OLUGES (LES)
  OK: 984 records (html)
[Lleida 139/231] OMELLONS (ELS)
  OK: 396 records (html)
[Lleida 140/231] OMELLS DE NA GAIA (ELS)
  OK: 393 records (html)
[Lleida 141/231] ORGANYÀ
  OK: 862 records (html)
[Lleida 142/231] OS DE BALAGUER
  OK: 1244 records (html)
[Lleida 143/231] OSSÓ DE SIÓ
  OK: 1167 records (html)
[Lleida 144/231] PALAU D'ANGLESOLA (EL)
  OK: 763 records (html)
[Lleida 145/231] PENELLES
  OK: 597 records (html)
[Lleida 146/231] PERAMOLA
  OK: 880 records (html)
[Lleida 147/231] PINELL DE SOLSONÈS
  OK: no data
[Lleida 148/231] PINÓS
  OK: 158 records (html)
[Lleida 149/231] PLANS DE SIÓ (ELS)
  OK: 2985 records (html)
[Lleida 150/231] POAL (EL)
  OK: 748 records (html)
[Lleida 151/231] POBLA DE CÉRVOLES (LA)
  OK: 401 records (html)
[Lleida 152/231] POBLA DE SEGUR (LA)
  OK: 1762 records (html)
[Lleida 153/231] PONT DE BAR (EL)
  OK: 3300 records (html)
[Lleida 154/231] PONT DE SUERT (EL)
  OK: 4865 records (html)
[Lleida 155/231] PONTS
  OK: 3537 records (html)
[Lleida 156/231] PORTELLA (LA)
  OK: 752 records (html)
[Lleida 157/231] PRATS I SANSOR
  OK: 3128 records (html)
[Lleida 158/231] PREIXANA
  OK: 403 records (html)
[Lleida 159/231] PREIXENS
  OK: 1688 records (html)
[Lleida 160/231] PRULLANS
  OK: 1108 records (html)
[Lleida 161/231] PUIGGRÒS
  OK: 400 records (html)
[Lleida 162/231] PUIGVERD D'AGRAMUNT
  OK: 966 records (html)
[Lleida 163/231] PUIGVERD DE LLEIDA
  OK: 711 records (html)
[Lleida 164/231] RIALP
  OK: 2618 records (html)
[Lleida 165/231] RIBERA D'ONDARA
  OK: 1683 records (html)
[Lleida 166/231] RIBERA D'URGELLET
  OK: 2888 records (html)
[Lleida 167/231] RINER
  OK: no data
[Lleida 168/231] RIU DE CERDANYA
  OK: 400 records (html)
[Lleida 169/231] ROSSELLÓ
  OK: 1125 records (html)
[Lleida 170/231] SALÀS DE PALLARS
  OK: 205 records (html)
[Lleida 171/231] SANAÜJA
  OK: 1114 records (html)
[Lleida 172/231] SANT ESTEVE DE LA SARGA
  OK: 2321 records (html)
[Lleida 173/231] SANT GUIM DE FREIXENET
  OK: 945 records (html)
[Lleida 174/231] SANT GUIM DE LA PLANA
  OK: 852 records (html)
[Lleida 175/231] SANT LLORENÇ DE MORUNYS
  OK: 384 records (html)
[Lleida 176/231] SANT MARTÍ DE RIUCORB
  OK: 1314 records (html)
[Lleida 177/231] SANT RAMON
  OK: 1204 records (html)
[Lleida 178/231] SARROCA DE BELLERA
  OK: 2084 records (html)
[Lleida 179/231] SARROCA DE LLEIDA
  OK: 391 records (html)
[Lleida 180/231] SENTERADA
  OK: 1051 records (html)
[Lleida 181/231] SENTIU DE SIÓ (LA)
  OK: 661 records (html)
[Lleida 182/231] SERÒS
  OK: 1172 records (html)
[Lleida 183/231] SEU D'URGELL (LA)
  OK: 760 records (html)
[Lleida 184/231] SIDAMON
  OK: 744 records (html)
[Lleida 185/231] SOLERÀS (EL)
  OK: 688 records (html)
[Lleida 186/231] SOLSONA
  OK: 1516 records (html)
[Lleida 187/231] SORIGUERA
  OK: 3462 records (html)
[Lleida 188/231] SORT
  OK: 5019 records (html)
[Lleida 189/231] SOSES
  OK: 1207 records (html)
[Lleida 190/231] SUDANELL
  OK: 761 records (html)
[Lleida 191/231] SUNYER
  OK: 625 records (html)
[Lleida 192/231] TALARN
  OK: 899 records (html)
[Lleida 193/231] TALAVERA
  OK: 1283 records (html)
[Lleida 194/231] TÀRREGA
  OK: 2363 records (html)
[Lleida 195/231] TARRÉS
  OK: 400 records (html)
[Lleida 196/231] TARROJA DE SEGARRA
  OK: 400 records (html)
[Lleida 197/231] TÉRMENS
  OK: 1185 records (html)
[Lleida 198/231] TÍRVIA
  OK: 440 records (html)
[Lleida 199/231] TIURANA
  OK: no data
[Lleida 200/231] TORÀ
  OK: 962 records (html)
[Lleida 201/231] TORMS (ELS)
  OK: 392 records (html)
[Lleida 202/231] TORNABOUS
  OK: 1020 records (html)
[Lleida 203/231] TORRE DE CABDELLA (LA)
  OK: 3580 records (html)
[Lleida 204/231] TORREBESSES
  OK: 400 records (html)
[Lleida 205/231] TORREFARRERA
  OK: 1213 records (html)
[Lleida 206/231] TORREFETA I FLOREJACS
  OK: 2927 records (html)
[Lleida 207/231] TORREGROSSA
  OK: 569 records (html)
[Lleida 208/231] TORRELAMEU
  OK: 734 records (html)
[Lleida 209/231] TORRES DE SEGRE
  OK: 753 records (html)
[Lleida 210/231] TORRE-SERONA
  OK: 869 records (html)
[Lleida 211/231] TREMP
  OK: 5436 records (html)
[Lleida 212/231] VALL DE BOÍ (LA)
  OK: 2858 records (html)
[Lleida 213/231] VALL DE CARDÓS
  OK: 2471 records (html)
[Lleida 214/231] VALLBONA DE LES MONGES
  OK: 847 records (html)
[Lleida 215/231] VALLFOGONA DE BALAGUER
  OK: 765 records (html)
[Lleida 216/231] VALLS D'AGUILAR (LES)
  OK: 658 records (html)
[Lleida 217/231] VALLS DE VALIRA (LES)
  OK: 2582 records (html)
[Lleida 218/231] VANSA I FÓRNOLS (LA)
  OK: 663 records (html)
[Lleida 219/231] VERDÚ
  OK: 847 records (html)
[Lleida 220/231] VIELHA E MIJARAN
  OK: 5169 records (html)
[Lleida 221/231] VILAGRASSA
  OK: 799 records (html)
[Lleida 222/231] VILALLER
  OK: 1211 records (html)
[Lleida 223/231] VILAMÒS
  OK: 731 records (html)
[Lleida 224/231] VILANOVA DE BELLPUIG
  OK: 755 records (html)
[Lleida 225/231] VILANOVA DE LA BARCA
  OK: 988 records (html)
[Lleida 226/231] VILANOVA DE L'AGUDA
  OK: no data
[Lleida 227/231] VILANOVA DE MEIÀ
  OK: 1795 records (html)
[Lleida 228/231] VILANOVA DE SEGRIÀ
  OK: 750 records (html)
[Lleida 229/231] VILA-SANA
  OK: 1224 records (html)
[Lleida 230/231] VILOSELL (EL)
  OK: 397 records (html)
[Lleida 231/231] VINAIXA
  OK: 399 records (html)

[Lleida] DONE! 231/231 completed, 0 failed, 269958 records
