Loaded catalog: 97 municipalities
[Province 23 - Jaén] 0/97 already completed (HTML mode)
[Jaén 1/97] ALBANCHEZ DE MÁGINA
  OK: 766 records (html)
[Jaén 2/97] ALCALÁ LA REAL
  OK: 6979 records (html)
[Jaén 3/97] ALCAUDETE
  OK: 8158 records (html)
[Jaén 4/97] ALDEAQUEMADA
  OK: 782 records (html)
[Jaén 5/97] ANDÚJAR
  OK: 3935 records (html)
[Jaén 6/97] ARJONA
  OK: 1012 records (html)
[Jaén 7/97] ARJONILLA
  OK: 822 records (html)
[Jaén 8/97] ARQUILLOS
  OK: 1402 records (html)
[Jaén 9/97] ARROYO DEL OJANCO
  OK: 503 records (html)
[Jaén 10/97] BAEZA
  OK: 3570 records (html)
[Jaén 11/97] BAILÉN
  OK: 1012 records (html)
[Jaén 12/97] BAÑOS DE LA ENCINA
  OK: 1946 records (html)
[Jaén 13/97] BEAS DE SEGURA
  OK: 2452 records (html)
[Jaén 14/97] BEDMAR Y GARCÍEZ
  OK: 1875 records (html)
[Jaén 15/97] BEGÍJAR
  OK: 1486 records (html)
[Jaén 16/97] BÉLMEZ DE LA MORALEDA
  OK: 1225 records (html)
[Jaén 17/97] BENATAE
  OK: 920 records (html)
[Jaén 18/97] CABRA DEL SANTO CRISTO
  OK: 1634 records (html)
[Jaén 19/97] CAMBIL
  OK: 1698 records (html)
[Jaén 20/97] CAMPILLO DE ARENAS
  OK: 931 records (html)
[Jaén 21/97] CANENA
  OK: 1016 records (html)
[Jaén 22/97] CARBONEROS
  OK: 1233 records (html)
[Jaén 23/97] CÁRCHELES
  OK: 1688 records (html)
[Jaén 24/97] CAROLINA (LA)
  OK: 2485 records (html)
[Jaén 25/97] CASTELLAR
  OK: 1012 records (html)
[Jaén 26/97] CASTILLO DE LOCUBÍN
  OK: 3484 records (html)
[Jaén 27/97] CAZALILLA
  OK: 1012 records (html)
[Jaén 28/97] CAZORLA
  OK: 1715 records (html)
[Jaén 29/97] CHICLANA DE SEGURA
  OK: 3582 records (html)
[Jaén 30/97] CHILLUÉVAR
  OK: 2008 records (html)
[Jaén 31/97] ESCAÑUELA
  OK: 848 records (html)
[Jaén 32/97] ESPELUY
  OK: 1789 records (html)
[Jaén 33/97] FRAILES
  OK: 872 records (html)
[Jaén 34/97] FUENSANTA DE MARTOS
  OK: 812 records (html)
[Jaén 35/97] FUERTE DEL REY
  OK: 812 records (html)
[Jaén 36/97] GÉNAVE
  OK: 547 records (html)
[Jaén 37/97] GUARDIA DE JAÉN (LA)
  OK: 6756 records (html)
[Jaén 38/97] GUARROMÁN
  OK: 2900 records (html)
[Jaén 39/97] HIGUERA DE CALATRAVA
  OK: 715 records (html)
[Jaén 40/97] HINOJARES
  OK: 1378 records (html)
[Jaén 41/97] HORNOS
  OK: 527 records (html)
[Jaén 42/97] HUELMA
  OK: 1709 records (html)
[Jaén 43/97] HUESA
  OK: 2092 records (html)
[Jaén 44/97] IBROS
  OK: 1016 records (html)
[Jaén 45/97] IRUELA (LA)
  OK: 3159 records (html)
[Jaén 46/97] IZNATORAF
  OK: 1014 records (html)
[Jaén 47/97] JABALQUINTO
  OK: 1012 records (html)
[Jaén 48/97] JAÉN
  OK: 6235 records (html)
[Jaén 49/97] JAMILENA
  OK: 961 records (html)
[Jaén 50/97] JIMENA
  OK: 1177 records (html)
[Jaén 51/97] JÓDAR
  OK: 1074 records (html)
[Jaén 52/97] LAHIGUERA
  OK: 965 records (html)
[Jaén 53/97] LARVA
  OK: 883 records (html)
[Jaén 54/97] LINARES
  OK: 3340 records (html)
[Jaén 55/97] LOPERA
  OK: 815 records (html)
[Jaén 56/97] LUPIÓN
  OK: 1504 records (html)
[Jaén 57/97] MANCHA REAL
  OK: 1770 records (html)
[Jaén 58/97] MARMOLEJO
  OK: 1425 records (html)
[Jaén 59/97] MARTOS
  OK: 4795 records (html)
[Jaén 60/97] MENGÍBAR
  OK: 1000 records (html)
[Jaén 61/97] MONTIZÓN
  OK: 2541 records (html)
[Jaén 62/97] NAVAS DE SAN JUAN
  OK: 1023 records (html)
[Jaén 63/97] NOALEJO
  OK: 1819 records (html)
[Jaén 64/97] ORCERA
  OK: 852 records (html)
[Jaén 65/97] PEAL DE BECERRO
  OK: 3104 records (html)
[Jaén 66/97] PEGALAJAR
  OK: 1757 records (html)
[Jaén 67/97] PORCUNA
  OK: 1018 records (html)
[Jaén 68/97] POZO ALCÓN
  OK: 1644 records (html)
[Jaén 69/97] PUENTE DE GÉNAVE
  OK: 732 records (html)
[Jaén 70/97] PUERTA DE SEGURA (LA)
  OK: 701 records (html)
[Jaén 71/97] QUESADA
  OK: 2934 records (html)
[Jaén 72/97] RUS
  OK: 1747 records (html)
[Jaén 73/97] SABIOTE
  OK: 1016 records (html)
[Jaén 74/97] SANTA ELENA
  OK: 1194 records (html)
[Jaén 75/97] SANTIAGO DE CALATRAVA
  OK: 683 records (html)
[Jaén 76/97] SANTIAGO-PONTONES
  OK: 1461 records (html)
[Jaén 77/97] SANTISTEBAN DEL PUERTO
  OK: 1017 records (html)
[Jaén 78/97] SANTO TOMÉ
  OK: 1798 records (html)
[Jaén 79/97] SEGURA DE LA SIERRA
  OK: 3181 records (html)
[Jaén 80/97] SILES
  OK: 747 records (html)
[Jaén 81/97] SORIHUELA DEL GUADALIMAR
  OK: 1012 records (html)
[Jaén 82/97] TORREBLASCOPEDRO
  OK: 2049 records (html)
[Jaén 83/97] TORREDELCAMPO
  OK: 1123 records (html)
[Jaén 84/97] TORREDONJIMENO
  OK: 1150 records (html)
[Jaén 85/97] TORREPEROGIL
  OK: 1015 records (html)
[Jaén 86/97] TORRES
  OK: 2124 records (html)
[Jaén 87/97] TORRES DE ALBÁNCHEZ
  OK: 712 records (html)
[Jaén 88/97] ÚBEDA
  OK: 3387 records (html)
[Jaén 89/97] VALDEPEÑAS DE JAÉN
  OK: 1625 records (html)
[Jaén 90/97] VILCHES
  OK: 4163 records (html)
[Jaén 91/97] VILLACARRILLO
  OK: 4105 records (html)
[Jaén 92/97] VILLANUEVA DE LA REINA
  OK: 1427 records (html)
[Jaén 93/97] VILLANUEVA DEL ARZOBISPO
  OK: 1127 records (html)
[Jaén 94/97] VILLARDOMPARDO
  OK: 952 records (html)
[Jaén 95/97] VILLARES (LOS)
  OK: 1303 records (html)
[Jaén 96/97] VILLARRODRIGO
  OK: 985 records (html)
[Jaén 97/97] VILLATORRES
  OK: 2756 records (html)

[Jaén] DONE! 97/97 completed, 0 failed, 178229 records
