Loaded catalog: 238 municipalities
[Province 16 - Cuenca] 195/238 already completed (HTML mode)
[Cuenca 196/238] VALDEOLIVAS
  OK: 687 records (html)
[Cuenca 197/238] VALDETÓRTOLA
  OK: 819 records (html)
[Cuenca 198/238] VALERAS (LAS)
  OK: 1097 records (html)
[Cuenca 199/238] VALHERMOSO DE LA FUENTE
  OK: 266 records (html)
[Cuenca 200/238] VALLE DE ALTOMIRA (EL)
  OK: 1119 records (html)
[Cuenca 201/238] VALSALOBRE
  OK: 268 records (html)
[Cuenca 202/238] VALVERDE DE JÚCAR
  OK: 808 records (html)
[Cuenca 203/238] VALVERDEJO
  OK: 543 records (html)
[Cuenca 204/238] VARA DE REY
  OK: 1126 records (html)
[Cuenca 205/238] VEGA DEL CODORNO
  OK: 410 records (html)
[Cuenca 206/238] VELLISCA
  OK: 285 records (html)
[Cuenca 207/238] VILLACONEJOS DE TRABAQUE
  OK: 562 records (html)
[Cuenca 208/238] VILLAESCUSA DE HARO
  OK: 550 records (html)
[Cuenca 209/238] VILLAGARCÍA DEL LLANO
  OK: 1215 records (html)
[Cuenca 210/238] VILLALBA DE LA SIERRA
  OK: 687 records (html)
[Cuenca 211/238] VILLALBA DEL REY
  OK: 61 records (html)
[Cuenca 212/238] VILLALGORDO DEL MARQUESADO
  OK: 741 records (html)
[Cuenca 213/238] VILLALPARDO
  OK: 1253 records (html)
[Cuenca 214/238] VILLAMAYOR DE SANTIAGO
  OK: 1328 records (html)
[Cuenca 215/238] VILLANUEVA DE GUADAMEJUD
  OK: 512 records (html)
[Cuenca 216/238] VILLANUEVA DE LA JARA
  OK: 772 records (html)
[Cuenca 217/238] VILLAR DE CAÑAS
  OK: 955 records (html)
[Cuenca 218/238] VILLAR DE DOMINGO GARCÍA
  OK: 1268 records (html)
[Cuenca 219/238] VILLAR DE LA ENCINA
  OK: 297 records (html)
[Cuenca 220/238] VILLAR DE OLALLA
  OK: 1421 records (html)
[Cuenca 221/238] VILLAR DEL HUMO
  OK: 651 records (html)
[Cuenca 222/238] VILLAR DEL INFANTADO
  OK: 539 records (html)
[Cuenca 223/238] VILLAR Y VELASCO
  OK: 822 records (html)
[Cuenca 224/238] VILLAREJO DE FUENTES
  OK: 570 records (html)
[Cuenca 225/238] VILLAREJO DE LA PEÑUELA
  OK: 533 records (html)
[Cuenca 226/238] VILLAREJO-PERIESTEBAN
  OK: 712 records (html)
[Cuenca 227/238] VILLARES DEL SAZ
  OK: 699 records (html)
[Cuenca 228/238] VILLARRUBIO
  OK: 1199 records (html)
[Cuenca 229/238] VILLARTA
  OK: 1397 records (html)
[Cuenca 230/238] VILLAS DE LA VENTOSA
  OK: 2244 records (html)
[Cuenca 231/238] VILLAVERDE Y PASACONSOL
  OK: 543 records (html)
[Cuenca 232/238] VÍLLORA
  OK: 591 records (html)
[Cuenca 233/238] VINDEL
  OK: 401 records (html)
[Cuenca 234/238] YÉMEDA
  OK: 269 records (html)
[Cuenca 235/238] ZAFRA DE ZÁNCARA
  OK: 728 records (html)
[Cuenca 236/238] ZAFRILLA
  OK: 575 records (html)
[Cuenca 237/238] ZARZA DE TAJO
  OK: 1320 records (html)
[Cuenca 238/238] ZARZUELA
  OK: 285 records (html)

[Cuenca] DONE! 238/238 completed, 0 failed, 188320 records
