Loaded catalog: 174 municipalities
[Province 18 - Granada] 0/174 already completed
[Granada 1/174] AGRÓN
  WARNING: Failed to download boletin 16971485 (status=200, first bytes=b'\r\n\r\n\r\n\r\n<!DOCTYPE ht')
  WARNING: Failed to download boletin 15313011 (status=200, first bytes=b'\r\n\r\n\r\n\r\n<!DOCTYPE ht')
  WARNING: Failed to download boletin 15980057 (status=200, first bytes=b'\r\n\r\n\r\n\r\n<!DOCTYPE ht')
  WARNING: Failed to download boletin 14217477 (status=200, first bytes=b'\r\n\r\n\r\n\r\n<!DOCTYPE ht')
  WARNING: Failed to download boletin 13579819 (status=200, first bytes=b'\r\n\r\n\r\n\r\n<!DOCTYPE ht')
  WARNING: Failed to download boletin 12871380 (status=200, first bytes=b'\r\n\r\n\r\n\r\n<!DOCTYPE ht')
  WARNING: Failed to download boletin 12621022 (status=200, first bytes=b'\r\n\r\n\r\n\r\n<!DOCTYPE ht')
  WARNING: Failed to download boletin 11941920 (status=200, first bytes=b'\r\n\r\n\r\n\r\n<!DOCTYPE ht')
  WARNING: Failed to download boletin 11543158 (status=200, first bytes=b'\r\n\r\n\r\n\r\n<!DOCTYPE ht')
  WARNING: Failed to download boletin 10904823 (status=200, first bytes=b'\r\n\r\n\r\n\r\n<!DOCTYPE ht')
  WARNING: Failed to download boletin 16176696 (status=200, first bytes=b'\r\n\r\n\r\n\r\n<!DOCTYPE ht')
  WARNING: Failed to download boletin 13047308 (status=200, first bytes=b'\r\n\r\n\r\n\r\n<!DOCTYPE ht')
  WARNING: Failed to download boletin 14433918 (status=200, first bytes=b'\r\n\r\n\r\n\r\n<!DOCTYPE ht')
  WARNING: Failed to download boletin 12059791 (status=200, first bytes=b'\r\n\r\n\r\n\r\n<!DOCTYPE ht')
  WARNING: Failed to download boletin 10076613 (status=200, first bytes=b'\r\n\r\n\r\n\r\n<!DOCTYPE ht')
  WARNING: Failed to download boletin 11005931 (status=200, first bytes=b'\r\n\r\n\r\n\r\n<!DOCTYPE ht')
  WARNING: Failed to download boletin 9175719 (status=200, first bytes=b'\r\n\r\n\r\n\r\n<!DOCTYPE ht')
  WARNING: Failed to download boletin 8294018 (status=200, first bytes=b'\r\n\r\n\r\n\r\n<!DOCTYPE ht')
  WARNING: Failed to download boletin 7411734 (status=200, first bytes=b'\r\n\r\n\r\n\r\n<!DOCTYPE ht')
  WARNING: Failed to download boletin 6714168 (status=200, first bytes=b'\r\n\r\n\r\n\r\n<!DOCTYPE ht')
  OK: no data
[Granada 2/174] ALAMEDILLA
  WARNING: Failed to download boletin 16795204 (status=200, first bytes=b'\r\n\r\n\r\n\r\n<!DOCTYPE ht')  WARNING: Failed to download boletin 16520975 (status=200, first bytes=b'\r\n\r\n\r\n\r\n<!DOCTYPE ht')

  WARNING: Failed to download boletin 17440318 (status=200, first bytes=b'\r\n\r\n\r\n\r\n<!DOCTYPE ht')
  WARNING: Failed to download boletin 15011131 (status=200, first bytes=b'\r\n\r\n\r\n\r\n<!DOCTYPE ht')
  WARNING: Failed to download boletin 14802388 (status=200, first bytes=b'\r\n\r\n\r\n\r\n<!DOCTYPE ht')
  WARNING: Failed to download boletin 16029563 (status=200, first bytes=b'\r\n\r\n\r\n\r\n<!DOCTYPE ht')
  WARNING: Failed to download boletin 13353411 (status=200, first bytes=b'\r\n\r\n\r\n\r\n<!DOCTYPE ht')
  WARNING: Failed to download boletin 12868429 (status=200, first bytes=b'\r\n\r\n\r\n\r\n<!DOCTYPE ht')
  WARNING: Failed to download boletin 14260704 (status=200, first bytes=b'\r\n\r\n\r\n\r\n<!DOCTYPE ht')
  WARNING: Failed to download boletin 12653110 (status=200, first bytes=b'\r\n\r\n\r\n\r\n<!DOCTYPE ht')
  WARNING: Failed to download boletin 15401979 (status=200, first bytes=b'\r\n\r\n\r\n\r\n<!DOCTYPE ht')
  WARNING: Failed to download boletin 17164947 (status=200, first bytes=b'\r\n\r\n\r\n\r\n<!DOCTYPE ht')
  WARNING: Failed to download boletin 14486060 (status=200, first bytes=b'\r\n\r\n\r\n\r\n<!DOCTYPE ht')
  WARNING: Failed to download boletin 13623903 (status=200, first bytes=b'\r\n\r\n\r\n\r\n<!DOCTYPE ht')
  WARNING: Failed to download boletin 11572540 (status=200, first bytes=b'\r\n\r\n\r\n\r\n<!DOCTYPE ht')
  WARNING: Failed to download boletin 12680645 (status=200, first bytes=b'\r\n\r\n\r\n\r\n<!DOCTYPE ht')
  WARNING: Failed to download boletin 10538411 (status=200, first bytes=b'\r\n\r\n\r\n\r\n<!DOCTYPE ht')
  WARNING: Failed to download boletin 9575435 (status=200, first bytes=b'\r\n\r\n\r\n\r\n<!DOCTYPE ht')
  WARNING: Failed to download boletin 8708680 (status=200, first bytes=b'\r\n\r\n\r\n\r\n<!DOCTYPE ht')
  WARNING: Failed to download boletin 7850266 (status=200, first bytes=b'\r\n\r\n\r\n\r\n<!DOCTYPE ht')
  OK: no data
[Granada 3/174] ALBOLOTE
  WARNING: Failed to download boletin 13880509 (status=200, first bytes=b'\r\n\r\n\r\n\r\n<!DOCTYPE ht')
  WARNING: Failed to download boletin 15724730 (status=200, first bytes=b'\r\n\r\n\r\n\r\n<!DOCTYPE ht')
  WARNING: Failed to download boletin 17629791 (status=200, first bytes=b'\r\n\r\n\r\n\r\n<!DOCTYPE ht')
  WARNING: Failed to download boletin 12889672 (status=200, first bytes=b'\r\n\r\n\r\n\r\n<!DOCTYPE ht')
  WARNING: Failed to download boletin 17081778 (status=200, first bytes=b'\r\n\r\n\r\n\r\n<!DOCTYPE ht')
  WARNING: Failed to download boletin 15377388 (status=200, first bytes=b'\r\n\r\n\r\n\r\n<!DOCTYPE ht')
  WARNING: Failed to download boletin 16763197 (status=200, first bytes=b'\r\n\r\n\r\n\r\n<!DOCTYPE ht')
  WARNING: Failed to download boletin 15946117 (status=200, first bytes=b'\r\n\r\n\r\n\r\n<!DOCTYPE ht')
  WARNING: Failed to download boletin 13687183 (status=200, first bytes=b'\r\n\r\n\r\n\r\n<!DOCTYPE ht')
  WARNING: Failed to download boletin 14220118 (status=200, first bytes=b'\r\n\r\n\r\n\r\n<!DOCTYPE ht')
  WARNING: Failed to download boletin 13320892 (status=200, first bytes=b'\r\n\r\n\r\n\r\n<!DOCTYPE ht')
  WARNING: Failed to download boletin 14976632 (status=200, first bytes=b'\r\n\r\n\r\n\r\n<!DOCTYPE ht')
  WARNING: Failed to download boletin 12889669 (status=200, first bytes=b'\r\n\r\n\r\n\r\n<!DOCTYPE ht')
  WARNING: Failed to download boletin 12452612 (status=200, first bytes=b'\r\n\r\n\r\n\r\n<!DOCTYPE ht')
  WARNING: Failed to download boletin 11936785 (status=200, first bytes=b'\r\n\r\n\r\n\r\n<!DOCTYPE ht')
  WARNING: Failed to download boletin 10891189 (status=200, first bytes=b'\r\n\r\n\r\n\r\n<!DOCTYPE ht')
  WARNING: Failed to download boletin 11375445 (status=200, first bytes=b'\r\n\r\n\r\n\r\n<!DOCTYPE ht')
  WARNING: Failed to download boletin 16388932 (status=200, first bytes=b'\r\n\r\n\r\n\r\n<!DOCTYPE ht')
  WARNING: Failed to download boletin 14692295 (status=200, first bytes=b'\r\n\r\n\r\n\r\n<!DOCTYPE ht')
  WARNING: Failed to download boletin 13126661 (status=200, first bytes=b'\r\n\r\n\r\n\r\n<!DOCTYPE ht')
  WARNING: Failed to download boletin 12212528 (status=200, first bytes=b'\r\n\r\n\r\n\r\n<!DOCTYPE ht')
  WARNING: Failed to download boletin 11197769 (status=200, first bytes=b'\r\n\r\n\r\n\r\n<!DOCTYPE ht')
  WARNING: Failed to download boletin 10227469 (status=200, first bytes=b'\r\n\r\n\r\n\r\n<!DOCTYPE ht')
  WARNING: Failed to download boletin 9285568 (status=200, first bytes=b'\r\n\r\n\r\n\r\n<!DOCTYPE ht')
  WARNING: Failed to download boletin 8387187 (status=200, first bytes=b'\r\n\r\n\r\n\r\n<!DOCTYPE ht')
  WARNING: Failed to download boletin 16985632 (status=200, first bytes=b'\r\n\r\n\r\n\r\n<!DOCTYPE ht')
  WARNING: Failed to download boletin 16584614 (status=200, first bytes=b'\r\n\r\n\r\n\r\n<!DOCTYPE ht')
  WARNING: Failed to download boletin 7600052 (status=200, first bytes=b'\r\n\r\n\r\n\r\n<!DOCTYPE ht')
  WARNING: Failed to download boletin 16019786 (status=200, first bytes=b'\r\n\r\n\r\n\r\n<!DOCTYPE ht')
  WARNING: Failed to download boletin 15242382 (status=200, first bytes=b'\r\n\r\n\r\n\r\n<!DOCTYPE ht')
  WARNING: Failed to download boletin 14786059 (status=200, first bytes=b'\r\n\r\n\r\n\r\n<!DOCTYPE ht')
  WARNING: Failed to download boletin 6840957 (status=200, first bytes=b'\r\n\r\n\r\n\r\n<!DOCTYPE ht')
  WARNING: Failed to download boletin 14279849 (status=200, first bytes=b'\r\n\r\n\r\n\r\n<!DOCTYPE ht')
  WARNING: Failed to download boletin 13163064 (status=200, first bytes=b'\r\n\r\n\r\n\r\n<!DOCTYPE ht')
  WARNING: Failed to download boletin 12985774 (status=200, first bytes=b'\r\n\r\n\r\n\r\n<!DOCTYPE ht')
  WARNING: Failed to download boletin 13465895 (status=200, first bytes=b'\r\n\r\n\r\n\r\n<!DOCTYPE ht')
  WARNING: Failed to download boletin 12609108 (status=200, first bytes=b'\r\n\r\n\r\n\r\n<!DOCTYPE ht')
  WARNING: Failed to download boletin 15053047 (status=200, first bytes=b'\r\n\r\n\r\n\r\n<!DOCTYPE ht')
  WARNING: Failed to download boletin 16763194 (status=200, first bytes=b'\r\n\r\n\r\n\r\n<!DOCTYPE ht')
  WARNING: Failed to download boletin 13381560 (status=200, first bytes=b'\r\n\r\n\r\n\r\n<!DOCTYPE ht')
  WARNING: Failed to download boletin 11436624 (status=200, first bytes=b'\r\n\r\n\r\n\r\n<!DOCTYPE ht')
  WARNING: Failed to download boletin 10396084 (status=200, first bytes=b'\r\n\r\n\r\n\r\n<!DOCTYPE ht')
  WARNING: Failed to download boletin 12536211 (status=200, first bytes=b'\r\n\r\n\r\n\r\n<!DOCTYPE ht')
  WARNING: Failed to download boletin 9503613 (status=200, first bytes=b'\r\n\r\n\r\n\r\n<!DOCTYPE ht')
  WARNING: Failed to download boletin 8629892 (status=200, first bytes=b'\r\n\r\n\r\n\r\n<!DOCTYPE ht')
  WARNING: Failed to download boletin 8174435 (status=200, first bytes=b'\r\n\r\n\r\n\r\n<!DOCTYPE ht')
  WARNING: Failed to download boletin 17101124 (status=200, first bytes=b'\r\n\r\n\r\n\r\n<!DOCTYPE ht')
  WARNING: Failed to download boletin 16306115 (status=200, first bytes=b'\r\n\r\n\r\n\r\n<!DOCTYPE ht')
  WARNING: Failed to download boletin 15345612 (status=200, first bytes=b'\r\n\r\n\r\n\r\n<!DOCTYPE ht')
  WARNING: Failed to download boletin 14469422 (status=200, first bytes=b'\r\n\r\n\r\n\r\n<!DOCTYPE ht')
  WARNING: Failed to download boletin 13613882 (status=200, first bytes=b'\r\n\r\n\r\n\r\n<!DOCTYPE ht')
  WARNING: Failed to download boletin 13051008 (status=200, first bytes=b'\r\n\r\n\r\n\r\n<!DOCTYPE ht')
  WARNING: Failed to download boletin 7600070 (status=200, first bytes=b'\r\n\r\n\r\n\r\n<!DOCTYPE ht')
  WARNING: Failed to download boletin 12126887 (status=200, first bytes=b'\r\n\r\n\r\n\r\n<!DOCTYPE ht')
  WARNING: Failed to download boletin 11085332 (status=200, first bytes=b'\r\n\r\n\r\n\r\n<!DOCTYPE ht')
  WARNING: Failed to download boletin 10553297 (status=200, first bytes=b'\r\n\r\n\r\n\r\n<!DOCTYPE ht')
  WARNING: Failed to download boletin 10123892 (status=200, first bytes=b'\r\n\r\n\r\n\r\n<!DOCTYPE ht')
  WARNING: Failed to download boletin 14766466 (status=200, first bytes=b'\r\n\r\n\r\n\r\n<!DOCTYPE ht')
  WARNING: Failed to download boletin 16508406 (status=200, first bytes=b'\r\n\r\n\r\n\r\n<!DOCTYPE ht')
  WARNING: Failed to download boletin 13242508 (status=200, first bytes=b'\r\n\r\n\r\n\r\n<!DOCTYPE ht')
  WARNING: Failed to download boletin 12278063 (status=200, first bytes=b'\r\n\r\n\r\n\r\n<!DOCTYPE ht')
  WARNING: Failed to download boletin 11270956 (status=200, first bytes=b'\r\n\r\n\r\n\r\n<!DOCTYPE ht')
  WARNING: Failed to download boletin 10271361 (status=200, first bytes=b'\r\n\r\n\r\n\r\n<!DOCTYPE ht')
  WARNING: Failed to download boletin 9175350 (status=200, first bytes=b'\r\n\r\n\r\n\r\n<!DOCTYPE ht')
  WARNING: Failed to download boletin 8174441 (status=200, first bytes=b'\r\n\r\n\r\n\r\n<!DOCTYPE ht')
  WARNING: Failed to download boletin 16763195 (status=200, first bytes=b'\r\n\r\n\r\n\r\n<!DOCTYPE ht')
  WARNING: Failed to download boletin 7600065 (status=200, first bytes=b'\r\n\r\n\r\n\r\n<!DOCTYPE ht')
  WARNING: Failed to download boletin 14976631 (status=200, first bytes=b'\r\n\r\n\r\n\r\n<!DOCTYPE ht')
  WARNING: Failed to download boletin 13326576 (status=200, first bytes=b'\r\n\r\n\r\n\r\n<!DOCTYPE ht')
  WARNING: Failed to download boletin 12452614 (status=200, first bytes=b'\r\n\r\n\r\n\r\n<!DOCTYPE ht')
  WARNING: Failed to download boletin 11393208 (status=200, first bytes=b'\r\n\r\n\r\n\r\n<!DOCTYPE ht')
  WARNING: Failed to download boletin 10423326 (status=200, first bytes=b'\r\n\r\n\r\n\r\n<!DOCTYPE ht')
  WARNING: Failed to download boletin 6660909 (status=200, first bytes=b'\r\n\r\n\r\n\r\n<!DOCTYPE ht')
  WARNING: Failed to download boletin 9478942 (status=200, first bytes=b'\r\n\r\n\r\n\r\n<!DOCTYPE ht')
  WARNING: Failed to download boletin 8181666 (status=200, first bytes=b'\r\n\r\n\r\n\r\n<!DOCTYPE ht')
  WARNING: Failed to download boletin 7490270 (status=200, first bytes=b'\r\n\r\n\r\n\r\n<!DOCTYPE ht')
  WARNING: Failed to download boletin 6599461 (status=200, first bytes=b'\r\n\r\n\r\n\r\n<!DOCTYPE ht')
  WARNING: Failed to download boletin 15310346 (status=200, first bytes=b'\r\n\r\n\r\n\r\n<!DOCTYPE ht')
  WARNING: Failed to download boletin 16961871 (status=200, first bytes=b'\r\n\r\n\r\n\r\n<!DOCTYPE ht')
  WARNING: Failed to download boletin 16616698 (status=200, first bytes=b'\r\n\r\n\r\n\r\n<!DOCTYPE ht')
  WARNING: Failed to download boletin 13846680 (status=200, first bytes=b'\r\n\r\n\r\n\r\n<!DOCTYPE ht')
  WARNING: Failed to download boletin 15946112 (status=200, first bytes=b'\r\n\r\n\r\n\r\n<!DOCTYPE ht')
  WARNING: Failed to download boletin 14213816 (status=200, first bytes=b'\r\n\r\n\r\n\r\n<!DOCTYPE ht')
  WARNING: Failed to download boletin 14817317 (status=200, first bytes=b'\r\n\r\n\r\n\r\n<!DOCTYPE ht')
  WARNING: Failed to download boletin 13262574 (status=200, first bytes=b'\r\n\r\n\r\n\r\n<!DOCTYPE ht')
  WARNING: Failed to download boletin 12314161 (status=200, first bytes=b'\r\n\r\n\r\n\r\n<!DOCTYPE ht')
  WARNING: Failed to download boletin 12889668 (status=200, first bytes=b'\r\n\r\n\r\n\r\n<!DOCTYPE ht')
  WARNING: Failed to download boletin 11940703 (status=200, first bytes=b'\r\n\r\n\r\n\r\n<!DOCTYPE ht')
  WARNING: Failed to download boletin 10891187 (status=200, first bytes=b'\r\n\r\n\r\n\r\n<!DOCTYPE ht')
  WARNING: Failed to download boletin 11304997 (status=200, first bytes=b'\r\n\r\n\r\n\r\n<!DOCTYPE ht')
  WARNING: Failed to download boletin 14766469 (status=200, first bytes=b'\r\n\r\n\r\n\r\n<!DOCTYPE ht')
  WARNING: Failed to download boletin 16537615 (status=200, first bytes=b'\r\n\r\n\r\n\r\n<!DOCTYPE ht')
  WARNING: Failed to download boletin 13242509 (status=200, first bytes=b'\r\n\r\n\r\n\r\n<!DOCTYPE ht')
  WARNING: Failed to download boletin 11270957 (status=200, first bytes=b'\r\n\r\n\r\n\r\n<!DOCTYPE ht')
  WARNING: Failed to download boletin 12278065 (status=200, first bytes=b'\r\n\r\n\r\n\r\n<!DOCTYPE ht')
  WARNING: Failed to download boletin 10271360 (status=200, first bytes=b'\r\n\r\n\r\n\r\n<!DOCTYPE ht')
  WARNING: Failed to download boletin 9366072 (status=200, first bytes=b'\r\n\r\n\r\n\r\n<!DOCTYPE ht')
  WARNING: Failed to download boletin 8438729 (status=200, first bytes=b'\r\n\r\n\r\n\r\n<!DOCTYPE ht')
  WARNING: Failed to download boletin 7600090 (status=200, first bytes=b'\r\n\r\n\r\n\r\n<!DOCTYPE ht')
  WARNING: Failed to download boletin 15992809 (status=200, first bytes=b'\r\n\r\n\r\n\r\n<!DOCTYPE ht')
  WARNING: Failed to download boletin 16584620 (status=200, first bytes=b'\r\n\r\n\r\n\r\n<!DOCTYPE ht')
  WARNING: Failed to download boletin 14721203 (status=200, first bytes=b'\r\n\r\n\r\n\r\n<!DOCTYPE ht')
  WARNING: Failed to download boletin 14245846 (status=200, first bytes=b'\r\n\r\n\r\n\r\n<!DOCTYPE ht')
  WARNING: Failed to download boletin 13239659 (status=200, first bytes=b'\r\n\r\n\r\n\r\n<!DOCTYPE ht')
  WARNING: Failed to download boletin 12907796 (status=200, first bytes=b'\r\n\r\n\r\n\r\n<!DOCTYPE ht')
  WARNING: Failed to download boletin 12278059 (status=200, first bytes=b'\r\n\r\n\r\n\r\n<!DOCTYPE ht')
  WARNING: Failed to download boletin 11985229 (status=200, first bytes=b'\r\n\r\n\r\n\r\n<!DOCTYPE ht')
  WARNING: Failed to download boletin 11251104 (status=200, first bytes=b'\r\n\r\n\r\n\r\n<!DOCTYPE ht')
  WARNING: Failed to download boletin 10891188 (status=200, first bytes=b'\r\n\r\n\r\n\r\n<!DOCTYPE ht')
  WARNING: Failed to download boletin 6861554 (status=200, first bytes=b'\r\n\r\n\r\n\r\n<!DOCTYPE ht')
  WARNING: Failed to download boletin 14709065 (status=200, first bytes=b'\r\n\r\n\r\n\r\n<!DOCTYPE ht')
  WARNING: Failed to download boletin 16388931 (status=200, first bytes=b'\r\n\r\n\r\n\r\n<!DOCTYPE ht')
  WARNING: Failed to download boletin 13133602 (status=200, first bytes=b'\r\n\r\n\r\n\r\n<!DOCTYPE ht')
  WARNING: Failed to download boletin 12212527 (status=200, first bytes=b'\r\n\r\n\r\n\r\n<!DOCTYPE ht')
  WARNING: Failed to download boletin 11178664 (status=200, first bytes=b'\r\n\r\n\r\n\r\n<!DOCTYPE ht')
  WARNING: Failed to download boletin 10227476 (status=200, first bytes=b'\r\n\r\n\r\n\r\n<!DOCTYPE ht')
  WARNING: Failed to download boletin 9285567 (status=200, first bytes=b'\r\n\r\n\r\n\r\n<!DOCTYPE ht')
  WARNING: Failed to download boletin 8174438 (status=200, first bytes=b'\r\n\r\n\r\n\r\n<!DOCTYPE ht')
  WARNING: Failed to download boletin 7600077 (status=200, first bytes=b'\r\n\r\n\r\n\r\n<!DOCTYPE ht')
  WARNING: Failed to download boletin 16228431 (status=200, first bytes=b'\r\n\r\n\r\n\r\n<!DOCTYPE ht')
  WARNING: Failed to download boletin 14448888 (status=200, first bytes=b'\r\n\r\n\r\n\r\n<!DOCTYPE ht')
  WARNING: Failed to download boletin 13002989 (status=200, first bytes=b'\r\n\r\n\r\n\r\n<!DOCTYPE ht')
  WARNING: Failed to download boletin 12117040 (status=200, first bytes=b'\r\n\r\n\r\n\r\n<!DOCTYPE ht')
  WARNING: Failed to download boletin 11089394 (status=200, first bytes=b'\r\n\r\n\r\n\r\n<!DOCTYPE ht')
  WARNING: Failed to download boletin 10135936 (status=200, first bytes=b'\r\n\r\n\r\n\r\n<!DOCTYPE ht')
  WARNING: Failed to download boletin 9540195 (status=200, first bytes=b'\r\n\r\n\r\n\r\n<!DOCTYPE ht')
  WARNING: Failed to download boletin 8666129 (status=200, first bytes=b'\r\n\r\n\r\n\r\n<!DOCTYPE ht')
  WARNING: Failed to download boletin 7490269 (status=200, first bytes=b'\r\n\r\n\r\n\r\n<!DOCTYPE ht')
  WARNING: Failed to download boletin 6660913 (status=200, first bytes=b'\r\n\r\n\r\n\r\n<!DOCTYPE ht')
  WARNING: Failed to download boletin 7020251 (status=200, first bytes=b'\r\n\r\n\r\n\r\n<!DOCTYPE ht')
  WARNING: Failed to download boletin 16150591 (status=200, first bytes=b'\r\n\r\n\r\n\r\n<!DOCTYPE ht')
  WARNING: Failed to download boletin 14448886 (status=200, first bytes=b'\r\n\r\n\r\n\r\n<!DOCTYPE ht')
  WARNING: Failed to download boletin 17212643 (status=200, first bytes=b'\r\n\r\n\r\n\r\n<!DOCTYPE ht')
  WARNING: Failed to download boletin 16788461 (status=200, first bytes=b'\r\n\r\n\r\n\r\n<!DOCTYPE ht')
  WARNING: Failed to download boletin 15896433 (status=200, first bytes=b'\r\n\r\n\r\n\r\n<!DOCTYPE ht')
  WARNING: Failed to download boletin 13846688 (status=200, first bytes=b'\r\n\r\n\r\n\r\n<!DOCTYPE ht')
  WARNING: Failed to download boletin 14942394 (status=200, first bytes=b'\r\n\r\n\r\n\r\n<!DOCTYPE ht')
  WARNING: Failed to download boletin 14105702 (status=200, first bytes=b'\r\n\r\n\r\n\r\n<!DOCTYPE ht')
  WARNING: Failed to download boletin 13292438 (status=200, first bytes=b'\r\n\r\n\r\n\r\n<!DOCTYPE ht')
  WARNING: Failed to download boletin 12413241 (status=200, first bytes=b'\r\n\r\n\r\n\r\n<!DOCTYPE ht')
  WARNING: Failed to download boletin 11920176 (status=200, first bytes=b'\r\n\r\n\r\n\r\n<!DOCTYPE ht')
  WARNING: Failed to download boletin 12889667 (status=200, first bytes=b'\r\n\r\n\r\n\r\n<!DOCTYPE ht')
  WARNING: Failed to download boletin 11375442 (status=200, first bytes=b'\r\n\r\n\r\n\r\n<!DOCTYPE ht')
  WARNING: Failed to download boletin 16276005 (status=200, first bytes=b'\r\n\r\n\r\n\r\n<!DOCTYPE ht')
  WARNING: Failed to download boletin 13051191 (status=200, first bytes=b'\r\n\r\n\r\n\r\n<!DOCTYPE ht')
  WARNING: Failed to download boletin 14572315 (status=200, first bytes=b'\r\n\r\n\r\n\r\n<!DOCTYPE ht')
  WARNING: Failed to download boletin 9542569 (status=200, first bytes=b'\r\n\r\n\r\n\r\n<!DOCTYPE ht')
  WARNING: Failed to download boletin 8077494 (status=200, first bytes=b'\r\n\r\n\r\n\r\n<!DOCTYPE ht')
  WARNING: Failed to download boletin 7485858 (status=200, first bytes=b'\r\n\r\n\r\n\r\n<!DOCTYPE ht')
  WARNING: Failed to download boletin 6630201 (status=200, first bytes=b'\r\n\r\n\r\n\r\n<!DOCTYPE ht')
  WARNING: Failed to download boletin 5159235 (status=200, first bytes=b'\r\n\r\n\r\n\r\n<!DOCTYPE ht')
  WARNING: Failed to download boletin 5985329 (status=200, first bytes=b'\r\n\r\n\r\n\r\n<!DOCTYPE ht')
  WARNING: Failed to download boletin 8114651 (status=200, first bytes=b'\r\n\r\n\r\n\r\n<!DOCTYPE ht')
  WARNING: Failed to download boletin 8010493 (status=200, first bytes=b'\r\n\r\n\r\n\r\n<!DOCTYPE ht')
  WARNING: Failed to download boletin 17328667 (status=200, first bytes=b'\r\n\r\n\r\n\r\n<!DOCTYPE ht')
  WARNING: Failed to download boletin 16668377 (status=200, first bytes=b'\r\n\r\n\r\n\r\n<!DOCTYPE ht')
  WARNING: Failed to download boletin 4608834 (status=200, first bytes=b'\r\n\r\n\r\n\r\n<!DOCTYPE ht')
  WARNING: Failed to download boletin 16223427 (status=200, first bytes=b'\r\n\r\n\r\n\r\n<!DOCTYPE ht')
  WARNING: Failed to download boletin 16539239 (status=200, first bytes=b'\r\n\r\n\r\n\r\n<!DOCTYPE ht')
  WARNING: Failed to download boletin 15926208 (status=200, first bytes=b'\r\n\r\n\r\n\r\n<!DOCTYPE ht')
  WARNING: Failed to download boletin 15547591 (status=200, first bytes=b'\r\n\r\n\r\n\r\n<!DOCTYPE ht')
  WARNING: Failed to download boletin 15037396 (status=200, first bytes=b'\r\n\r\n\r\n\r\n<!DOCTYPE ht')
  WARNING: Failed to download boletin 14898076 (status=200, first bytes=b'\r\n\r\n\r\n\r\n<!DOCTYPE ht')
  WARNING: Failed to download boletin 14426045 (status=200, first bytes=b'\r\n\r\n\r\n\r\n<!DOCTYPE ht')
  WARNING: Failed to download boletin 14665935 (status=200, first bytes=b'\r\n\r\n\r\n\r\n<!DOCTYPE ht')
  WARNING: Failed to download boletin 17100595 (status=200, first bytes=b'\r\n\r\n\r\n\r\n<!DOCTYPE ht')
  WARNING: Failed to download boletin 13513568 (status=200, first bytes=b'\r\n\r\n\r\n\r\n<!DOCTYPE ht')
  WARNING: Failed to download boletin 15322604 (status=200, first bytes=b'\r\n\r\n\r\n\r\n<!DOCTYPE ht')
  WARNING: Failed to download boletin 11270191 (status=200, first bytes=b'\r\n\r\n\r\n\r\n<!DOCTYPE ht')
  WARNING: Failed to download boletin 10304473 (status=200, first bytes=b'\r\n\r\n\r\n\r\n<!DOCTYPE ht')
  WARNING: Failed to download boletin 12263289 (status=200, first bytes=b'\r\n\r\n\r\n\r\n<!DOCTYPE ht')
  WARNING: Failed to download boletin 9625537 (status=200, first bytes=b'\r\n\r\n\r\n\r\n<!DOCTYPE ht')
  WARNING: Failed to download boletin 9014893 (status=200, first bytes=b'\r\n\r\n\r\n\r\n<!DOCTYPE ht')
  WARNING: Failed to download boletin 17591740 (status=200, first bytes=b'\r\n\r\n\r\n\r\n<!DOCTYPE ht')
  WARNING: Failed to download boletin 8709932 (status=200, first bytes=b'\r\n\r\n\r\n\r\n<!DOCTYPE ht')
  WARNING: Failed to download boletin 16807959 (status=200, first bytes=b'\r\n\r\n\r\n\r\n<!DOCTYPE ht')
  WARNING: Failed to download boletin 7820403 (status=200, first bytes=b'\r\n\r\n\r\n\r\n<!DOCTYPE ht')
  WARNING: Failed to download boletin 16283728 (status=200, first bytes=b'\r\n\r\n\r\n\r\n<!DOCTYPE ht')
  WARNING: Failed to download boletin 15705198 (status=200, first bytes=b'\r\n\r\n\r\n\r\n<!DOCTYPE ht')
  WARNING: Failed to download boletin 15045673 (status=200, first bytes=b'\r\n\r\n\r\n\r\n<!DOCTYPE ht')
  WARNING: Failed to download boletin 14248669 (status=200, first bytes=b'\r\n\r\n\r\n\r\n<!DOCTYPE ht')
  WARNING: Failed to download boletin 13366012 (status=200, first bytes=b'\r\n\r\n\r\n\r\n<!DOCTYPE ht')
  WARNING: Failed to download boletin 12873471 (status=200, first bytes=b'\r\n\r\n\r\n\r\n<!DOCTYPE ht')
  WARNING: Failed to download boletin 12481001 (status=200, first bytes=b'\r\n\r\n\r\n\r\n<!DOCTYPE ht')
  WARNING: Failed to download boletin 11954875 (status=200, first bytes=b'\r\n\r\n\r\n\r\n<!DOCTYPE ht')
  WARNING: Failed to download boletin 16530161 (status=200, first bytes=b'\r\n\r\n\r\n\r\n<!DOCTYPE ht')
  WARNING: Failed to download boletin 14717170 (status=200, first bytes=b'\r\n\r\n\r\n\r\n<!DOCTYPE ht')
  WARNING: Failed to download boletin 13137731 (status=200, first bytes=b'\r\n\r\n\r\n\r\n<!DOCTYPE ht')
  WARNING: Failed to download boletin 9738206 (status=200, first bytes=b'\r\n\r\n\r\n\r\n<!DOCTYPE ht')
  WARNING: Failed to download boletin 12253672 (status=200, first bytes=b'\r\n\r\n\r\n\r\n<!DOCTYPE ht')
  WARNING: Failed to download boletin 11599031 (status=200, first bytes=b'\r\n\r\n\r\n\r\n<!DOCTYPE ht')
  WARNING: Failed to download boletin 8790488 (status=200, first bytes=b'\r\n\r\n\r\n\r\n<!DOCTYPE ht')
  WARNING: Failed to download boletin 7092936 (status=200, first bytes=b'\r\n\r\n\r\n\r\n<!DOCTYPE ht')
  WARNING: Failed to download boletin 7947312 (status=200, first bytes=b'\r\n\r\n\r\n\r\n<!DOCTYPE ht')
  WARNING: Failed to download boletin 6442563 (status=200, first bytes=b'\r\n\r\n\r\n\r\n<!DOCTYPE ht')
  OK: no data
[Granada 4/174] ALBONDÓN
  WARNING: Failed to download boletin 15088795 (status=200, first bytes=b'\r\n\r\n\r\n\r\n<!DOCTYPE ht')
  WARNING: Failed to download boletin 16335312 (status=200, first bytes=b'\r\n\r\n\r\n\r\n<!DOCTYPE ht')
  WARNING: Failed to download boletin 16845320 (status=200, first bytes=b'\r\n\r\n\r\n\r\n<!DOCTYPE ht')
  WARNING: Failed to download boletin 14541614 (status=200, first bytes=b'\r\n\r\n\r\n\r\n<!DOCTYPE ht')
  WARNING: Failed to download boletin 13459676 (status=200, first bytes=b'\r\n\r\n\r\n\r\n<!DOCTYPE ht')
  WARNING: Failed to download boletin 13108186 (status=200, first bytes=b'\r\n\r\n\r\n\r\n<!DOCTYPE ht')
  WARNING: Failed to download boletin 11440842 (status=200, first bytes=b'\r\n\r\n\r\n\r\n<!DOCTYPE ht')
  WARNING: Failed to download boletin 12482641 (status=200, first bytes=b'\r\n\r\n\r\n\r\n<!DOCTYPE ht')
  WARNING: Failed to download boletin 12104891 (status=200, first bytes=b'\r\n\r\n\r\n\r\n<!DOCTYPE ht')
  WARNING: Failed to download boletin 11063791 (status=200, first bytes=b'\r\n\r\n\r\n\r\n<!DOCTYPE ht')
  WARNING: Failed to download boletin 13711019 (status=200, first bytes=b'\r\n\r\n\r\n\r\n<!DOCTYPE ht')
  WARNING: Failed to download boletin 15496169 (status=200, first bytes=b'\r\n\r\n\r\n\r\n<!DOCTYPE ht')
  WARNING: Failed to download boletin 17280791 (status=200, first bytes=b'\r\n\r\n\r\n\r\n<!DOCTYPE ht')
  WARNING: Failed to download boletin 12731637 (status=200, first bytes=b'\r\n\r\n\r\n\r\n<!DOCTYPE ht')
  WARNING: Failed to download boletin 10614904 (status=200, first bytes=b'\r\n\r\n\r\n\r\n<!DOCTYPE ht')
  WARNING: Failed to download boletin 11646598 (status=200, first bytes=b'\r\n\r\n\r\n\r\n<!DOCTYPE ht')
  WARNING: Failed to download boletin 7876696 (status=200, first bytes=b'\r\n\r\n\r\n\r\n<!DOCTYPE ht')
  WARNING: Failed to download boletin 9705086 (status=200, first bytes=b'\r\n\r\n\r\n\r\n<!DOCTYPE ht')
  WARNING: Failed to download boletin 8770377 (status=200, first bytes=b'\r\n\r\n\r\n\r\n<!DOCTYPE ht')
  WARNING: Failed to download boletin 7947852 (status=200, first bytes=b'\r\n\r\n\r\n\r\n<!DOCTYPE ht')
  OK: no data
[Granada 5/174] ALBUÑÁN
  WARNING: Failed to download boletin 16751338 (status=200, first bytes=b'\r\n\r\n\r\n\r\n<!DOCTYPE ht')
  WARNING: Failed to download boletin 16479208 (status=200, first bytes=b'\r\n\r\n\r\n\r\n<!DOCTYPE ht')
  WARNING: Failed to download boletin 17688671 (status=200, first bytes=b'\r\n\r\n\r\n\r\n<!DOCTYPE ht')
  WARNING: Failed to download boletin 15960437 (status=200, first bytes=b'\r\n\r\n\r\n\r\n<!DOCTYPE ht')
  WARNING: Failed to download boletin 14973331 (status=200, first bytes=b'\r\n\r\n\r\n\r\n<!DOCTYPE ht')
  WARNING: Failed to download boletin 14702019 (status=200, first bytes=b'\r\n\r\n\r\n\r\n<!DOCTYPE ht')
  WARNING: Failed to download boletin 14206835 (status=200, first bytes=b'\r\n\r\n\r\n\r\n<!DOCTYPE ht')
  WARNING: Failed to download boletin 13551540 (status=200, first bytes=b'\r\n\r\n\r\n\r\n<!DOCTYPE ht')
  WARNING: Failed to download boletin 13132765 (status=200, first bytes=b'\r\n\r\n\r\n\r\n<!DOCTYPE ht')
  WARNING: Failed to download boletin 12868117 (status=200, first bytes=b'\r\n\r\n\r\n\r\n<!DOCTYPE ht')
  WARNING: Failed to download boletin 13505419 (status=200, first bytes=b'\r\n\r\n\r\n\r\n<!DOCTYPE ht')
  WARNING: Failed to download boletin 16437211 (status=200, first bytes=b'\r\n\r\n\r\n\r\n<!DOCTYPE ht')
  WARNING: Failed to download boletin 14562193 (status=200, first bytes=b'\r\n\r\n\r\n\r\n<!DOCTYPE ht')
  WARNING: Failed to download boletin 10243905 (status=200, first bytes=b'\r\n\r\n\r\n\r\n<!DOCTYPE ht')
  WARNING: Failed to download boletin 11259655 (status=200, first bytes=b'\r\n\r\n\r\n\r\n<!DOCTYPE ht')
  WARNING: Failed to download boletin 12284878 (status=200, first bytes=b'\r\n\r\n\r\n\r\n<!DOCTYPE ht')
  WARNING: Failed to download boletin 9285801 (status=200, first bytes=b'\r\n\r\n\r\n\r\n<!DOCTYPE ht')
  WARNING: Failed to download boletin 8634493 (status=200, first bytes=b'\r\n\r\n\r\n\r\n<!DOCTYPE ht')
  WARNING: Failed to download boletin 7806129 (status=200, first bytes=b'\r\n\r\n\r\n\r\n<!DOCTYPE ht')
  WARNING: Failed to download boletin 6972260 (status=200, first bytes=b'\r\n\r\n\r\n\r\n<!DOCTYPE ht')
  OK: no data
[Granada 6/174] ALBUÑOL
  WARNING: Failed to download boletin 16046988 (status=200, first bytes=b'\r\n\r\n\r\n\r\n<!DOCTYPE ht')
  WARNING: Failed to download boletin 16684766 (status=200, first bytes=b'\r\n\r\n\r\n\r\n<!DOCTYPE ht')
  WARNING: Failed to download boletin 14920174 (status=200, first bytes=b'\r\n\r\n\r\n\r\n<!DOCTYPE ht')
  WARNING: Failed to download boletin 13283877 (status=200, first bytes=b'\r\n\r\n\r\n\r\n<!DOCTYPE ht')
  WARNING: Failed to download boletin 14309914 (status=200, first bytes=b'\r\n\r\n\r\n\r\n<!DOCTYPE ht')
  WARNING: Failed to download boletin 12928780 (status=200, first bytes=b'\r\n\r\n\r\n\r\n<!DOCTYPE ht')
  WARNING: Failed to download boletin 12371908 (status=200, first bytes=b'\r\n\r\n\r\n\r\n<!DOCTYPE ht')
  WARNING: Failed to download boletin 11978996 (status=200, first bytes=b'\r\n\r\n\r\n\r\n<!DOCTYPE ht')
  WARNING: Failed to download boletin 11296926 (status=200, first bytes=b'\r\n\r\n\r\n\r\n<!DOCTYPE ht')
  WARNING: Failed to download boletin 10952466 (status=200, first bytes=b'\r\n\r\n\r\n\r\n<!DOCTYPE ht')
  WARNING: Failed to download boletin 13287562 (status=200, first bytes=b'\r\n\r\n\r\n\r\n<!DOCTYPE ht')
  WARNING: Failed to download boletin 16674263 (status=200, first bytes=b'\r\n\r\n\r\n\r\n<!DOCTYPE ht')
  WARNING: Failed to download boletin 14952420 (status=200, first bytes=b'\r\n\r\n\r\n\r\n<!DOCTYPE ht')
  WARNING: Failed to download boletin 12312135 (status=200, first bytes=b'\r\n\r\n\r\n\r\n<!DOCTYPE ht')
  WARNING: Failed to download boletin 10278103 (status=200, first bytes=b'\r\n\r\n\r\n\r\n<!DOCTYPE ht')
  WARNING: Failed to download boletin 11344376 (status=200, first bytes=b'\r\n\r\n\r\n\r\n<!DOCTYPE ht')
  WARNING: Failed to download boletin 8454666 (status=200, first bytes=b'\r\n\r\n\r\n\r\n<!DOCTYPE ht')
  WARNING: Failed to download boletin 9281678 (status=200, first bytes=b'\r\n\r\n\r\n\r\n<!DOCTYPE ht')
  WARNING: Failed to download boletin 7583530 (status=200, first bytes=b'\r\n\r\n\r\n\r\n<!DOCTYPE ht')
  WARNING: Failed to download boletin 12831947 (status=200, first bytes=b'\r\n\r\n\r\n\r\n<!DOCTYPE ht')
  WARNING: Failed to download boletin 8532308 (status=200, first bytes=b'\r\n\r\n\r\n\r\n<!DOCTYPE ht')
  OK: no data
[Granada 7/174] ALBUÑUELAS
