Loaded catalog: 88 municipalities
[Province 20 - Guipúzcoa] 0/88 already completed
[Guipúzcoa 1/88] ABALTZISKETA
  WARNING: Failed to download boletin 15592317 (status=200, first bytes=b'\r\n\r\n\r\n\r\n<!DOCTYPE ht')
  WARNING: Failed to download boletin 15602545 (status=200, first bytes=b'\r\n\r\n\r\n\r\n<!DOCTYPE ht')
  WARNING: Failed to download boletin 15611548 (status=200, first bytes=b'\r\n\r\n\r\n\r\n<!DOCTYPE ht')
  WARNING: Failed to download boletin 15583568 (status=200, first bytes=b'\r\n\r\n\r\n\r\n<!DOCTYPE ht')
  WARNING: Failed to download boletin 15594666 (status=200, first bytes=b'\r\n\r\n\r\n\r\n<!DOCTYPE ht')
  WARNING: Failed to download boletin 13943603 (status=200, first bytes=b'\r\n\r\n\r\n\r\n<!DOCTYPE ht')
  WARNING: Failed to download boletin 13442669 (status=200, first bytes=b'\r\n\r\n\r\n\r\n<!DOCTYPE ht')
  WARNING: Failed to download boletin 13781209 (status=200, first bytes=b'\r\n\r\n\r\n\r\n<!DOCTYPE ht')
  WARNING: Failed to download boletin 13409007 (status=200, first bytes=b'\r\n\r\n\r\n\r\n<!DOCTYPE ht')
  WARNING: Failed to download boletin 13404040 (status=200, first bytes=b'\r\n\r\n\r\n\r\n<!DOCTYPE ht')
  WARNING: Failed to download boletin 15611517 (status=200, first bytes=b'\r\n\r\n\r\n\r\n<!DOCTYPE ht')
  WARNING: Failed to download boletin 12297786 (status=200, first bytes=b'\r\n\r\n\r\n\r\n<!DOCTYPE ht')
  WARNING: Failed to download boletin 13442679 (status=200, first bytes=b'\r\n\r\n\r\n\r\n<!DOCTYPE ht')
  WARNING: Failed to download boletin 15603552 (status=200, first bytes=b'\r\n\r\n\r\n\r\n<!DOCTYPE ht')
  OK: no data
[Guipúzcoa 2/88] ADUNA
  WARNING: Failed to download boletin 13943609 (status=200, first bytes=b'\r\n\r\n\r\n\r\n<!DOCTYPE ht')
  WARNING: Failed to download boletin 15720918 (status=200, first bytes=b'\r\n\r\n\r\n\r\n<!DOCTYPE ht')
  WARNING: Failed to download boletin 15602547 (status=200, first bytes=b'\r\n\r\n\r\n\r\n<!DOCTYPE ht')
  WARNING: Failed to download boletin 13553856 (status=200, first bytes=b'\r\n\r\n\r\n\r\n<!DOCTYPE ht')
  WARNING: Failed to download boletin 13662733 (status=200, first bytes=b'\r\n\r\n\r\n\r\n<!DOCTYPE ht')
  WARNING: Failed to download boletin 13661454 (status=200, first bytes=b'\r\n\r\n\r\n\r\n<!DOCTYPE ht')
  WARNING: Failed to download boletin 13409017 (status=200, first bytes=b'\r\n\r\n\r\n\r\n<!DOCTYPE ht')
  WARNING: Failed to download boletin 13360826 (status=200, first bytes=b'\r\n\r\n\r\n\r\n<!DOCTYPE ht')
  WARNING: Failed to download boletin 13384729 (status=200, first bytes=b'\r\n\r\n\r\n\r\n<!DOCTYPE ht')
  WARNING: Failed to download boletin 12815922 (status=200, first bytes=b'\r\n\r\n\r\n\r\n<!DOCTYPE ht')
  WARNING: Failed to download boletin 13381206 (status=200, first bytes=b'\r\n\r\n\r\n\r\n<!DOCTYPE ht')
  WARNING: Failed to download boletin 10097963 (status=200, first bytes=b'\r\n\r\n\r\n\r\n<!DOCTYPE ht')
  WARNING: Failed to download boletin 15583621 (status=200, first bytes=b'\r\n\r\n\r\n\r\n<!DOCTYPE ht')
  WARNING: Failed to download boletin 15614982 (status=200, first bytes=b'\r\n\r\n\r\n\r\n<!DOCTYPE ht')
  WARNING: Failed to download boletin 15568301 (status=200, first bytes=b'\r\n\r\n\r\n\r\n<!DOCTYPE ht')
  WARNING: Failed to download boletin 7653502 (status=200, first bytes=b'\r\n\r\n\r\n\r\n<!DOCTYPE ht')
  WARNING: Failed to download boletin 15582476 (status=200, first bytes=b'\r\n\r\n\r\n\r\n<!DOCTYPE ht')
  WARNING: Failed to download boletin 13943606 (status=200, first bytes=b'\r\n\r\n\r\n\r\n<!DOCTYPE ht')
  WARNING: Failed to download boletin 13553857 (status=200, first bytes=b'\r\n\r\n\r\n\r\n<!DOCTYPE ht')  WARNING: Failed to download boletin 13553858 (status=200, first bytes=b'\r\n\r\n\r\n\r\n<!DOCTYPE ht')

  WARNING: Failed to download boletin 13409012 (status=200, first bytes=b'\r\n\r\n\r\n\r\n<!DOCTYPE ht')
  WARNING: Failed to download boletin 13404041 (status=200, first bytes=b'\r\n\r\n\r\n\r\n<!DOCTYPE ht')
  WARNING: Failed to download boletin 13384735 (status=200, first bytes=b'\r\n\r\n\r\n\r\n<!DOCTYPE ht')
  WARNING: Failed to download boletin 13404046 (status=200, first bytes=b'\r\n\r\n\r\n\r\n<!DOCTYPE ht')
  WARNING: Failed to download boletin 13358542 (status=200, first bytes=b'\r\n\r\n\r\n\r\n<!DOCTYPE ht')
  WARNING: Failed to download boletin 15583595 (status=200, first bytes=b'\r\n\r\n\r\n\r\n<!DOCTYPE ht')
  WARNING: Failed to download boletin 13661452 (status=200, first bytes=b'\r\n\r\n\r\n\r\n<!DOCTYPE ht')
  WARNING: Failed to download boletin 13381200 (status=200, first bytes=b'\r\n\r\n\r\n\r\n<!DOCTYPE ht')
  WARNING: Failed to download boletin 15720888 (status=200, first bytes=b'\r\n\r\n\r\n\r\n<!DOCTYPE ht')
  WARNING: Failed to download boletin 15568304 (status=200, first bytes=b'\r\n\r\n\r\n\r\n<!DOCTYPE ht')
  WARNING: Failed to download boletin 15611570 (status=200, first bytes=b'\r\n\r\n\r\n\r\n<!DOCTYPE ht')
  WARNING: Failed to download boletin 15592320 (status=200, first bytes=b'\r\n\r\n\r\n\r\n<!DOCTYPE ht')
  WARNING: Failed to download boletin 15592318 (status=200, first bytes=b'\r\n\r\n\r\n\r\n<!DOCTYPE ht')
  WARNING: Failed to download boletin 15582475 (status=200, first bytes=b'\r\n\r\n\r\n\r\n<!DOCTYPE ht')
  WARNING: Failed to download boletin 15578931 (status=200, first bytes=b'\r\n\r\n\r\n\r\n<!DOCTYPE ht')
  WARNING: Failed to download boletin 13943617 (status=200, first bytes=b'\r\n\r\n\r\n\r\n<!DOCTYPE ht')
  WARNING: Failed to download boletin 13943614 (status=200, first bytes=b'\r\n\r\n\r\n\r\n<!DOCTYPE ht')
  WARNING: Failed to download boletin 13626416 (status=200, first bytes=b'\r\n\r\n\r\n\r\n<!DOCTYPE ht')
  WARNING: Failed to download boletin 13781210 (status=200, first bytes=b'\r\n\r\n\r\n\r\n<!DOCTYPE ht')
  WARNING: Failed to download boletin 15617968 (status=200, first bytes=b'\r\n\r\n\r\n\r\n<!DOCTYPE ht')
  WARNING: Failed to download boletin 11236340 (status=200, first bytes=b'\r\n\r\n\r\n\r\n<!DOCTYPE ht')
  WARNING: Failed to download boletin 13626428 (status=200, first bytes=b'\r\n\r\n\r\n\r\n<!DOCTYPE ht')
  WARNING: Failed to download boletin 8932275 (status=200, first bytes=b'\r\n\r\n\r\n\r\n<!DOCTYPE ht')
  WARNING: Failed to download boletin 3837410 (status=200, first bytes=b'\r\n\r\n\r\n\r\n<!DOCTYPE ht')
  WARNING: Failed to download boletin 6140375 (status=200, first bytes=b'\r\n\r\n\r\n\r\n<!DOCTYPE ht')
  WARNING: Failed to download boletin 2515348 (status=200, first bytes=b'\r\n\r\n\r\n\r\n<!DOCTYPE ht')
  WARNING: Failed to download boletin 2528153 (status=200, first bytes=b'\r\n\r\n\r\n\r\n<!DOCTYPE ht')
  WARNING: Failed to download boletin 2530252 (status=200, first bytes=b'\r\n\r\n\r\n\r\n<!DOCTYPE ht')
  WARNING: Failed to download boletin 15603555 (status=200, first bytes=b'\r\n\r\n\r\n\r\n<!DOCTYPE ht')
  WARNING: Failed to download boletin 1934812 (status=200, first bytes=b'\r\n\r\n\r\n\r\n<!DOCTYPE ht')
  OK: no data
[Guipúzcoa 3/88] AIA
  WARNING: Failed to download boletin 15722297 (status=200, first bytes=b'\r\n\r\n\r\n\r\n<!DOCTYPE ht')
  WARNING: Failed to download boletin 15615109 (status=200, first bytes=b'\r\n\r\n\r\n\r\n<!DOCTYPE ht')
  WARNING: Failed to download boletin 15618845 (status=200, first bytes=b'\r\n\r\n\r\n\r\n<!DOCTYPE ht')
  WARNING: Failed to download boletin 15612588 (status=200, first bytes=b'\r\n\r\n\r\n\r\n<!DOCTYPE ht')
  WARNING: Failed to download boletin 15584046 (status=200, first bytes=b'\r\n\r\n\r\n\r\n<!DOCTYPE ht')
  WARNING: Failed to download boletin 15579097 (status=200, first bytes=b'\r\n\r\n\r\n\r\n<!DOCTYPE ht')
  WARNING: Failed to download boletin 13661560 (status=200, first bytes=b'\r\n\r\n\r\n\r\n<!DOCTYPE ht')
  WARNING: Failed to download boletin 13781287 (status=200, first bytes=b'\r\n\r\n\r\n\r\n<!DOCTYPE ht')
  WARNING: Failed to download boletin 13553908 (status=200, first bytes=b'\r\n\r\n\r\n\r\n<!DOCTYPE ht')
  WARNING: Failed to download boletin 13626610 (status=200, first bytes=b'\r\n\r\n\r\n\r\n<!DOCTYPE ht')
  WARNING: Failed to download boletin 14687563 (status=200, first bytes=b'\r\n\r\n\r\n\r\n<!DOCTYPE ht')
  WARNING: Failed to download boletin 15592384 (status=200, first bytes=b'\r\n\r\n\r\n\r\n<!DOCTYPE ht')
  WARNING: Failed to download boletin 13404119 (status=200, first bytes=b'\r\n\r\n\r\n\r\n<!DOCTYPE ht')
  WARNING: Failed to download boletin 13511416 (status=200, first bytes=b'\r\n\r\n\r\n\r\n<!DOCTYPE ht')
  WARNING: Failed to download boletin 12293734 (status=200, first bytes=b'\r\n\r\n\r\n\r\n<!DOCTYPE ht')
  WARNING: Failed to download boletin 12298090 (status=200, first bytes=b'\r\n\r\n\r\n\r\n<!DOCTYPE ht')
  WARNING: Failed to download boletin 11234357 (status=200, first bytes=b'\r\n\r\n\r\n\r\n<!DOCTYPE ht')
  WARNING: Failed to download boletin 11236887 (status=200, first bytes=b'\r\n\r\n\r\n\r\n<!DOCTYPE ht')
  WARNING: Failed to download boletin 10315457 (status=200, first bytes=b'\r\n\r\n\r\n\r\n<!DOCTYPE ht')
  WARNING: Failed to download boletin 9647580 (status=200, first bytes=b'\r\n\r\n\r\n\r\n<!DOCTYPE ht')
  WARNING: Failed to download boletin 15568484 (status=200, first bytes=b'\r\n\r\n\r\n\r\n<!DOCTYPE ht')
  WARNING: Failed to download boletin 15722232 (status=200, first bytes=b'\r\n\r\n\r\n\r\n<!DOCTYPE ht')
  WARNING: Failed to download boletin 15615105 (status=200, first bytes=b'\r\n\r\n\r\n\r\n<!DOCTYPE ht')
  WARNING: Failed to download boletin 15615104 (status=200, first bytes=b'\r\n\r\n\r\n\r\n<!DOCTYPE ht')
  WARNING: Failed to download boletin 15592380 (status=200, first bytes=b'\r\n\r\n\r\n\r\n<!DOCTYPE ht')
  WARNING: Failed to download boletin 15587284 (status=200, first bytes=b'\r\n\r\n\r\n\r\n<!DOCTYPE ht')
  WARNING: Failed to download boletin 15584013 (status=200, first bytes=b'\r\n\r\n\r\n\r\n<!DOCTYPE ht')
  WARNING: Failed to download boletin 15579091 (status=200, first bytes=b'\r\n\r\n\r\n\r\n<!DOCTYPE ht')
  WARNING: Failed to download boletin 13943784 (status=200, first bytes=b'\r\n\r\n\r\n\r\n<!DOCTYPE ht')
  WARNING: Failed to download boletin 13661548 (status=200, first bytes=b'\r\n\r\n\r\n\r\n<!DOCTYPE ht')
  WARNING: Failed to download boletin 13557472 (status=200, first bytes=b'\r\n\r\n\r\n\r\n<!DOCTYPE ht')
  WARNING: Failed to download boletin 15584009 (status=200, first bytes=b'\r\n\r\n\r\n\r\n<!DOCTYPE ht')
  WARNING: Failed to download boletin 13381440 (status=200, first bytes=b'\r\n\r\n\r\n\r\n<!DOCTYPE ht')
  WARNING: Failed to download boletin 13661547 (status=200, first bytes=b'\r\n\r\n\r\n\r\n<!DOCTYPE ht')
  WARNING: Failed to download boletin 15700313 (status=200, first bytes=b'\r\n\r\n\r\n\r\n<!DOCTYPE ht')
  WARNING: Failed to download boletin 15612578 (status=200, first bytes=b'\r\n\r\n\r\n\r\n<!DOCTYPE ht')
  WARNING: Failed to download boletin 15587456 (status=200, first bytes=b'\r\n\r\n\r\n\r\n<!DOCTYPE ht')
  WARNING: Failed to download boletin 13943775 (status=200, first bytes=b'\r\n\r\n\r\n\r\n<!DOCTYPE ht')
  WARNING: Failed to download boletin 15582534 (status=200, first bytes=b'\r\n\r\n\r\n\r\n<!DOCTYPE ht')
  WARNING: Failed to download boletin 13443176 (status=200, first bytes=b'\r\n\r\n\r\n\r\n<!DOCTYPE ht')
  WARNING: Failed to download boletin 13385117 (status=200, first bytes=b'\r\n\r\n\r\n\r\n<!DOCTYPE ht')
  WARNING: Failed to download boletin 13360874 (status=200, first bytes=b'\r\n\r\n\r\n\r\n<!DOCTYPE ht')
  WARNING: Failed to download boletin 12815981 (status=200, first bytes=b'\r\n\r\n\r\n\r\n<!DOCTYPE ht')
  WARNING: Failed to download boletin 12423804 (status=200, first bytes=b'\r\n\r\n\r\n\r\n<!DOCTYPE ht')
  WARNING: Failed to download boletin 12698044 (status=200, first bytes=b'\r\n\r\n\r\n\r\n<!DOCTYPE ht')
  WARNING: Failed to download boletin 15722287 (status=200, first bytes=b'\r\n\r\n\r\n\r\n<!DOCTYPE ht')
  WARNING: Failed to download boletin 11236777 (status=200, first bytes=b'\r\n\r\n\r\n\r\n<!DOCTYPE ht')
  WARNING: Failed to download boletin 13661556 (status=200, first bytes=b'\r\n\r\n\r\n\r\n<!DOCTYPE ht')
  WARNING: Failed to download boletin 8935303 (status=200, first bytes=b'\r\n\r\n\r\n\r\n<!DOCTYPE ht')
  WARNING: Failed to download boletin 632218 (status=200, first bytes=b'\r\n\r\n\r\n\r\n<!DOCTYPE ht')
  WARNING: Failed to download boletin 15603561 (status=200, first bytes=b'\r\n\r\n\r\n\r\n<!DOCTYPE ht')
  WARNING: Failed to download boletin 15618787 (status=200, first bytes=b'\r\n\r\n\r\n\r\n<!DOCTYPE ht')  WARNING: Failed to download boletin 15615100 (status=200, first bytes=b'\r\n\r\n\r\n\r\n<!DOCTYPE ht')

  WARNING: Failed to download boletin 15602614 (status=200, first bytes=b'\r\n\r\n\r\n\r\n<!DOCTYPE ht')
  WARNING: Failed to download boletin 15592379 (status=200, first bytes=b'\r\n\r\n\r\n\r\n<!DOCTYPE ht')
  WARNING: Failed to download boletin 15583983 (status=200, first bytes=b'\r\n\r\n\r\n\r\n<!DOCTYPE ht')
  WARNING: Failed to download boletin 15579084 (status=200, first bytes=b'\r\n\r\n\r\n\r\n<!DOCTYPE ht')
  WARNING: Failed to download boletin 13662748 (status=200, first bytes=b'\r\n\r\n\r\n\r\n<!DOCTYPE ht')
  WARNING: Failed to download boletin 13661542 (status=200, first bytes=b'\r\n\r\n\r\n\r\n<!DOCTYPE ht')
  WARNING: Failed to download boletin 13943831 (status=200, first bytes=b'\r\n\r\n\r\n\r\n<!DOCTYPE ht')
  WARNING: Failed to download boletin 13626613 (status=200, first bytes=b'\r\n\r\n\r\n\r\n<!DOCTYPE ht')
  WARNING: Failed to download boletin 15722184 (status=200, first bytes=b'\r\n\r\n\r\n\r\n<!DOCTYPE ht')
  WARNING: Failed to download boletin 10822616 (status=200, first bytes=b'\r\n\r\n\r\n\r\n<!DOCTYPE ht')
  WARNING: Failed to download boletin 13661540 (status=200, first bytes=b'\r\n\r\n\r\n\r\n<!DOCTYPE ht')
  WARNING: Failed to download boletin 8009719 (status=200, first bytes=b'\r\n\r\n\r\n\r\n<!DOCTYPE ht')
  WARNING: Failed to download boletin 3834312 (status=200, first bytes=b'\r\n\r\n\r\n\r\n<!DOCTYPE ht')
  WARNING: Failed to download boletin 5471335 (status=200, first bytes=b'\r\n\r\n\r\n\r\n<!DOCTYPE ht')
  WARNING: Failed to download boletin 3063562 (status=200, first bytes=b'\r\n\r\n\r\n\r\n<!DOCTYPE ht')
  WARNING: Failed to download boletin 3063569 (status=200, first bytes=b'\r\n\r\n\r\n\r\n<!DOCTYPE ht')
  WARNING: Failed to download boletin 3834323 (status=200, first bytes=b'\r\n\r\n\r\n\r\n<!DOCTYPE ht')
  WARNING: Failed to download boletin 15722143 (status=200, first bytes=b'\r\n\r\n\r\n\r\n<!DOCTYPE ht')
  WARNING: Failed to download boletin 1939297 (status=200, first bytes=b'\r\n\r\n\r\n\r\n<!DOCTYPE ht')
  WARNING: Failed to download boletin 15700314 (status=200, first bytes=b'\r\n\r\n\r\n\r\n<!DOCTYPE ht')
  WARNING: Failed to download boletin 15625922 (status=200, first bytes=b'\r\n\r\n\r\n\r\n<!DOCTYPE ht')
  WARNING: Failed to download boletin 15612593 (status=200, first bytes=b'\r\n\r\n\r\n\r\n<!DOCTYPE ht')
  WARNING: Failed to download boletin 15615098 (status=200, first bytes=b'\r\n\r\n\r\n\r\n<!DOCTYPE ht')
  WARNING: Failed to download boletin 15592378 (status=200, first bytes=b'\r\n\r\n\r\n\r\n<!DOCTYPE ht')
  WARNING: Failed to download boletin 15582527 (status=200, first bytes=b'\r\n\r\n\r\n\r\n<!DOCTYPE ht')
  WARNING: Failed to download boletin 15583980 (status=200, first bytes=b'\r\n\r\n\r\n\r\n<!DOCTYPE ht')
  WARNING: Failed to download boletin 15579100 (status=200, first bytes=b'\r\n\r\n\r\n\r\n<!DOCTYPE ht')
  WARNING: Failed to download boletin 13781286 (status=200, first bytes=b'\r\n\r\n\r\n\r\n<!DOCTYPE ht')
  WARNING: Failed to download boletin 13781285 (status=200, first bytes=b'\r\n\r\n\r\n\r\n<!DOCTYPE ht')
  WARNING: Failed to download boletin 15618879 (status=200, first bytes=b'\r\n\r\n\r\n\r\n<!DOCTYPE ht')
  WARNING: Failed to download boletin 13943852 (status=200, first bytes=b'\r\n\r\n\r\n\r\n<!DOCTYPE ht')
  WARNING: Failed to download boletin 13661538 (status=200, first bytes=b'\r\n\r\n\r\n\r\n<!DOCTYPE ht')
  WARNING: Failed to download boletin 13626606 (status=200, first bytes=b'\r\n\r\n\r\n\r\n<!DOCTYPE ht')
  WARNING: Failed to download boletin 12698075 (status=200, first bytes=b'\r\n\r\n\r\n\r\n<!DOCTYPE ht')
  WARNING: Failed to download boletin 11874421 (status=200, first bytes=b'\r\n\r\n\r\n\r\n<!DOCTYPE ht')
  WARNING: Failed to download boletin 9662814 (status=200, first bytes=b'\r\n\r\n\r\n\r\n<!DOCTYPE ht')
  WARNING: Failed to download boletin 7209670 (status=200, first bytes=b'\r\n\r\n\r\n\r\n<!DOCTYPE ht')
  WARNING: Failed to download boletin 15618766 (status=200, first bytes=b'\r\n\r\n\r\n\r\n<!DOCTYPE ht')
  WARNING: Failed to download boletin 3063854 (status=200, first bytes=b'\r\n\r\n\r\n\r\n<!DOCTYPE ht')
  WARNING: Failed to download boletin 5433595 (status=200, first bytes=b'\r\n\r\n\r\n\r\n<!DOCTYPE ht')
  WARNING: Failed to download boletin 13626619 (status=200, first bytes=b'\r\n\r\n\r\n\r\n<!DOCTYPE ht')
  WARNING: Failed to download boletin 15603562 (status=200, first bytes=b'\r\n\r\n\r\n\r\n<!DOCTYPE ht')
  OK: no data
[Guipúzcoa 4/88] AIZARNAZABAL
  WARNING: Failed to download boletin 15618043 (status=200, first bytes=b'\r\n\r\n\r\n\r\n<!DOCTYPE ht')
  WARNING: Failed to download boletin 15611633 (status=200, first bytes=b'\r\n\r\n\r\n\r\n<!DOCTYPE ht')
  WARNING: Failed to download boletin 15583641 (status=200, first bytes=b'\r\n\r\n\r\n\r\n<!DOCTYPE ht')
  WARNING: Failed to download boletin 15578942 (status=200, first bytes=b'\r\n\r\n\r\n\r\n<!DOCTYPE ht')
  WARNING: Failed to download boletin 13943633 (status=200, first bytes=b'\r\n\r\n\r\n\r\n<!DOCTYPE ht')
  WARNING: Failed to download boletin 13943628 (status=200, first bytes=b'\r\n\r\n\r\n\r\n<!DOCTYPE ht')
  WARNING: Failed to download boletin 13553861 (status=200, first bytes=b'\r\n\r\n\r\n\r\n<!DOCTYPE ht')
  WARNING: Failed to download boletin 13626437 (status=200, first bytes=b'\r\n\r\n\r\n\r\n<!DOCTYPE ht')
  WARNING: Failed to download boletin 13442711 (status=200, first bytes=b'\r\n\r\n\r\n\r\n<!DOCTYPE ht')
  WARNING: Failed to download boletin 13405350 (status=200, first bytes=b'\r\n\r\n\r\n\r\n<!DOCTYPE ht')
  WARNING: Failed to download boletin 15582478 (status=200, first bytes=b'\r\n\r\n\r\n\r\n<!DOCTYPE ht')
  WARNING: Failed to download boletin 13781218 (status=200, first bytes=b'\r\n\r\n\r\n\r\n<!DOCTYPE ht')
  WARNING: Failed to download boletin 12769487 (status=200, first bytes=b'\r\n\r\n\r\n\r\n<!DOCTYPE ht')
  WARNING: Failed to download boletin 650498 (status=200, first bytes=b'\r\n\r\n\r\n\r\n<!DOCTYPE ht')
  WARNING: Failed to download boletin 631703 (status=200, first bytes=b'\r\n\r\n\r\n\r\n<!DOCTYPE ht')
  WARNING: Failed to download boletin 647600 (status=200, first bytes=b'\r\n\r\n\r\n\r\n<!DOCTYPE ht')
  WARNING: Failed to download boletin 15700308 (status=200, first bytes=b'\r\n\r\n\r\n\r\n<!DOCTYPE ht')
  WARNING: Failed to download boletin 15720951 (status=200, first bytes=b'\r\n\r\n\r\n\r\n<!DOCTYPE ht')
  WARNING: Failed to download boletin 15618017 (status=200, first bytes=b'\r\n\r\n\r\n\r\n<!DOCTYPE ht')
  WARNING: Failed to download boletin 15614985 (status=200, first bytes=b'\r\n\r\n\r\n\r\n<!DOCTYPE ht')
  WARNING: Failed to download boletin 15592322 (status=200, first bytes=b'\r\n\r\n\r\n\r\n<!DOCTYPE ht')
  WARNING: Failed to download boletin 15611614 (status=200, first bytes=b'\r\n\r\n\r\n\r\n<!DOCTYPE ht')
  WARNING: Failed to download boletin 15583627 (status=200, first bytes=b'\r\n\r\n\r\n\r\n<!DOCTYPE ht')
  WARNING: Failed to download boletin 15582477 (status=200, first bytes=b'\r\n\r\n\r\n\r\n<!DOCTYPE ht')
  WARNING: Failed to download boletin 13781219 (status=200, first bytes=b'\r\n\r\n\r\n\r\n<!DOCTYPE ht')
  WARNING: Failed to download boletin 13661457 (status=200, first bytes=b'\r\n\r\n\r\n\r\n<!DOCTYPE ht')
  WARNING: Failed to download boletin 13626446 (status=200, first bytes=b'\r\n\r\n\r\n\r\n<!DOCTYPE ht')
  WARNING: Failed to download boletin 13384763 (status=200, first bytes=b'\r\n\r\n\r\n\r\n<!DOCTYPE ht')
  WARNING: Failed to download boletin 15587369 (status=200, first bytes=b'\r\n\r\n\r\n\r\n<!DOCTYPE ht')
  WARNING: Failed to download boletin 7653559 (status=200, first bytes=b'\r\n\r\n\r\n\r\n<!DOCTYPE ht')
  WARNING: Failed to download boletin 3837417 (status=200, first bytes=b'\r\n\r\n\r\n\r\n<!DOCTYPE ht')
  WARNING: Failed to download boletin 5834852 (status=200, first bytes=b'\r\n\r\n\r\n\r\n<!DOCTYPE ht')
  WARNING: Failed to download boletin 979587 (status=200, first bytes=b'\r\n\r\n\r\n\r\n<!DOCTYPE ht')
  WARNING: Failed to download boletin 1938541 (status=200, first bytes=b'\r\n\r\n\r\n\r\n<!DOCTYPE ht')
  WARNING: Failed to download boletin 3834309 (status=200, first bytes=b'\r\n\r\n\r\n\r\n<!DOCTYPE ht')
  WARNING: Failed to download boletin 15700307 (status=200, first bytes=b'\r\n\r\n\r\n\r\n<!DOCTYPE ht')
  WARNING: Failed to download boletin 648327 (status=200, first bytes=b'\r\n\r\n\r\n\r\n<!DOCTYPE ht')
  OK: no data
[Guipúzcoa 5/88] ALBIZTUR
  WARNING: Failed to download boletin 15602553 (status=200, first bytes=b'\r\n\r\n\r\n\r\n<!DOCTYPE ht')  WARNING: Failed to download boletin 15721017 (status=200, first bytes=b'\r\n\r\n\r\n\r\n<!DOCTYPE ht')  WARNING: Failed to download boletin 15592324 (status=200, first bytes=b'\r\n\r\n\r\n\r\n<!DOCTYPE ht')


  WARNING: Failed to download boletin 15587374 (status=200, first bytes=b'\r\n\r\n\r\n\r\n<!DOCTYPE ht')
  WARNING: Failed to download boletin 15578950 (status=200, first bytes=b'\r\n\r\n\r\n\r\n<!DOCTYPE ht')
  WARNING: Failed to download boletin 15583648 (status=200, first bytes=b'\r\n\r\n\r\n\r\n<!DOCTYPE ht')
  WARNING: Failed to download boletin 13553866 (status=200, first bytes=b'\r\n\r\n\r\n\r\n<!DOCTYPE ht')
  WARNING: Failed to download boletin 13943635 (status=200, first bytes=b'\r\n\r\n\r\n\r\n<!DOCTYPE ht')
  WARNING: Failed to download boletin 13447473 (status=200, first bytes=b'\r\n\r\n\r\n\r\n<!DOCTYPE ht')
  WARNING: Failed to download boletin 13442757 (status=200, first bytes=b'\r\n\r\n\r\n\r\n<!DOCTYPE ht')
  WARNING: Failed to download boletin 15618088 (status=200, first bytes=b'\r\n\r\n\r\n\r\n<!DOCTYPE ht')
  WARNING: Failed to download boletin 13626452 (status=200, first bytes=b'\r\n\r\n\r\n\r\n<!DOCTYPE ht')
  WARNING: Failed to download boletin 12297860 (status=200, first bytes=b'\r\n\r\n\r\n\r\n<!DOCTYPE ht')
  WARNING: Failed to download boletin 9646152 (status=200, first bytes=b'\r\n\r\n\r\n\r\n<!DOCTYPE ht')
  WARNING: Failed to download boletin 9661399 (status=200, first bytes=b'\r\n\r\n\r\n\r\n<!DOCTYPE ht')
  WARNING: Failed to download boletin 8921746 (status=200, first bytes=b'\r\n\r\n\r\n\r\n<!DOCTYPE ht')
  WARNING: Failed to download boletin 7208415 (status=200, first bytes=b'\r\n\r\n\r\n\r\n<!DOCTYPE ht')
  WARNING: Failed to download boletin 3067043 (status=200, first bytes=b'\r\n\r\n\r\n\r\n<!DOCTYPE ht')
  WARNING: Failed to download boletin 5431985 (status=200, first bytes=b'\r\n\r\n\r\n\r\n<!DOCTYPE ht')
  WARNING: Failed to download boletin 13781230 (status=200, first bytes=b'\r\n\r\n\r\n\r\n<!DOCTYPE ht')
  WARNING: Failed to download boletin 15567939 (status=200, first bytes=b'\r\n\r\n\r\n\r\n<!DOCTYPE ht')
  WARNING: Failed to download boletin 15721180 (status=200, first bytes=b'\r\n\r\n\r\n\r\n<!DOCTYPE ht')
  WARNING: Failed to download boletin 1371587 (status=200, first bytes=b'\r\n\r\n\r\n\r\n<!DOCTYPE ht')
  WARNING: Failed to download boletin 15587377 (status=200, first bytes=b'\r\n\r\n\r\n\r\n<!DOCTYPE ht')
  WARNING: Failed to download boletin 15618149 (status=200, first bytes=b'\r\n\r\n\r\n\r\n<!DOCTYPE ht')
  WARNING: Failed to download boletin 15582485 (status=200, first bytes=b'\r\n\r\n\r\n\r\n<!DOCTYPE ht')
  WARNING: Failed to download boletin 13781225 (status=200, first bytes=b'\r\n\r\n\r\n\r\n<!DOCTYPE ht')
  WARNING: Failed to download boletin 13661462 (status=200, first bytes=b'\r\n\r\n\r\n\r\n<!DOCTYPE ht')
  WARNING: Failed to download boletin 13553865 (status=200, first bytes=b'\r\n\r\n\r\n\r\n<!DOCTYPE ht')
  WARNING: Failed to download boletin 13384773 (status=200, first bytes=b'\r\n\r\n\r\n\r\n<!DOCTYPE ht')
  WARNING: Failed to download boletin 13404054 (status=200, first bytes=b'\r\n\r\n\r\n\r\n<!DOCTYPE ht')
  WARNING: Failed to download boletin 13381222 (status=200, first bytes=b'\r\n\r\n\r\n\r\n<!DOCTYPE ht')
  WARNING: Failed to download boletin 15567931 (status=200, first bytes=b'\r\n\r\n\r\n\r\n<!DOCTYPE ht')
  WARNING: Failed to download boletin 15618166 (status=200, first bytes=b'\r\n\r\n\r\n\r\n<!DOCTYPE ht')
  WARNING: Failed to download boletin 13442742 (status=200, first bytes=b'\r\n\r\n\r\n\r\n<!DOCTYPE ht')
  WARNING: Failed to download boletin 15611742 (status=200, first bytes=b'\r\n\r\n\r\n\r\n<!DOCTYPE ht')
  WARNING: Failed to download boletin 13781221 (status=200, first bytes=b'\r\n\r\n\r\n\r\n<!DOCTYPE ht')
  WARNING: Failed to download boletin 15583659 (status=200, first bytes=b'\r\n\r\n\r\n\r\n<!DOCTYPE ht')
  WARNING: Failed to download boletin 15611771 (status=200, first bytes=b'\r\n\r\n\r\n\r\n<!DOCTYPE ht')
  WARNING: Failed to download boletin 13553864 (status=200, first bytes=b'\r\n\r\n\r\n\r\n<!DOCTYPE ht')
  WARNING: Failed to download boletin 13442726 (status=200, first bytes=b'\r\n\r\n\r\n\r\n<!DOCTYPE ht')
  WARNING: Failed to download boletin 13404052 (status=200, first bytes=b'\r\n\r\n\r\n\r\n<!DOCTYPE ht')
  WARNING: Failed to download boletin 13381220 (status=200, first bytes=b'\r\n\r\n\r\n\r\n<!DOCTYPE ht')
  WARNING: Failed to download boletin 13358576 (status=200, first bytes=b'\r\n\r\n\r\n\r\n<!DOCTYPE ht')
  WARNING: Failed to download boletin 13360078 (status=200, first bytes=b'\r\n\r\n\r\n\r\n<!DOCTYPE ht')
  WARNING: Failed to download boletin 15721264 (status=200, first bytes=b'\r\n\r\n\r\n\r\n<!DOCTYPE ht')
  WARNING: Failed to download boletin 13661465 (status=200, first bytes=b'\r\n\r\n\r\n\r\n<!DOCTYPE ht')
  WARNING: Failed to download boletin 12297856 (status=200, first bytes=b'\r\n\r\n\r\n\r\n<!DOCTYPE ht')
  WARNING: Failed to download boletin 15567927 (status=200, first bytes=b'\r\n\r\n\r\n\r\n<!DOCTYPE ht')
  OK: no data
[Guipúzcoa 6/88] ALEGIA
  WARNING: Failed to download boletin 15721301 (status=200, first bytes=b'\r\n\r\n\r\n\r\n<!DOCTYPE ht')
  WARNING: Failed to download boletin 15615005 (status=200, first bytes=b'\r\n\r\n\r\n\r\n<!DOCTYPE ht')
  WARNING: Failed to download boletin 15582489 (status=200, first bytes=b'\r\n\r\n\r\n\r\n<!DOCTYPE ht')
  WARNING: Failed to download boletin 13626466 (status=200, first bytes=b'\r\n\r\n\r\n\r\n<!DOCTYPE ht')
  WARNING: Failed to download boletin 13943640 (status=200, first bytes=b'\r\n\r\n\r\n\r\n<!DOCTYPE ht')
  WARNING: Failed to download boletin 13661467 (status=200, first bytes=b'\r\n\r\n\r\n\r\n<!DOCTYPE ht')
  WARNING: Failed to download boletin 13442774 (status=200, first bytes=b'\r\n\r\n\r\n\r\n<!DOCTYPE ht')
  WARNING: Failed to download boletin 13409081 (status=200, first bytes=b'\r\n\r\n\r\n\r\n<!DOCTYPE ht')
  WARNING: Failed to download boletin 13553870 (status=200, first bytes=b'\r\n\r\n\r\n\r\n<!DOCTYPE ht')
  WARNING: Failed to download boletin 13384797 (status=200, first bytes=b'\r\n\r\n\r\n\r\n<!DOCTYPE ht')
  WARNING: Failed to download boletin 15568476 (status=200, first bytes=b'\r\n\r\n\r\n\r\n<!DOCTYPE ht')
  WARNING: Failed to download boletin 15615008 (status=200, first bytes=b'\r\n\r\n\r\n\r\n<!DOCTYPE ht')
  WARNING: Failed to download boletin 15611808 (status=200, first bytes=b'\r\n\r\n\r\n\r\n<!DOCTYPE ht')
  WARNING: Failed to download boletin 15587381 (status=200, first bytes=b'\r\n\r\n\r\n\r\n<!DOCTYPE ht')
  WARNING: Failed to download boletin 15578979 (status=200, first bytes=b'\r\n\r\n\r\n\r\n<!DOCTYPE ht')
  WARNING: Failed to download boletin 15582490 (status=200, first bytes=b'\r\n\r\n\r\n\r\n<!DOCTYPE ht')
  WARNING: Failed to download boletin 15583668 (status=200, first bytes=b'\r\n\r\n\r\n\r\n<!DOCTYPE ht')
  WARNING: Failed to download boletin 13778235 (status=200, first bytes=b'\r\n\r\n\r\n\r\n<!DOCTYPE ht')
  WARNING: Failed to download boletin 13943638 (status=200, first bytes=b'\r\n\r\n\r\n\r\n<!DOCTYPE ht')
  WARNING: Failed to download boletin 13553869 (status=200, first bytes=b'\r\n\r\n\r\n\r\n<!DOCTYPE ht')
  WARNING: Failed to download boletin 13409076 (status=200, first bytes=b'\r\n\r\n\r\n\r\n<!DOCTYPE ht')
  WARNING: Failed to download boletin 13442782 (status=200, first bytes=b'\r\n\r\n\r\n\r\n<!DOCTYPE ht')
  WARNING: Failed to download boletin 3063772 (status=200, first bytes=b'\r\n\r\n\r\n\r\n<!DOCTYPE ht')
  WARNING: Failed to download boletin 13781234 (status=200, first bytes=b'\r\n\r\n\r\n\r\n<!DOCTYPE ht')
  WARNING: Failed to download boletin 12769496 (status=200, first bytes=b'\r\n\r\n\r\n\r\n<!DOCTYPE ht')
  WARNING: Failed to download boletin 1937827 (status=200, first bytes=b'\r\n\r\n\r\n\r\n<!DOCTYPE ht')
  WARNING: Failed to download boletin 2515354 (status=200, first bytes=b'\r\n\r\n\r\n\r\n<!DOCTYPE ht')
  WARNING: Failed to download boletin 1940281 (status=200, first bytes=b'\r\n\r\n\r\n\r\n<!DOCTYPE ht')
  WARNING: Failed to download boletin 1365710 (status=200, first bytes=b'\r\n\r\n\r\n\r\n<!DOCTYPE ht')
  WARNING: Failed to download boletin 979433 (status=200, first bytes=b'\r\n\r\n\r\n\r\n<!DOCTYPE ht')
  WARNING: Failed to download boletin 1374842 (status=200, first bytes=b'\r\n\r\n\r\n\r\n<!DOCTYPE ht')
  WARNING: Failed to download boletin 970990 (status=200, first bytes=b'\r\n\r\n\r\n\r\n<!DOCTYPE ht')
  WARNING: Failed to download boletin 14687537 (status=200, first bytes=b'\r\n\r\n\r\n\r\n<!DOCTYPE ht')
  OK: no data
[Guipúzcoa 7/88] ALKIZA
  WARNING: Failed to download boletin 633280 (status=200, first bytes=b'\r\n\r\n\r\n\r\n<!DOCTYPE ht')
  WARNING: Failed to download boletin 632524 (status=200, first bytes=b'\r\n\r\n\r\n\r\n<!DOCTYPE ht')
  WARNING: Failed to download boletin 631487 (status=200, first bytes=b'\r\n\r\n\r\n\r\n<!DOCTYPE ht')
  WARNING: Failed to download boletin 631387 (status=200, first bytes=b'\r\n\r\n\r\n\r\n<!DOCTYPE ht')
  WARNING: Failed to download boletin 631470 (status=200, first bytes=b'\r\n\r\n\r\n\r\n<!DOCTYPE ht')
  WARNING: Failed to download boletin 15700310 (status=200, first bytes=b'\r\n\r\n\r\n\r\n<!DOCTYPE ht')
  WARNING: Failed to download boletin 12328572 (status=200, first bytes=b'\r\n\r\n\r\n\r\n<!DOCTYPE ht')
  WARNING: Failed to download boletin 13776162 (status=200, first bytes=b'\r\n\r\n\r\n\r\n<!DOCTYPE ht')
  WARNING: Failed to download boletin 11234306 (status=200, first bytes=b'\r\n\r\n\r\n\r\n<!DOCTYPE ht')
  WARNING: Failed to download boletin 9646169 (status=200, first bytes=b'\r\n\r\n\r\n\r\n<!DOCTYPE ht')
  WARNING: Failed to download boletin 8921756 (status=200, first bytes=b'\r\n\r\n\r\n\r\n<!DOCTYPE ht')
  WARNING: Failed to download boletin 15568310 (status=200, first bytes=b'\r\n\r\n\r\n\r\n<!DOCTYPE ht')
  WARNING: Failed to download boletin 632243 (status=200, first bytes=b'\r\n\r\n\r\n\r\n<!DOCTYPE ht')
  OK: no data
[Guipúzcoa 8/88] ALTZAGA
  WARNING: Failed to download boletin 15613515 (status=200, first bytes=b'\r\n\r\n\r\n\r\n<!DOCTYPE ht')
  WARNING: Failed to download boletin 15584805 (status=200, first bytes=b'\r\n\r\n\r\n\r\n<!DOCTYPE ht')
  WARNING: Failed to download boletin 15584802 (status=200, first bytes=b'\r\n\r\n\r\n\r\n<!DOCTYPE ht')
  WARNING: Failed to download boletin 13445344 (status=200, first bytes=b'\r\n\r\n\r\n\r\n<!DOCTYPE ht')
  WARNING: Failed to download boletin 13781572 (status=200, first bytes=b'\r\n\r\n\r\n\r\n<!DOCTYPE ht')
  WARNING: Failed to download boletin 13953528 (status=200, first bytes=b'\r\n\r\n\r\n\r\n<!DOCTYPE ht')
  WARNING: Failed to download boletin 13404426 (status=200, first bytes=b'\r\n\r\n\r\n\r\n<!DOCTYPE ht')
  WARNING: Failed to download boletin 13359732 (status=200, first bytes=b'\r\n\r\n\r\n\r\n<!DOCTYPE ht')
  WARNING: Failed to download boletin 13382092 (status=200, first bytes=b'\r\n\r\n\r\n\r\n<!DOCTYPE ht')
  WARNING: Failed to download boletin 12816275 (status=200, first bytes=b'\r\n\r\n\r\n\r\n<!DOCTYPE ht')
  WARNING: Failed to download boletin 15622352 (status=200, first bytes=b'\r\n\r\n\r\n\r\n<!DOCTYPE ht')
  WARNING: Failed to download boletin 13626975 (status=200, first bytes=b'\r\n\r\n\r\n\r\n<!DOCTYPE ht')
  WARNING: Failed to download boletin 12590409 (status=200, first bytes=b'\r\n\r\n\r\n\r\n<!DOCTYPE ht')
  WARNING: Failed to download boletin 9665688 (status=200, first bytes=b'\r\n\r\n\r\n\r\n<!DOCTYPE ht')
  WARNING: Failed to download boletin 5433516 (status=200, first bytes=b'\r\n\r\n\r\n\r\n<!DOCTYPE ht')
  WARNING: Failed to download boletin 7219483 (status=200, first bytes=b'\r\n\r\n\r\n\r\n<!DOCTYPE ht')
  WARNING: Failed to download boletin 3140931 (status=200, first bytes=b'\r\n\r\n\r\n\r\n<!DOCTYPE ht')
  WARNING: Failed to download boletin 1366271 (status=200, first bytes=b'\r\n\r\n\r\n\r\n<!DOCTYPE ht')
  WARNING: Failed to download boletin 1373421 (status=200, first bytes=b'\r\n\r\n\r\n\r\n<!DOCTYPE ht')
  WARNING: Failed to download boletin 14805136 (status=200, first bytes=b'\r\n\r\n\r\n\r\n<!DOCTYPE ht')
  WARNING: Failed to download boletin 1937523 (status=200, first bytes=b'\r\n\r\n\r\n\r\n<!DOCTYPE ht')
  WARNING: Failed to download boletin 15616989 (status=200, first bytes=b'\r\n\r\n\r\n\r\n<!DOCTYPE ht')
  WARNING: Failed to download boletin 15588010 (status=200, first bytes=b'\r\n\r\n\r\n\r\n<!DOCTYPE ht')
  WARNING: Failed to download boletin 15582924 (status=200, first bytes=b'\r\n\r\n\r\n\r\n<!DOCTYPE ht')
  WARNING: Failed to download boletin 13663296 (status=200, first bytes=b'\r\n\r\n\r\n\r\n<!DOCTYPE ht')
  WARNING: Failed to download boletin 13953526 (status=200, first bytes=b'\r\n\r\n\r\n\r\n<!DOCTYPE ht')
  WARNING: Failed to download boletin 13554209 (status=200, first bytes=b'\r\n\r\n\r\n\r\n<!DOCTYPE ht')
  WARNING: Failed to download boletin 13410076 (status=200, first bytes=b'\r\n\r\n\r\n\r\n<!DOCTYPE ht')
  WARNING: Failed to download boletin 13395756 (status=200, first bytes=b'\r\n\r\n\r\n\r\n<!DOCTYPE ht')
  WARNING: Failed to download boletin 13382095 (status=200, first bytes=b'\r\n\r\n\r\n\r\n<!DOCTYPE ht')
  WARNING: Failed to download boletin 12816276 (status=200, first bytes=b'\r\n\r\n\r\n\r\n<!DOCTYPE ht')
  WARNING: Failed to download boletin 14805134 (status=200, first bytes=b'\r\n\r\n\r\n\r\n<!DOCTYPE ht')
  WARNING: Failed to download boletin 15622377 (status=200, first bytes=b'\r\n\r\n\r\n\r\n<!DOCTYPE ht')
  WARNING: Failed to download boletin 13626974 (status=200, first bytes=b'\r\n\r\n\r\n\r\n<!DOCTYPE ht')
  OK: no data
[Guipúzcoa 9/88] ALTZO
  WARNING: Failed to download boletin 15618226 (status=200, first bytes=b'\r\n\r\n\r\n\r\n<!DOCTYPE ht')
  WARNING: Failed to download boletin 15587382 (status=200, first bytes=b'\r\n\r\n\r\n\r\n<!DOCTYPE ht')
  WARNING: Failed to download boletin 15721332 (status=200, first bytes=b'\r\n\r\n\r\n\r\n<!DOCTYPE ht')
  WARNING: Failed to download boletin 13781236 (status=200, first bytes=b'\r\n\r\n\r\n\r\n<!DOCTYPE ht')
  WARNING: Failed to download boletin 15583671 (status=200, first bytes=b'\r\n\r\n\r\n\r\n<!DOCTYPE ht')
  WARNING: Failed to download boletin 15583677 (status=200, first bytes=b'\r\n\r\n\r\n\r\n<!DOCTYPE ht')
  WARNING: Failed to download boletin 13661469 (status=200, first bytes=b'\r\n\r\n\r\n\r\n<!DOCTYPE ht')
  WARNING: Failed to download boletin 13630914 (status=200, first bytes=b'\r\n\r\n\r\n\r\n<!DOCTYPE ht')
  WARNING: Failed to download boletin 13626472 (status=200, first bytes=b'\r\n\r\n\r\n\r\n<!DOCTYPE ht')
  WARNING: Failed to download boletin 13553871 (status=200, first bytes=b'\r\n\r\n\r\n\r\n<!DOCTYPE ht')
  WARNING: Failed to download boletin 13442791 (status=200, first bytes=b'\r\n\r\n\r\n\r\n<!DOCTYPE ht')
  WARNING: Failed to download boletin 15611844 (status=200, first bytes=b'\r\n\r\n\r\n\r\n<!DOCTYPE ht')
  WARNING: Failed to download boletin 12423720 (status=200, first bytes=b'\r\n\r\n\r\n\r\n<!DOCTYPE ht')
  WARNING: Failed to download boletin 14687545 (status=200, first bytes=b'\r\n\r\n\r\n\r\n<!DOCTYPE ht')
  OK: no data
[Guipúzcoa 10/88] AMEZKETA
  WARNING: Failed to download boletin 15721366 (status=200, first bytes=b'\r\n\r\n\r\n\r\n<!DOCTYPE ht')
  WARNING: Failed to download boletin 15618276 (status=200, first bytes=b'\r\n\r\n\r\n\r\n<!DOCTYPE ht')
  WARNING: Failed to download boletin 15618235 (status=200, first bytes=b'\r\n\r\n\r\n\r\n<!DOCTYPE ht')
  WARNING: Failed to download boletin 15611862 (status=200, first bytes=b'\r\n\r\n\r\n\r\n<!DOCTYPE ht')
  WARNING: Failed to download boletin 15611878 (status=200, first bytes=b'\r\n\r\n\r\n\r\n<!DOCTYPE ht')
  WARNING: Failed to download boletin 15602557 (status=200, first bytes=b'\r\n\r\n\r\n\r\n<!DOCTYPE ht')
  WARNING: Failed to download boletin 15583680 (status=200, first bytes=b'\r\n\r\n\r\n\r\n<!DOCTYPE ht')
  WARNING: Failed to download boletin 15582491 (status=200, first bytes=b'\r\n\r\n\r\n\r\n<!DOCTYPE ht')
  WARNING: Failed to download boletin 15583689 (status=200, first bytes=b'\r\n\r\n\r\n\r\n<!DOCTYPE ht')
  WARNING: Failed to download boletin 13943647 (status=200, first bytes=b'\r\n\r\n\r\n\r\n<!DOCTYPE ht')
  WARNING: Failed to download boletin 15592331 (status=200, first bytes=b'\r\n\r\n\r\n\r\n<!DOCTYPE ht')
  WARNING: Failed to download boletin 13404066 (status=200, first bytes=b'\r\n\r\n\r\n\r\n<!DOCTYPE ht')
  WARNING: Failed to download boletin 12297903 (status=200, first bytes=b'\r\n\r\n\r\n\r\n<!DOCTYPE ht')
  WARNING: Failed to download boletin 11236436 (status=200, first bytes=b'\r\n\r\n\r\n\r\n<!DOCTYPE ht')
  WARNING: Failed to download boletin 11236488 (status=200, first bytes=b'\r\n\r\n\r\n\r\n<!DOCTYPE ht')
  WARNING: Failed to download boletin 9646464 (status=200, first bytes=b'\r\n\r\n\r\n\r\n<!DOCTYPE ht')
  WARNING: Failed to download boletin 8932577 (status=200, first bytes=b'\r\n\r\n\r\n\r\n<!DOCTYPE ht')
  WARNING: Failed to download boletin 8933803 (status=200, first bytes=b'\r\n\r\n\r\n\r\n<!DOCTYPE ht')
  WARNING: Failed to download boletin 7653663 (status=200, first bytes=b'\r\n\r\n\r\n\r\n<!DOCTYPE ht')
  WARNING: Failed to download boletin 15603556 (status=200, first bytes=b'\r\n\r\n\r\n\r\n<!DOCTYPE ht')
  WARNING: Failed to download boletin 15618265 (status=200, first bytes=b'\r\n\r\n\r\n\r\n<!DOCTYPE ht')
  WARNING: Failed to download boletin 7230281 (status=200, first bytes=b'\r\n\r\n\r\n\r\n<!DOCTYPE ht')
  WARNING: Failed to download boletin 15587389 (status=200, first bytes=b'\r\n\r\n\r\n\r\n<!DOCTYPE ht')
  WARNING: Failed to download boletin 13943645 (status=200, first bytes=b'\r\n\r\n\r\n\r\n<!DOCTYPE ht')
  WARNING: Failed to download boletin 13781240 (status=200, first bytes=b'\r\n\r\n\r\n\r\n<!DOCTYPE ht')
  WARNING: Failed to download boletin 13626476 (status=200, first bytes=b'\r\n\r\n\r\n\r\n<!DOCTYPE ht')
  WARNING: Failed to download boletin 13404061 (status=200, first bytes=b'\r\n\r\n\r\n\r\n<!DOCTYPE ht')
  WARNING: Failed to download boletin 13384812 (status=200, first bytes=b'\r\n\r\n\r\n\r\n<!DOCTYPE ht')
  WARNING: Failed to download boletin 12815938 (status=200, first bytes=b'\r\n\r\n\r\n\r\n<!DOCTYPE ht')
  WARNING: Failed to download boletin 12769505 (status=200, first bytes=b'\r\n\r\n\r\n\r\n<!DOCTYPE ht')
  WARNING: Failed to download boletin 12588659 (status=200, first bytes=b'\r\n\r\n\r\n\r\n<!DOCTYPE ht')
  OK: no data
[Guipúzcoa 11/88] ANDOAIN
  WARNING: Failed to download boletin 15721508 (status=200, first bytes=b'\r\n\r\n\r\n\r\n<!DOCTYPE ht')
  WARNING: Failed to download boletin 15618308 (status=200, first bytes=b'\r\n\r\n\r\n\r\n<!DOCTYPE ht')
  WARNING: Failed to download boletin 15618297 (status=200, first bytes=b'\r\n\r\n\r\n\r\n<!DOCTYPE ht')
  WARNING: Failed to download boletin 15612026 (status=200, first bytes=b'\r\n\r\n\r\n\r\n<!DOCTYPE ht')
  WARNING: Failed to download boletin 15612046 (status=200, first bytes=b'\r\n\r\n\r\n\r\n<!DOCTYPE ht')
  WARNING: Failed to download boletin 15592336 (status=200, first bytes=b'\r\n\r\n\r\n\r\n<!DOCTYPE ht')
  WARNING: Failed to download boletin 15587392 (status=200, first bytes=b'\r\n\r\n\r\n\r\n<!DOCTYPE ht')
  WARNING: Failed to download boletin 15582497 (status=200, first bytes=b'\r\n\r\n\r\n\r\n<!DOCTYPE ht')
  WARNING: Failed to download boletin 15583727 (status=200, first bytes=b'\r\n\r\n\r\n\r\n<!DOCTYPE ht')
  WARNING: Failed to download boletin 15581925 (status=200, first bytes=b'\r\n\r\n\r\n\r\n<!DOCTYPE ht')
  WARNING: Failed to download boletin 13781253 (status=200, first bytes=b'\r\n\r\n\r\n\r\n<!DOCTYPE ht')
  WARNING: Failed to download boletin 13409127 (status=200, first bytes=b'\r\n\r\n\r\n\r\n<!DOCTYPE ht')
  WARNING: Failed to download boletin 15602566 (status=200, first bytes=b'\r\n\r\n\r\n\r\n<!DOCTYPE ht')
  WARNING: Failed to download boletin 11236509 (status=200, first bytes=b'\r\n\r\n\r\n\r\n<!DOCTYPE ht')
  WARNING: Failed to download boletin 12769512 (status=200, first bytes=b'\r\n\r\n\r\n\r\n<!DOCTYPE ht')
  WARNING: Failed to download boletin 12302087 (status=200, first bytes=b'\r\n\r\n\r\n\r\n<!DOCTYPE ht')
  WARNING: Failed to download boletin 8933952 (status=200, first bytes=b'\r\n\r\n\r\n\r\n<!DOCTYPE ht')  WARNING: Failed to download boletin 9646646 (status=200, first bytes=b'\r\n\r\n\r\n\r\n<!DOCTYPE ht')

  WARNING: Failed to download boletin 15603559 (status=200, first bytes=b'\r\n\r\n\r\n\r\n<!DOCTYPE ht')
  WARNING: Failed to download boletin 7653684 (status=200, first bytes=b'\r\n\r\n\r\n\r\n<!DOCTYPE ht')
  WARNING: Failed to download boletin 7209028 (status=200, first bytes=b'\r\n\r\n\r\n\r\n<!DOCTYPE ht')
  OK: no data
[Guipúzcoa 12/88] ANOETA
  WARNING: Failed to download boletin 15587397 (status=200, first bytes=b'\r\n\r\n\r\n\r\n<!DOCTYPE ht')
  WARNING: Failed to download boletin 15582499 (status=200, first bytes=b'\r\n\r\n\r\n\r\n<!DOCTYPE ht')
  WARNING: Failed to download boletin 15615036 (status=200, first bytes=b'\r\n\r\n\r\n\r\n<!DOCTYPE ht')
  WARNING: Failed to download boletin 13943699 (status=200, first bytes=b'\r\n\r\n\r\n\r\n<!DOCTYPE ht')
  WARNING: Failed to download boletin 13553878 (status=200, first bytes=b'\r\n\r\n\r\n\r\n<!DOCTYPE ht')
  WARNING: Failed to download boletin 13781256 (status=200, first bytes=b'\r\n\r\n\r\n\r\n<!DOCTYPE ht')
  WARNING: Failed to download boletin 13442865 (status=200, first bytes=b'\r\n\r\n\r\n\r\n<!DOCTYPE ht')
  WARNING: Failed to download boletin 13384869 (status=200, first bytes=b'\r\n\r\n\r\n\r\n<!DOCTYPE ht')
  WARNING: Failed to download boletin 13404072 (status=200, first bytes=b'\r\n\r\n\r\n\r\n<!DOCTYPE ht')
  WARNING: Failed to download boletin 13384860 (status=200, first bytes=b'\r\n\r\n\r\n\r\n<!DOCTYPE ht')
  WARNING: Failed to download boletin 15721639 (status=200, first bytes=b'\r\n\r\n\r\n\r\n<!DOCTYPE ht')
  WARNING: Failed to download boletin 15587395 (status=200, first bytes=b'\r\n\r\n\r\n\r\n<!DOCTYPE ht')
  WARNING: Failed to download boletin 13661487 (status=200, first bytes=b'\r\n\r\n\r\n\r\n<!DOCTYPE ht')
  WARNING: Failed to download boletin 3147415 (status=200, first bytes=b'\r\n\r\n\r\n\r\n<!DOCTYPE ht')
  WARNING: Failed to download boletin 12697861 (status=200, first bytes=b'\r\n\r\n\r\n\r\n<!DOCTYPE ht')
  WARNING: Failed to download boletin 3149214 (status=200, first bytes=b'\r\n\r\n\r\n\r\n<!DOCTYPE ht')
  WARNING: Failed to download boletin 2526818 (status=200, first bytes=b'\r\n\r\n\r\n\r\n<!DOCTYPE ht')
  WARNING: Failed to download boletin 2528321 (status=200, first bytes=b'\r\n\r\n\r\n\r\n<!DOCTYPE ht')
  WARNING: Failed to download boletin 2535009 (status=200, first bytes=b'\r\n\r\n\r\n\r\n<!DOCTYPE ht')
  WARNING: Failed to download boletin 15721672 (status=200, first bytes=b'\r\n\r\n\r\n\r\n<!DOCTYPE ht')
  WARNING: Failed to download boletin 15568314 (status=200, first bytes=b'\r\n\r\n\r\n\r\n<!DOCTYPE ht')
  WARNING: Failed to download boletin 15592339 (status=200, first bytes=b'\r\n\r\n\r\n\r\n<!DOCTYPE ht')
  WARNING: Failed to download boletin 1939562 (status=200, first bytes=b'\r\n\r\n\r\n\r\n<!DOCTYPE ht')
  WARNING: Failed to download boletin 15602568 (status=200, first bytes=b'\r\n\r\n\r\n\r\n<!DOCTYPE ht')
  WARNING: Failed to download boletin 13943690 (status=200, first bytes=b'\r\n\r\n\r\n\r\n<!DOCTYPE ht')
  WARNING: Failed to download boletin 15582500 (status=200, first bytes=b'\r\n\r\n\r\n\r\n<!DOCTYPE ht')
  WARNING: Failed to download boletin 15583769 (status=200, first bytes=b'\r\n\r\n\r\n\r\n<!DOCTYPE ht')
  WARNING: Failed to download boletin 13409137 (status=200, first bytes=b'\r\n\r\n\r\n\r\n<!DOCTYPE ht')
  WARNING: Failed to download boletin 13661489 (status=200, first bytes=b'\r\n\r\n\r\n\r\n<!DOCTYPE ht')
  WARNING: Failed to download boletin 13404073 (status=200, first bytes=b'\r\n\r\n\r\n\r\n<!DOCTYPE ht')
  WARNING: Failed to download boletin 13381255 (status=200, first bytes=b'\r\n\r\n\r\n\r\n<!DOCTYPE ht')
  WARNING: Failed to download boletin 15568313 (status=200, first bytes=b'\r\n\r\n\r\n\r\n<!DOCTYPE ht')
  OK: no data
[Guipúzcoa 13/88] ANTZUOLA
  WARNING: Failed to download boletin 15587402 (status=200, first bytes=b'\r\n\r\n\r\n\r\n<!DOCTYPE ht')
  WARNING: Failed to download boletin 15612170 (status=200, first bytes=b'\r\n\r\n\r\n\r\n<!DOCTYPE ht')
  WARNING: Failed to download boletin 15618362 (status=200, first bytes=b'\r\n\r\n\r\n\r\n<!DOCTYPE ht')
  WARNING: Failed to download boletin 15583827 (status=200, first bytes=b'\r\n\r\n\r\n\r\n<!DOCTYPE ht')
  WARNING: Failed to download boletin 13782417 (status=200, first bytes=b'\r\n\r\n\r\n\r\n<!DOCTYPE ht')
  WARNING: Failed to download boletin 13781260 (status=200, first bytes=b'\r\n\r\n\r\n\r\n<!DOCTYPE ht')
  WARNING: Failed to download boletin 13630919 (status=200, first bytes=b'\r\n\r\n\r\n\r\n<!DOCTYPE ht')
  WARNING: Failed to download boletin 13624592 (status=200, first bytes=b'\r\n\r\n\r\n\r\n<!DOCTYPE ht')
  WARNING: Failed to download boletin 13626509 (status=200, first bytes=b'\r\n\r\n\r\n\r\n<!DOCTYPE ht')
  WARNING: Failed to download boletin 13624254 (status=200, first bytes=b'\r\n\r\n\r\n\r\n<!DOCTYPE ht')
  WARNING: Failed to download boletin 15618348 (status=200, first bytes=b'\r\n\r\n\r\n\r\n<!DOCTYPE ht')
  WARNING: Failed to download boletin 15568315 (status=200, first bytes=b'\r\n\r\n\r\n\r\n<!DOCTYPE ht')
  WARNING: Failed to download boletin 15615037 (status=200, first bytes=b'\r\n\r\n\r\n\r\n<!DOCTYPE ht')
  WARNING: Failed to download boletin 15587401 (status=200, first bytes=b'\r\n\r\n\r\n\r\n<!DOCTYPE ht')
  WARNING: Failed to download boletin 15583808 (status=200, first bytes=b'\r\n\r\n\r\n\r\n<!DOCTYPE ht')
  WARNING: Failed to download boletin 13943700 (status=200, first bytes=b'\r\n\r\n\r\n\r\n<!DOCTYPE ht')
  WARNING: Failed to download boletin 13781259 (status=200, first bytes=b'\r\n\r\n\r\n\r\n<!DOCTYPE ht')
  WARNING: Failed to download boletin 13661491 (status=200, first bytes=b'\r\n\r\n\r\n\r\n<!DOCTYPE ht')
  WARNING: Failed to download boletin 13662740 (status=200, first bytes=b'\r\n\r\n\r\n\r\n<!DOCTYPE ht')
  WARNING: Failed to download boletin 13662746 (status=200, first bytes=b'\r\n\r\n\r\n\r\n<!DOCTYPE ht')
  WARNING: Failed to download boletin 13662738 (status=200, first bytes=b'\r\n\r\n\r\n\r\n<!DOCTYPE ht')
  WARNING: Failed to download boletin 12297933 (status=200, first bytes=b'\r\n\r\n\r\n\r\n<!DOCTYPE ht')
  WARNING: Failed to download boletin 15602572 (status=200, first bytes=b'\r\n\r\n\r\n\r\n<!DOCTYPE ht')
  WARNING: Failed to download boletin 13409148 (status=200, first bytes=b'\r\n\r\n\r\n\r\n<!DOCTYPE ht')
  WARNING: Failed to download boletin 11236542 (status=200, first bytes=b'\r\n\r\n\r\n\r\n<!DOCTYPE ht')
  WARNING: Failed to download boletin 9646726 (status=200, first bytes=b'\r\n\r\n\r\n\r\n<!DOCTYPE ht')
  WARNING: Failed to download boletin 8934056 (status=200, first bytes=b'\r\n\r\n\r\n\r\n<!DOCTYPE ht')
  WARNING: Failed to download boletin 8934047 (status=200, first bytes=b'\r\n\r\n\r\n\r\n<!DOCTYPE ht')
  WARNING: Failed to download boletin 7653700 (status=200, first bytes=b'\r\n\r\n\r\n\r\n<!DOCTYPE ht')
  WARNING: Failed to download boletin 7209126 (status=200, first bytes=b'\r\n\r\n\r\n\r\n<!DOCTYPE ht')
  WARNING: Failed to download boletin 15603667 (status=200, first bytes=b'\r\n\r\n\r\n\r\n<!DOCTYPE ht')
  WARNING: Failed to download boletin 5471265 (status=200, first bytes=b'\r\n\r\n\r\n\r\n<!DOCTYPE ht')
  OK: no data
[Guipúzcoa 14/88] ARAMA
  WARNING: Failed to download boletin 15721751 (status=200, first bytes=b'\r\n\r\n\r\n\r\n<!DOCTYPE ht')
  WARNING: Failed to download boletin 15612182 (status=200, first bytes=b'\r\n\r\n\r\n\r\n<!DOCTYPE ht')
  WARNING: Failed to download boletin 15592340 (status=200, first bytes=b'\r\n\r\n\r\n\r\n<!DOCTYPE ht')
  WARNING: Failed to download boletin 13553883 (status=200, first bytes=b'\r\n\r\n\r\n\r\n<!DOCTYPE ht')
  WARNING: Failed to download boletin 15583830 (status=200, first bytes=b'\r\n\r\n\r\n\r\n<!DOCTYPE ht')
  WARNING: Failed to download boletin 13661493 (status=200, first bytes=b'\r\n\r\n\r\n\r\n<!DOCTYPE ht')
  WARNING: Failed to download boletin 13381270 (status=200, first bytes=b'\r\n\r\n\r\n\r\n<!DOCTYPE ht')
  WARNING: Failed to download boletin 13442921 (status=200, first bytes=b'\r\n\r\n\r\n\r\n<!DOCTYPE ht')
  WARNING: Failed to download boletin 13404076 (status=200, first bytes=b'\r\n\r\n\r\n\r\n<!DOCTYPE ht')
  WARNING: Failed to download boletin 13358654 (status=200, first bytes=b'\r\n\r\n\r\n\r\n<!DOCTYPE ht')
  WARNING: Failed to download boletin 13626521 (status=200, first bytes=b'\r\n\r\n\r\n\r\n<!DOCTYPE ht')
  WARNING: Failed to download boletin 13781261 (status=200, first bytes=b'\r\n\r\n\r\n\r\n<!DOCTYPE ht')
  WARNING: Failed to download boletin 12588681 (status=200, first bytes=b'\r\n\r\n\r\n\r\n<!DOCTYPE ht')
  WARNING: Failed to download boletin 9662044 (status=200, first bytes=b'\r\n\r\n\r\n\r\n<!DOCTYPE ht')
  WARNING: Failed to download boletin 7208760 (status=200, first bytes=b'\r\n\r\n\r\n\r\n<!DOCTYPE ht')
  WARNING: Failed to download boletin 5432216 (status=200, first bytes=b'\r\n\r\n\r\n\r\n<!DOCTYPE ht')
  WARNING: Failed to download boletin 3149217 (status=200, first bytes=b'\r\n\r\n\r\n\r\n<!DOCTYPE ht')
  WARNING: Failed to download boletin 2526822 (status=200, first bytes=b'\r\n\r\n\r\n\r\n<!DOCTYPE ht')
  WARNING: Failed to download boletin 1366158 (status=200, first bytes=b'\r\n\r\n\r\n\r\n<!DOCTYPE ht')
  WARNING: Failed to download boletin 14804921 (status=200, first bytes=b'\r\n\r\n\r\n\r\n<!DOCTYPE ht')
  WARNING: Failed to download boletin 1371127 (status=200, first bytes=b'\r\n\r\n\r\n\r\n<!DOCTYPE ht')
  OK: no data
[Guipúzcoa 15/88] ARETXABALETA
