Loaded catalog: 371 municipalities
[Province 9 - Burgos] 268/371 already completed (HTML mode)
[Burgos 269/371] SANTA MARÍA DEL INVIERNO
  OK: 431 records (html)
[Burgos 270/371] SANTA MARÍA DEL MERCADILLO
  OK: 566 records (html)
[Burgos 271/371] SANTA MARÍA RIVARREDONDA
  OK: 302 records (html)
[Burgos 272/371] SANTA OLALLA DE BUREBA
  OK: 298 records (html)
[Burgos 273/371] SANTIBÁÑEZ DE ESGUEVA
  OK: 468 records (html)
[Burgos 274/371] SANTIBÁÑEZ DEL VAL
  OK: no data
[Burgos 275/371] SANTO DOMINGO DE SILOS
  OK: 1703 records (html)
[Burgos 276/371] SARGENTES DE LA LORA
  OK: 423 records (html)
[Burgos 277/371] SARRACÍN
  OK: 49 records (html)
[Burgos 278/371] SASAMÓN
  OK: 2113 records (html)
[Burgos 279/371] SEQUERA DE HAZA (LA)
  OK: 542 records (html)
[Burgos 280/371] SOLARANA
  OK: 353 records (html)
[Burgos 281/371] SORDILLOS
  OK: 214 records (html)
[Burgos 282/371] SOTILLO DE LA RIBERA
  OK: 970 records (html)
[Burgos 283/371] SOTRAGERO
  OK: 303 records (html)
[Burgos 284/371] SOTRESGUDO
  OK: 1668 records (html)
[Burgos 285/371] SUSINOS DEL PÁRAMO
  OK: 401 records (html)
[Burgos 286/371] TAMARÓN
  OK: 213 records (html)
[Burgos 287/371] TARDAJOS
  OK: 931 records (html)
[Burgos 288/371] TEJADA
  OK: 251 records (html)
[Burgos 289/371] TERRADILLOS DE ESGUEVA
  OK: 262 records (html)
[Burgos 290/371] TINIEBLAS DE LA SIERRA
  OK: 428 records (html)
[Burgos 291/371] TOBAR
  OK: 215 records (html)
[Burgos 292/371] TORDÓMAR
  OK: 623 records (html)
[Burgos 293/371] TORRECILLA DEL MONTE
  OK: 515 records (html)
[Burgos 294/371] TORREGALINDO
  OK: 513 records (html)
[Burgos 295/371] TORRELARA
  OK: 459 records (html)
[Burgos 296/371] TORREPADRE
  OK: 499 records (html)
[Burgos 297/371] TORRESANDINO
  OK: 1243 records (html)
[Burgos 298/371] TÓRTOLES DE ESGUEVA
  OK: 616 records (html)
[Burgos 299/371] TOSANTOS
  OK: 118 records (html)
[Burgos 300/371] TRESPADERNE
  OK: 998 records (html)
[Burgos 301/371] TUBILLA DEL AGUA
  OK: 241 records (html)
[Burgos 302/371] TUBILLA DEL LAGO
  OK: 665 records (html)
[Burgos 303/371] ÚRBEL DEL CASTILLO
  OK: 1007 records (html)
[Burgos 304/371] VADOCONDES
  OK: 537 records (html)
[Burgos 305/371] VALDEANDE
  OK: 563 records (html)
[Burgos 306/371] VALDEZATE
  OK: 632 records (html)
[Burgos 307/371] VALDORROS
  OK: 672 records (html)
[Burgos 308/371] VALLARTA DE BUREBA
  OK: 97 records (html)
[Burgos 309/371] VALLE DE LAS NAVAS
  OK: 2470 records (html)
[Burgos 310/371] VALLE DE LOSA
  OK: 729 records (html)
[Burgos 311/371] VALLE DE MANZANEDO
  OK: no data
[Burgos 312/371] VALLE DE MENA
  OK: 6795 records (html)
[Burgos 313/371] VALLE DE OCA
  OK: 1362 records (html)
[Burgos 314/371] VALLE DE SANTIBÁÑEZ
  OK: 2605 records (html)
[Burgos 315/371] VALLE DE SEDANO
  OK: 2171 records (html)
[Burgos 316/371] VALLE DE TOBALINA
  OK: 9420 records (html)
[Burgos 317/371] VALLE DE VALDEBEZANA
  OK: 859 records (html)
[Burgos 318/371] VALLE DE VALDELAGUNA
  OK: 1510 records (html)
[Burgos 319/371] VALLE DE VALDELUCIO
  OK: 1549 records (html)
[Burgos 320/371] VALLE DE ZAMANZAS
  OK: no data
[Burgos 321/371] VALLEJERA
  OK: 214 records (html)
[Burgos 322/371] VALLES DE PALENZUELA
  OK: 192 records (html)
[Burgos 323/371] VALLUÉRCANES
  OK: 314 records (html)
[Burgos 324/371] VALMALA
  OK: 213 records (html)
[Burgos 325/371] VID DE BUREBA (LA)
  OK: 215 records (html)
[Burgos 326/371] VID Y BARRIOS (LA)
  OK: 1715 records (html)
[Burgos 327/371] VILEÑA
  OK: 208 records (html)
[Burgos 328/371] VILLADIEGO
  OK: 7590 records (html)
[Burgos 329/371] VILLAESCUSA DE ROA
  OK: 292 records (html)
[Burgos 330/371] VILLAESCUSA LA SOMBRÍA
  OK: 392 records (html)
[Burgos 331/371] VILLAESPASA
  OK: 602 records (html)
[Burgos 332/371] VILLAFRANCA MONTES DE OCA
  OK: 537 records (html)
[Burgos 333/371] VILLAFRUELA
  OK: 488 records (html)
[Burgos 334/371] VILLAGALIJO
  OK: no data
[Burgos 335/371] VILLAGONZALO PEDERNALES
  OK: 892 records (html)
[Burgos 336/371] VILLAHOZ
  OK: 436 records (html)
[Burgos 337/371] VILLALBA DE DUERO
  OK: 1188 records (html)
[Burgos 338/371] VILLALBILLA DE BURGOS
  OK: 2113 records (html)
[Burgos 339/371] VILLALBILLA DE GUMIEL
  OK: 300 records (html)
[Burgos 340/371] VILLALDEMIRO
  OK: 225 records (html)
[Burgos 341/371] VILLALMANZO
  OK: 475 records (html)
[Burgos 342/371] VILLAMAYOR DE LOS MONTES
  OK: 249 records (html)
[Burgos 343/371] VILLAMAYOR DE TREVIÑO
  OK: 320 records (html)
[Burgos 344/371] VILLAMBISTIA
  OK: 117 records (html)
[Burgos 345/371] VILLAMEDIANILLA
  OK: 107 records (html)
[Burgos 346/371] VILLAMIEL DE LA SIERRA
  OK: 215 records (html)
[Burgos 347/371] VILLANGÓMEZ
  OK: 584 records (html)
[Burgos 348/371] VILLANUEVA DE ARGAÑO
  OK: 288 records (html)
[Burgos 349/371] VILLANUEVA DE CARAZO
  OK: 273 records (html)
[Burgos 350/371] VILLANUEVA DE GUMIEL
  OK: 280 records (html)
[Burgos 351/371] VILLANUEVA DE TEBA
  OK: 215 records (html)
[Burgos 352/371] VILLAQUIRÁN DE LA PUEBLA
  OK: 107 records (html)
[Burgos 353/371] VILLAQUIRÁN DE LOS INFANTES
  OK: 284 records (html)
[Burgos 354/371] VILLARCAYO DE MERINDAD DE CASTILLA LA VIEJA
  OK: 3196 records (html)
[Burgos 355/371] VILLARIEZO
  OK: 925 records (html)
[Burgos 356/371] VILLASANDINO
  OK: 260 records (html)
[Burgos 357/371] VILLASUR DE HERREROS
  OK: 1334 records (html)
[Burgos 358/371] VILLATUELDA
  OK: 420 records (html)
[Burgos 359/371] VILLAVERDE DEL MONTE
  OK: 695 records (html)
[Burgos 360/371] VILLAVERDE-MOGINA
  OK: 169 records (html)
[Burgos 361/371] VILLAYERNO MORQUILLAS
  OK: 390 records (html)
[Burgos 362/371] VILLAZOPEQUE
  OK: 237 records (html)
[Burgos 363/371] VILLEGAS
  OK: 348 records (html)
[Burgos 364/371] VILLORUEBO
  OK: 436 records (html)
[Burgos 365/371] VILORIA DE RIOJA
  OK: 116 records (html)
[Burgos 366/371] VILVIESTRE DEL PINAR
  OK: 532 records (html)
[Burgos 367/371] VIZCAÍNOS
  OK: 216 records (html)
[Burgos 368/371] ZAEL
  OK: 544 records (html)
[Burgos 369/371] ZARZOSA DE RÍO PISUERGA
  OK: 215 records (html)
[Burgos 370/371] ZAZUAR
  OK: 574 records (html)
[Burgos 371/371] ZUÑEDA
  OK: 302 records (html)

[Burgos] DONE! 371/371 completed, 0 failed, 281367 records
