Loaded catalog: 45 municipalities
[Province 11 - Cádiz] 0/45 already completed
[Cádiz 1/45] ALCALÁ DE LOS GAZULES
  WARNING: Failed to download boletin 16942212 (status=200, first bytes=b'\r\n\r\n\r\n\r\n<!DOCTYPE ht')
  WARNING: Failed to download boletin 16515863 (status=200, first bytes=b'\r\n\r\n\r\n\r\n<!DOCTYPE ht')
  WARNING: Failed to download boletin 15955274 (status=200, first bytes=b'\r\n\r\n\r\n\r\n<!DOCTYPE ht')
  WARNING: Failed to download boletin 15285969 (status=200, first bytes=b'\r\n\r\n\r\n\r\n<!DOCTYPE ht')
  WARNING: Failed to download boletin 14695227 (status=200, first bytes=b'\r\n\r\n\r\n\r\n<!DOCTYPE ht')
  WARNING: Failed to download boletin 14219246 (status=200, first bytes=b'\r\n\r\n\r\n\r\n<!DOCTYPE ht')
  WARNING: Failed to download boletin 13570945 (status=200, first bytes=b'\r\n\r\n\r\n\r\n<!DOCTYPE ht')
  WARNING: Failed to download boletin 12877464 (status=200, first bytes=b'\r\n\r\n\r\n\r\n<!DOCTYPE ht')
  WARNING: Failed to download boletin 12618747 (status=200, first bytes=b'\r\n\r\n\r\n\r\n<!DOCTYPE ht')
  WARNING: Failed to download boletin 12227306 (status=200, first bytes=b'\r\n\r\n\r\n\r\n<!DOCTYPE ht')
  WARNING: Failed to download boletin 16767234 (status=200, first bytes=b'\r\n\r\n\r\n\r\n<!DOCTYPE ht')
  WARNING: Failed to download boletin 14871763 (status=200, first bytes=b'\r\n\r\n\r\n\r\n<!DOCTYPE ht')
  WARNING: Failed to download boletin 14215217 (status=200, first bytes=b'\r\n\r\n\r\n\r\n<!DOCTYPE ht')
  WARNING: Failed to download boletin 11305505 (status=200, first bytes=b'\r\n\r\n\r\n\r\n<!DOCTYPE ht')
  WARNING: Failed to download boletin 10350548 (status=200, first bytes=b'\r\n\r\n\r\n\r\n<!DOCTYPE ht')
  WARNING: Failed to download boletin 9359969 (status=200, first bytes=b'\r\n\r\n\r\n\r\n<!DOCTYPE ht')
  WARNING: Failed to download boletin 8511423 (status=200, first bytes=b'\r\n\r\n\r\n\r\n<!DOCTYPE ht')
  WARNING: Failed to download boletin 7664999 (status=200, first bytes=b'\r\n\r\n\r\n\r\n<!DOCTYPE ht')
  WARNING: Failed to download boletin 6935250 (status=200, first bytes=b'\r\n\r\n\r\n\r\n<!DOCTYPE ht')
  WARNING: Failed to download boletin 6193890 (status=200, first bytes=b'\r\n\r\n\r\n\r\n<!DOCTYPE ht')
  WARNING: Failed to download boletin 12831087 (status=200, first bytes=b'\r\n\r\n\r\n\r\n<!DOCTYPE ht')
  OK: no data
[Cádiz 2/45] ALCALÁ DEL VALLE
  WARNING: Failed to download boletin 17280272 (status=200, first bytes=b'\r\n\r\n\r\n\r\n<!DOCTYPE ht')
  WARNING: Failed to download boletin 17017042 (status=200, first bytes=b'\r\n\r\n\r\n\r\n<!DOCTYPE ht')
  WARNING: Failed to download boletin 16335943 (status=200, first bytes=b'\r\n\r\n\r\n\r\n<!DOCTYPE ht')
  WARNING: Failed to download boletin 15397373 (status=200, first bytes=b'\r\n\r\n\r\n\r\n<!DOCTYPE ht')
  WARNING: Failed to download boletin 15230890 (status=200, first bytes=b'\r\n\r\n\r\n\r\n<!DOCTYPE ht')
  WARNING: Failed to download boletin 15095855 (status=200, first bytes=b'\r\n\r\n\r\n\r\n<!DOCTYPE ht')
  WARNING: Failed to download boletin 14562110 (status=200, first bytes=b'\r\n\r\n\r\n\r\n<!DOCTYPE ht')
  WARNING: Failed to download boletin 13707689 (status=200, first bytes=b'\r\n\r\n\r\n\r\n<!DOCTYPE ht')
  WARNING: Failed to download boletin 13521983 (status=200, first bytes=b'\r\n\r\n\r\n\r\n<!DOCTYPE ht')
  WARNING: Failed to download boletin 13391289 (status=200, first bytes=b'\r\n\r\n\r\n\r\n<!DOCTYPE ht')
  WARNING: Failed to download boletin 17355180 (status=200, first bytes=b'\r\n\r\n\r\n\r\n<!DOCTYPE ht')
  WARNING: Failed to download boletin 16530025 (status=200, first bytes=b'\r\n\r\n\r\n\r\n<!DOCTYPE ht')
  WARNING: Failed to download boletin 15568269 (status=200, first bytes=b'\r\n\r\n\r\n\r\n<!DOCTYPE ht')
  WARNING: Failed to download boletin 13545231 (status=200, first bytes=b'\r\n\r\n\r\n\r\n<!DOCTYPE ht')
  WARNING: Failed to download boletin 12618853 (status=200, first bytes=b'\r\n\r\n\r\n\r\n<!DOCTYPE ht')
  WARNING: Failed to download boletin 11547988 (status=200, first bytes=b'\r\n\r\n\r\n\r\n<!DOCTYPE ht')
  WARNING: Failed to download boletin 10521720 (status=200, first bytes=b'\r\n\r\n\r\n\r\n<!DOCTYPE ht')
  WARNING: Failed to download boletin 9494792 (status=200, first bytes=b'\r\n\r\n\r\n\r\n<!DOCTYPE ht')
  WARNING: Failed to download boletin 8759319 (status=200, first bytes=b'\r\n\r\n\r\n\r\n<!DOCTYPE ht')
  WARNING: Failed to download boletin 7966991 (status=200, first bytes=b'\r\n\r\n\r\n\r\n<!DOCTYPE ht')
  OK: no data
[Cádiz 3/45] ALGAR
  WARNING: Failed to download boletin 16041769 (status=200, first bytes=b'\r\n\r\n\r\n\r\n<!DOCTYPE ht')
  WARNING: Failed to download boletin 15518766 (status=200, first bytes=b'\r\n\r\n\r\n\r\n<!DOCTYPE ht')
  WARNING: Failed to download boletin 15230875 (status=200, first bytes=b'\r\n\r\n\r\n\r\n<!DOCTYPE ht')
  WARNING: Failed to download boletin 14944762 (status=200, first bytes=b'\r\n\r\n\r\n\r\n<!DOCTYPE ht')
  WARNING: Failed to download boletin 14677039 (status=200, first bytes=b'\r\n\r\n\r\n\r\n<!DOCTYPE ht')
  WARNING: Failed to download boletin 13707705 (status=200, first bytes=b'\r\n\r\n\r\n\r\n<!DOCTYPE ht')
  WARNING: Failed to download boletin 13521951 (status=200, first bytes=b'\r\n\r\n\r\n\r\n<!DOCTYPE ht')
  WARNING: Failed to download boletin 13305197 (status=200, first bytes=b'\r\n\r\n\r\n\r\n<!DOCTYPE ht')
  WARNING: Failed to download boletin 12968316 (status=200, first bytes=b'\r\n\r\n\r\n\r\n<!DOCTYPE ht')
  WARNING: Failed to download boletin 12588068 (status=200, first bytes=b'\r\n\r\n\r\n\r\n<!DOCTYPE ht')
  WARNING: Failed to download boletin 16657867 (status=200, first bytes=b'\r\n\r\n\r\n\r\n<!DOCTYPE ht')
  WARNING: Failed to download boletin 14477660 (status=200, first bytes=b'\r\n\r\n\r\n\r\n<!DOCTYPE ht')
  WARNING: Failed to download boletin 12889418 (status=200, first bytes=b'\r\n\r\n\r\n\r\n<!DOCTYPE ht')
  WARNING: Failed to download boletin 11920565 (status=200, first bytes=b'\r\n\r\n\r\n\r\n<!DOCTYPE ht')
  WARNING: Failed to download boletin 11261152 (status=200, first bytes=b'\r\n\r\n\r\n\r\n<!DOCTYPE ht')
  WARNING: Failed to download boletin 9957180 (status=200, first bytes=b'\r\n\r\n\r\n\r\n<!DOCTYPE ht')
  WARNING: Failed to download boletin 9272804 (status=200, first bytes=b'\r\n\r\n\r\n\r\n<!DOCTYPE ht')
  WARNING: Failed to download boletin 8671484 (status=200, first bytes=b'\r\n\r\n\r\n\r\n<!DOCTYPE ht')
  WARNING: Failed to download boletin 7030810 (status=200, first bytes=b'\r\n\r\n\r\n\r\n<!DOCTYPE ht')
  WARNING: Failed to download boletin 6318160 (status=200, first bytes=b'\r\n\r\n\r\n\r\n<!DOCTYPE ht')
  WARNING: Failed to download boletin 15449553 (status=200, first bytes=b'\r\n\r\n\r\n\r\n<!DOCTYPE ht')
  WARNING: Failed to download boletin 13175405 (status=200, first bytes=b'\r\n\r\n\r\n\r\n<!DOCTYPE ht')
  WARNING: Failed to download boletin 12255409 (status=200, first bytes=b'\r\n\r\n\r\n\r\n<!DOCTYPE ht')
  WARNING: Failed to download boletin 11261160 (status=200, first bytes=b'\r\n\r\n\r\n\r\n<!DOCTYPE ht')
  WARNING: Failed to download boletin 10615517 (status=200, first bytes=b'\r\n\r\n\r\n\r\n<!DOCTYPE ht')
  OK: no data
[Cádiz 4/45] ALGECIRAS
  WARNING: Failed to download boletin 17679014 (status=200, first bytes=b'\r\n\r\n\r\n\r\n<!DOCTYPE ht')
  WARNING: Failed to download boletin 17629926 (status=200, first bytes=b'\r\n\r\n\r\n\r\n<!DOCTYPE ht')
