Loaded catalog: 272 municipalities
[Province 31 - Navarra] 0/272 already completed (HTML mode)
[Navarra 1/272] ABÁIGAR
  OK: 728 records (html)
[Navarra 2/272] ABÁRZUZA/ABARTZUZA
  OK: 750 records (html)
[Navarra 3/272] ABAURREGAINA/ABAURREA ALTA
  OK: no data
[Navarra 4/272] ABAURREPEA/ABAURREA BAJA
  OK: no data
[Navarra 5/272] ABERIN
  OK: 805 records (html)
[Navarra 6/272] ABLITAS
  OK: 972 records (html)
[Navarra 7/272] ADIÓS
  OK: 1079 records (html)
[Navarra 8/272] AGUILAR DE CODÉS
  OK: no data
[Navarra 9/272] AIBAR/OIBAR
  OK: 1174 records (html)
[Navarra 10/272] ALLÍN/ALLIN
  OK: 3088 records (html)
[Navarra 11/272] ALLO
  OK: 828 records (html)
[Navarra 12/272] ALTSASU/ALSASUA
  OK: 650 records (html)
[Navarra 13/272] AMÉSCOA BAJA
  OK: no data
[Navarra 14/272] ANCÍN/ANTZIN
  OK: 731 records (html)
[Navarra 15/272] ANDOSILLA
  OK: 827 records (html)
[Navarra 16/272] ANSOÁIN/ANTSOAIN
  OK: 1363 records (html)
[Navarra 17/272] ANUE
  OK: no data
[Navarra 18/272] AÑORBE
  OK: 1189 records (html)
[Navarra 19/272] AOIZ/AGOITZ
  OK: 210 records (html)
[Navarra 20/272] ARAITZ
  OK: no data
[Navarra 21/272] ARAKIL
  OK: 252 records (html)
[Navarra 22/272] ARANARACHE/ARANARATXE
  OK: no data
[Navarra 23/272] ARANGUREN
  OK: 1377 records (html)
[Navarra 24/272] ARANO
  OK: no data
[Navarra 25/272] ARANTZA
  OK: no data
[Navarra 26/272] ARAS
  OK: no data
[Navarra 27/272] ARBIZU
  OK: 602 records (html)
[Navarra 28/272] ARCE/ARTZI
  OK: no data
[Navarra 29/272] ARCOS (LOS)
  OK: 829 records (html)
[Navarra 30/272] ARELLANO
  OK: 731 records (html)
[Navarra 31/272] ARESO
  OK: no data
[Navarra 32/272] ARGUEDAS
  OK: 420 records (html)
[Navarra 33/272] ARIA
  OK: no data
[Navarra 34/272] ARIBE
  OK: no data
[Navarra 35/272] ARMAÑANZAS
  OK: 675 records (html)
[Navarra 36/272] ARRÓNIZ
  OK: 715 records (html)
[Navarra 37/272] ARRUAZU
  OK: no data
[Navarra 38/272] ARTAJONA
  OK: 458 records (html)
[Navarra 39/272] ARTAZU
  OK: 459 records (html)
[Navarra 40/272] ATEZ/ATETZ
  OK: no data
[Navarra 41/272] AURITZ/BURGUETE
  OK: no data
[Navarra 42/272] AYEGUI/AIEGI
  OK: 799 records (html)
[Navarra 43/272] AZAGRA
  OK: 792 records (html)
[Navarra 44/272] AZUELO
  OK: 552 records (html)
[Navarra 45/272] BAKAIKU
  OK: 280 records (html)
[Navarra 46/272] BARAÑÁIN/BARAÑAIN
  OK: 1513 records (html)
[Navarra 47/272] BARÁSOAIN
  OK: 1190 records (html)
[Navarra 48/272] BARBARIN
  OK: 636 records (html)
[Navarra 49/272] BARGOTA
  OK: 777 records (html)
[Navarra 50/272] BARILLAS
  OK: 123 records (html)
[Navarra 51/272] BASABURUA
  OK: no data
[Navarra 52/272] BAZTAN
  OK: no data
[Navarra 53/272] BEINTZA-LABAIEN
  OK: no data
[Navarra 54/272] BEIRE
  OK: 1145 records (html)
[Navarra 55/272] BELASCOÁIN
  OK: 1203 records (html)
[Navarra 56/272] BERA
  OK: 809 records (html)
[Navarra 57/272] BERBINZANA
  OK: 458 records (html)
[Navarra 58/272] BERIÁIN
  OK: 1272 records (html)
[Navarra 59/272] BERRIOPLANO/BERRIOBEITI
  OK: 1256 records (html)
[Navarra 60/272] BERRIOZAR
  OK: 1309 records (html)
[Navarra 61/272] BERTIZARANA
  OK: no data
[Navarra 62/272] BETELU
  OK: no data
[Navarra 63/272] BIDAURRETA
  OK: 1177 records (html)
[Navarra 64/272] BIURRUN-OLCOZ
  OK: 1226 records (html)
[Navarra 65/272] BUÑUEL
  OK: 1082 records (html)
[Navarra 66/272] BURGUI/BURGI
  OK: no data
[Navarra 67/272] BURLADA/BURLATA
  OK: 1415 records (html)
[Navarra 68/272] BUSTO (EL)
  OK: 732 records (html)
[Navarra 69/272] CABANILLAS
  OK: no data
[Navarra 70/272] CABREDO
  OK: no data
[Navarra 71/272] CADREITA
  OK: 498 records (html)
[Navarra 72/272] CAPARROSO
  OK: 1600 records (html)
[Navarra 73/272] CÁRCAR
  OK: 752 records (html)
[Navarra 74/272] CARCASTILLO
  OK: 2571 records (html)
[Navarra 75/272] CASCANTE
  OK: 1420 records (html)
[Navarra 76/272] CÁSEDA
  OK: no data
[Navarra 77/272] CASTEJÓN
  OK: no data
[Navarra 78/272] CASTILLONUEVO
  OK: no data
[Navarra 79/272] CENDEA DE OLZA/OLTZA ZENDEA
  OK: 1274 records (html)
[Navarra 80/272] CINTRUÉNIGO
  OK: 1019 records (html)
[Navarra 81/272] CIRAUQUI/ZIRAUKI
  OK: 482 records (html)
[Navarra 82/272] CIRIZA/ZIRITZA
  OK: 1227 records (html)
[Navarra 83/272] CIZUR
  OK: 1236 records (html)
[Navarra 84/272] CORELLA
  OK: 821 records (html)
[Navarra 85/272] CORTES
  OK: 956 records (html)
[Navarra 86/272] DESOJO
  OK: 732 records (html)
[Navarra 87/272] DICASTILLO
  OK: 817 records (html)
[Navarra 88/272] DONAMARIA
  OK: no data
[Navarra 89/272] DONEZTEBE/SANTESTEBAN
  OK: no data
[Navarra 90/272] ECHARRI/ETXARRI
  OK: 1210 records (html)
[Navarra 91/272] ELGORRIAGA
  OK: no data
[Navarra 92/272] ENÉRIZ/ENERITZ
  OK: 1238 records (html)
[Navarra 93/272] ERATSUN
  OK: no data
[Navarra 94/272] ERGOIENA
  OK: no data
[Navarra 95/272] ERRO
  OK: no data
[Navarra 96/272] ESLAVA
  OK: 472 records (html)
[Navarra 97/272] ESPARZA DE SALAZAR/ESPARTZA ZARAITZU
  OK: no data
[Navarra 98/272] ESPRONCEDA
  OK: 662 records (html)
[Navarra 99/272] ESTELLA-LIZARRA
  OK: 727 records (html)
[Navarra 100/272] ESTERIBAR
  OK: 1208 records (html)
[Navarra 101/272] ETAYO
  OK: 673 records (html)
[Navarra 102/272] ETXALAR
  OK: no data
[Navarra 103/272] ETXARRI ARANATZ
  OK: no data
[Navarra 104/272] ETXAURI
  OK: 1288 records (html)
[Navarra 105/272] EULATE
  OK: no data
[Navarra 106/272] EZCABARTE
  OK: 1127 records (html)
[Navarra 107/272] EZCÁROZ/EZKAROZE
  OK: no data
[Navarra 108/272] EZKURRA
  OK: no data
[Navarra 109/272] EZPROGUI
  OK: 505 records (html)
[Navarra 110/272] FALCES
  OK: 796 records (html)
[Navarra 111/272] FITERO
  OK: 1498 records (html)
[Navarra 112/272] FONTELLAS
  OK: 708 records (html)
[Navarra 113/272] FUNES
  OK: 816 records (html)
[Navarra 114/272] FUSTIÑANA
  OK: 535 records (html)
[Navarra 115/272] GALAR
  OK: 1290 records (html)
[Navarra 116/272] GALLIPIENZO/GALIPENTZU
  OK: 472 records (html)
[Navarra 117/272] GALLUÉS/GALOZE
  OK: no data
[Navarra 118/272] GARAIOA
  OK: no data
[Navarra 119/272] GARDE
  OK: no data
[Navarra 120/272] GARÍNOAIN
  OK: 1109 records (html)
[Navarra 121/272] GARRALDA
  OK: no data
[Navarra 122/272] GENEVILLA
  OK: no data
[Navarra 123/272] GOIZUETA
  OK: no data
[Navarra 124/272] GOÑI
  OK: 1268 records (html)
[Navarra 125/272] GÜESA/GORZA
  OK: no data
[Navarra 126/272] GUESÁLAZ/GESALATZ
  OK: 2377 records (html)
[Navarra 127/272] GUIRGUILLANO
  OK: 1207 records (html)
[Navarra 128/272] HIRIBERRI/VILLANUEVA DE AEZKOA
  OK: no data
[Navarra 129/272] HUARTE/UHARTE
  OK: 1249 records (html)
[Navarra 130/272] IBARGOITI
  OK: 1056 records (html)
[Navarra 131/272] IGANTZI
  OK: no data
[Navarra 132/272] IGÚZQUIZA
  OK: 2758 records (html)
[Navarra 133/272] IMOTZ
  OK: no data
[Navarra 134/272] IRAÑETA
  OK: no data
[Navarra 135/272] IRURTZUN
  OK: 654 records (html)
[Navarra 136/272] ISABA/IZABA
  OK: no data
[Navarra 137/272] ITUREN
  OK: no data
[Navarra 138/272] ITURMENDI
  OK: 224 records (html)
[Navarra 139/272] IZAGAONDOA
  OK: no data
[Navarra 140/272] IZA/ITZA
  OK: 1284 records (html)
[Navarra 141/272] IZALZU/ITZALTZU
  OK: no data
[Navarra 142/272] JAURRIETA
  OK: no data
[Navarra 143/272] JAVIER
  OK: 280 records (html)
[Navarra 144/272] JUSLAPEÑA/TXULAPAIN
  OK: 1083 records (html)
[Navarra 145/272] LAKUNTZA
  OK: 544 records (html)
[Navarra 146/272] LANA
  OK: no data
[Navarra 147/272] LANTZ
  OK: no data
[Navarra 148/272] LAPOBLACIÓN
  OK: no data
[Navarra 149/272] LARRAGA
  OK: 203 records (html)
[Navarra 150/272] LARRAONA
  OK: no data
[Navarra 151/272] LARRAUN
  OK: no data
[Navarra 152/272] LAZAGURRÍA
  OK: 642 records (html)
[Navarra 153/272] LEACHE/LEATXE
  OK: 222 records (html)
[Navarra 154/272] LEGARDA
  OK: 1213 records (html)
[Navarra 155/272] LEGARIA
  OK: 577 records (html)
[Navarra 156/272] LEITZA
  OK: 120 records (html)
[Navarra 157/272] LEKUNBERRI
  OK: no data
[Navarra 158/272] LEOZ/LEOTZ
  OK: 3018 records (html)
[Navarra 159/272] LERGA
  OK: 124 records (html)
[Navarra 160/272] LERÍN
  OK: 814 records (html)
[Navarra 161/272] LESAKA
  OK: 306 records (html)
[Navarra 162/272] LEZAUN
  OK: 718 records (html)
[Navarra 163/272] LIÉDENA
  OK: 1044 records (html)
[Navarra 164/272] LIZOAIN-ARRIASGOITI/LIZOAINIBAR-ARRIASGOITI
  OK: no data
[Navarra 165/272] LODOSA
  OK: 791 records (html)
[Navarra 166/272] LÓNGUIDA/LONGIDA
  OK: no data
[Navarra 167/272] LUMBIER
  OK: no data
[Navarra 168/272] LUQUIN
  OK: 734 records (html)
[Navarra 169/272] LUZAIDE/VALCARLOS
  OK: no data
[Navarra 170/272] MAÑERU
  OK: 404 records (html)
[Navarra 171/272] MARAÑÓN
  OK: no data
[Navarra 172/272] MARCILLA
  OK: 1511 records (html)
[Navarra 173/272] MÉLIDA
  OK: 1283 records (html)
[Navarra 174/272] MENDAVIA
  OK: 765 records (html)
[Navarra 175/272] MENDAZA
  OK: 3107 records (html)
[Navarra 176/272] MENDIGORRIA
  OK: 423 records (html)
[Navarra 177/272] METAUTEN
  OK: 3610 records (html)
[Navarra 178/272] MILAGRO
  OK: 137 records (html)
[Navarra 179/272] MIRAFUENTES
  OK: 640 records (html)
[Navarra 180/272] MIRANDA DE ARGA
  OK: 458 records (html)
[Navarra 181/272] MONREAL/ELO
  OK: 1254 records (html)
[Navarra 182/272] MONTEAGUDO
  OK: 860 records (html)
[Navarra 183/272] MORENTIN
  OK: 777 records (html)
[Navarra 184/272] MUES
  OK: 732 records (html)
[Navarra 185/272] MURCHANTE
  OK: 986 records (html)
[Navarra 186/272] MURIETA
  OK: 763 records (html)
[Navarra 187/272] MURILLO EL CUENDE
  OK: 1038 records (html)
[Navarra 188/272] MURILLO EL FRUTO
  OK: 1280 records (html)
[Navarra 189/272] MURUZÁBAL
  OK: 1190 records (html)
[Navarra 190/272] NAVASCUÉS/NABASKOZE
  OK: no data
[Navarra 191/272] NAZAR
  OK: 774 records (html)
[Navarra 192/272] NOÁIN (VALLE DE ELORZ)/NOAIN (ELORTZIBAR)
  OK: 1283 records (html)
[Navarra 193/272] OBANOS
  OK: 458 records (html)
[Navarra 194/272] OCHAGAVÍA/OTSAGABIA
  OK: no data
[Navarra 195/272] OCO
  OK: 709 records (html)
[Navarra 196/272] ODIETA
  OK: no data
[Navarra 197/272] OIZ
  OK: no data
[Navarra 198/272] OLAIBAR
  OK: 890 records (html)
[Navarra 199/272] OLAZTI/OLAZAGUTÍA
  OK: 654 records (html)
[Navarra 200/272] OLEJUA
  OK: 674 records (html)
[Navarra 201/272] OLITE/ERRIBERRI
  OK: 1474 records (html)
[Navarra 202/272] OLÓRIZ/OLORITZ
  OK: 1068 records (html)
[Navarra 203/272] ORBAIZETA
  OK: no data
[Navarra 204/272] ORBARA
  OK: no data
[Navarra 205/272] ORÍSOAIN
  OK: 544 records (html)
[Navarra 206/272] ORKOIEN
  OK: 1251 records (html)
[Navarra 207/272] ORONZ/ORONTZE
  OK: no data
[Navarra 208/272] OROZ-BETELU/OROTZ-BETELU
  OK: no data
[Navarra 209/272] ORREAGA/RONCESVALLES
  OK: no data
[Navarra 210/272] OTEIZA
  OK: 757 records (html)
[Navarra 211/272] PAMPLONA/IRUÑA
  OK: 1794 records (html)
[Navarra 212/272] PERALTA/AZKOIEN
  OK: 1309 records (html)
[Navarra 213/272] PETILLA DE ARAGÓN
  OK: 144 records (html)
[Navarra 214/272] PIEDRAMILLERA
  OK: 682 records (html)
[Navarra 215/272] PITILLAS
  OK: 1262 records (html)
[Navarra 216/272] PUENTE LA REINA/GARES
  OK: 458 records (html)
[Navarra 217/272] PUEYO/PUIU
  OK: 695 records (html)
[Navarra 218/272] RIBAFORADA
  OK: 859 records (html)
[Navarra 219/272] ROMANZADO/ERROMANTZATUA
  OK: no data
[Navarra 220/272] RONCAL/ERRONKARI
  OK: no data
[Navarra 221/272] SADA
  OK: no data
[Navarra 222/272] SALDÍAS
  OK: no data
[Navarra 223/272] SALINAS DE ORO/JAITZ
  OK: 519 records (html)
[Navarra 224/272] SAN ADRIÁN
  OK: 768 records (html)
[Navarra 225/272] SAN MARTÍN DE UNX
  OK: 1209 records (html)
[Navarra 226/272] SANGÜESA/ZANGOZA
  OK: 2464 records (html)
[Navarra 227/272] SANSOL
  OK: 789 records (html)
[Navarra 228/272] SANTACARA
  OK: 1222 records (html)
[Navarra 229/272] SARRIÉS/SARTZE
  OK: no data
[Navarra 230/272] SARTAGUDA
  OK: 364 records (html)
[Navarra 231/272] SESMA
  OK: 748 records (html)
[Navarra 232/272] SORLADA
  OK: 670 records (html)
[Navarra 233/272] SUNBILLA
  OK: no data
[Navarra 234/272] TAFALLA
  OK: 2565 records (html)
[Navarra 235/272] TIEBAS-MURUARTE DE RETA
  OK: 1268 records (html)
[Navarra 236/272] TIRAPU
  OK: 1209 records (html)
[Navarra 237/272] TORRALBA DEL RÍO
  OK: 1339 records (html)
[Navarra 238/272] TORRES DEL RÍO
  OK: 796 records (html)
[Navarra 239/272] TUDELA
  OK: 743 records (html)
[Navarra 240/272] TULEBRAS
  OK: 124 records (html)
[Navarra 241/272] UCAR
  OK: 1105 records (html)
[Navarra 242/272] UHARTE ARAKIL
  OK: no data
[Navarra 243/272] UJUÉ/UXUE
  OK: 1029 records (html)
[Navarra 244/272] ULTZAMA
  OK: no data
[Navarra 245/272] UNCITI
  OK: no data
[Navarra 246/272] UNZUÉ/UNTZUE
  OK: 691 records (html)
[Navarra 247/272] URDAZUBI/URDAX
  OK: no data
[Navarra 248/272] URDIAIN
  OK: 492 records (html)
[Navarra 249/272] URRAUL ALTO
  OK: no data
[Navarra 250/272] URRAUL BAJO
  OK: no data
[Navarra 251/272] URROZ
  OK: no data
[Navarra 252/272] URROZ-VILLA
  OK: no data
[Navarra 253/272] URZAINQUI/URZAINKI
  OK: no data
[Navarra 254/272] UTERGA
  OK: 1197 records (html)
[Navarra 255/272] UZTÁRROZ/UZTARROZE
  OK: no data
[Navarra 256/272] VALLE DE EGÜÉS/EGUESIBAR
  OK: 1435 records (html)
[Navarra 257/272] VALLE DE OLLO/OLLARAN
  OK: 1277 records (html)
[Navarra 258/272] VALLE DE YERRI/DEIERRI
  OK: 9043 records (html)
[Navarra 259/272] VALTIERRA
  OK: 342 records (html)
[Navarra 260/272] VIANA
