Loaded catalog: 45 municipalities
[Province 30 - Murcia] 0/45 already completed (HTML mode)
[Murcia 1/45] ABANILLA
  OK: 7753 records (html)
[Murcia 2/45] ABARÁN
  OK: 5219 records (html)
[Murcia 3/45] ÁGUILAS
  OK: 12355 records (html)
[Murcia 4/45] ALBUDEITE
  OK: 1510 records (html)
[Murcia 5/45] ALCANTARILLA
  OK: 4517 records (html)
[Murcia 6/45] ALCÁZARES (LOS)
  OK: 4555 records (html)
[Murcia 7/45] ALEDO
  OK: 4036 records (html)
[Murcia 8/45] ALGUAZAS
  OK: 2844 records (html)
[Murcia 9/45] ALHAMA DE MURCIA
  OK: 5259 records (html)
[Murcia 10/45] ARCHENA
  OK: 2280 records (html)
[Murcia 11/45] BENIEL
  OK: 3696 records (html)
[Murcia 12/45] BLANCA
  OK: 3968 records (html)
[Murcia 13/45] BULLAS
  OK: 2037 records (html)
[Murcia 14/45] CALASPARRA
  OK: 4121 records (html)
[Murcia 15/45] CAMPOS DEL RÍO
  OK: 1505 records (html)
[Murcia 16/45] CARAVACA DE LA CRUZ
  OK: 20795 records (html)
[Murcia 17/45] CARTAGENA
  OK: 36091 records (html)
[Murcia 18/45] CEHEGÍN
  OK: 8731 records (html)
[Murcia 19/45] CEUTÍ
  OK: 2299 records (html)
[Murcia 20/45] CIEZA
  OK: 3430 records (html)
[Murcia 21/45] FORTUNA
  OK: 6664 records (html)
[Murcia 22/45] FUENTE ÁLAMO DE MURCIA
  OK: 12923 records (html)
[Murcia 23/45] JUMILLA
  OK: 7293 records (html)
[Murcia 24/45] LIBRILLA
  OK: 2216 records (html)
[Murcia 25/45] LORCA
