Loaded catalog: 78 municipalities
[Province 33 - Asturias] 0/78 already completed (HTML mode)
[Asturias 1/78] ALLANDE
  OK: no data
[Asturias 2/78] ALLER
  OK: 21868 records (html)
[Asturias 3/78] AMIEVA
  OK: 1195 records (html)
[Asturias 4/78] AVILÉS
  OK: 5331 records (html)
[Asturias 5/78] BELMONTE DE MIRANDA
  OK: no data
[Asturias 6/78] BIMENES
  OK: no data
[Asturias 7/78] BOAL
  OK: 1270 records (html)
[Asturias 8/78] CABRALES
  OK: 7546 records (html)
[Asturias 9/78] CABRANES
  OK: 785 records (html)
[Asturias 10/78] CANDAMO
  OK: no data
[Asturias 11/78] CANGAS DE ONÍS
  OK: 7152 records (html)
[Asturias 12/78] CANGAS DEL NARCEA
