Loaded catalog: 179 municipalities
[Province 28 - Madrid] 0/179 already completed (HTML mode)
[Madrid 1/179] ACEBEDA (LA)
  OK: 967 records (html)
[Madrid 2/179] AJALVIR
  OK: 930 records (html)
[Madrid 3/179] ALAMEDA DEL VALLE
  OK: 1079 records (html)
[Madrid 4/179] ÁLAMO (EL)
  OK: 1464 records (html)
[Madrid 5/179] ALCALÁ DE HENARES
  OK: 1166 records (html)
[Madrid 6/179] ALCOBENDAS
  OK: 1267 records (html)
[Madrid 7/179] ALCORCÓN
  OK: 1211 records (html)
[Madrid 8/179] ALDEA DEL FRESNO
  OK: 401 records (html)
[Madrid 9/179] ALGETE
  OK: 1341 records (html)
[Madrid 10/179] ALPEDRETE
  OK: 1001 records (html)
[Madrid 11/179] AMBITE
  OK: 931 records (html)
[Madrid 12/179] ANCHUELO
  OK: 853 records (html)
[Madrid 13/179] ARANJUEZ
  OK: 1189 records (html)
[Madrid 14/179] ARGANDA DEL REY
  OK: 1122 records (html)
[Madrid 15/179] ARROYOMOLINOS
  OK: 1111 records (html)
[Madrid 16/179] ATAZAR (EL)
  OK: 822 records (html)
[Madrid 17/179] BATRES
  OK: 1271 records (html)
[Madrid 18/179] BECERRIL DE LA SIERRA
  OK: 1879 records (html)
[Madrid 19/179] BELMONTE DE TAJO
  OK: 962 records (html)
[Madrid 20/179] BERRUECO (EL)
  OK: 906 records (html)
[Madrid 21/179] BERZOSA DEL LOZOYA
  OK: 821 records (html)
[Madrid 22/179] BOADILLA DEL MONTE
  OK: 3188 records (html)
[Madrid 23/179] BOALO (EL)
  OK: 1017 records (html)
[Madrid 24/179] BRAOJOS
  OK: 962 records (html)
[Madrid 25/179] BREA DE TAJO
  OK: 901 records (html)
[Madrid 26/179] BRUNETE
  OK: 1011 records (html)
[Madrid 27/179] BUITRAGO DEL LOZOYA
  OK: 937 records (html)
[Madrid 28/179] BUSTARVIEJO
  OK: 1036 records (html)
[Madrid 29/179] CABANILLAS DE LA SIERRA
  OK: 987 records (html)
[Madrid 30/179] CABRERA (LA)
  OK: 971 records (html)
[Madrid 31/179] CADALSO DE LOS VIDRIOS
  OK: 946 records (html)
[Madrid 32/179] CAMARMA DE ESTERUELAS
  OK: 1012 records (html)
[Madrid 33/179] CAMPO REAL
  OK: 935 records (html)
[Madrid 34/179] CANENCIA
  OK: 939 records (html)
[Madrid 35/179] CARABAÑA
  OK: 882 records (html)
[Madrid 36/179] CASARRUBUELOS
  OK: 897 records (html)
[Madrid 37/179] CENICIENTOS
  OK: 1022 records (html)
[Madrid 38/179] CERCEDILLA
  OK: 2144 records (html)
[Madrid 39/179] CERVERA DE BUITRAGO
  OK: 990 records (html)
[Madrid 40/179] CHAPINERÍA
  OK: 863 records (html)
[Madrid 41/179] CHINCHÓN
  OK: 1073 records (html)
[Madrid 42/179] CIEMPOZUELOS
  OK: 1077 records (html)
[Madrid 43/179] COBEÑA
  OK: 1051 records (html)
[Madrid 44/179] COLLADO MEDIANO
  OK: 966 records (html)
[Madrid 45/179] COLLADO VILLALBA
  OK: 1271 records (html)
[Madrid 46/179] COLMENAR DE OREJA
  OK: 1048 records (html)
[Madrid 47/179] COLMENAR DEL ARROYO
  OK: 862 records (html)
[Madrid 48/179] COLMENAR VIEJO
  OK: 1148 records (html)
[Madrid 49/179] COLMENAREJO
  OK: 284 records (html)
[Madrid 50/179] CORPA
  OK: 978 records (html)
[Madrid 51/179] COSLADA
  OK: 1200 records (html)
[Madrid 52/179] CUBAS DE LA SAGRA
  OK: 905 records (html)
[Madrid 53/179] DAGANZO DE ARRIBA
  OK: 1168 records (html)
[Madrid 54/179] ESCORIAL (EL)
  OK: 979 records (html)
[Madrid 55/179] ESTREMERA
  OK: 967 records (html)
[Madrid 56/179] FRESNEDILLAS DE LA OLIVA
  OK: 877 records (html)
[Madrid 57/179] FRESNO DE TOROTE
  OK: 1707 records (html)
[Madrid 58/179] FUENLABRADA
  OK: 1203 records (html)
[Madrid 59/179] FUENTE EL SAZ DE JARAMA
  OK: 907 records (html)
[Madrid 60/179] FUENTIDUEÑA DE TAJO
  OK: 915 records (html)
[Madrid 61/179] GALAPAGAR
  OK: 1172 records (html)
[Madrid 62/179] GARGANTA DE LOS MONTES
  OK: 941 records (html)
[Madrid 63/179] GARGANTILLA DEL LOZOYA Y PINILLA DE BUITRAGO
  OK: 1052 records (html)
[Madrid 64/179] GASCONES
  OK: 949 records (html)
[Madrid 65/179] GETAFE
  OK: 1284 records (html)
[Madrid 66/179] GRIÑÓN
  OK: 1012 records (html)
[Madrid 67/179] GUADALIX DE LA SIERRA
  OK: 931 records (html)
[Madrid 68/179] GUADARRAMA
  OK: 1092 records (html)
[Madrid 69/179] HIRUELA (LA)
  OK: 963 records (html)
[Madrid 70/179] HORCAJO DE LA SIERRA-AOSLOS
  OK: 953 records (html)
[Madrid 71/179] HORCAJUELO DE LA SIERRA
  OK: 395 records (html)
[Madrid 72/179] HOYO DE MANZANARES
  OK: 941 records (html)
[Madrid 73/179] HUMANES DE MADRID
  OK: 956 records (html)
[Madrid 74/179] LEGANÉS
  OK: 1169 records (html)
[Madrid 75/179] LOECHES
  OK: 885 records (html)
[Madrid 76/179] LOZOYA
  OK: 993 records (html)
[Madrid 77/179] LOZOYUELA-NAVAS-SIETEIGLESIAS
  OK: 990 records (html)
[Madrid 78/179] MADARCOS
  OK: 783 records (html)
[Madrid 79/179] MADRID
  OK: 40125 records (html)
[Madrid 80/179] MAJADAHONDA
  OK: 1118 records (html)
[Madrid 81/179] MANZANARES EL REAL
  OK: 1043 records (html)
[Madrid 82/179] MECO
  OK: 997 records (html)
[Madrid 83/179] MEJORADA DEL CAMPO
  OK: 1063 records (html)
[Madrid 84/179] MIRAFLORES DE LA SIERRA
  OK: 905 records (html)
[Madrid 85/179] MOLAR (EL)
  OK: 1093 records (html)
[Madrid 86/179] MOLINOS (LOS)
  OK: 961 records (html)
[Madrid 87/179] MONTEJO DE LA SIERRA
  OK: 1006 records (html)
[Madrid 88/179] MORALEJA DE ENMEDIO
  OK: 1017 records (html)
[Madrid 89/179] MORALZARZAL
  OK: 1010 records (html)
[Madrid 90/179] MORATA DE TAJUÑA
  OK: 963 records (html)
[Madrid 91/179] MÓSTOLES
  OK: 1089 records (html)
[Madrid 92/179] NAVACERRADA
  OK: 906 records (html)
[Madrid 93/179] NAVALAFUENTE
  OK: 916 records (html)
[Madrid 94/179] NAVALAGAMELLA
  OK: 808 records (html)
[Madrid 95/179] NAVALCARNERO
  OK: 1080 records (html)
[Madrid 96/179] NAVARREDONDA Y SAN MAMÉS
  OK: 543 records (html)
[Madrid 97/179] NAVAS DEL REY
  OK: 1003 records (html)
[Madrid 98/179] NUEVO BAZTÁN
  OK: 1623 records (html)
[Madrid 99/179] OLMEDA DE LAS FUENTES
  OK: no data
[Madrid 100/179] ORUSCO DE TAJUÑA
  OK: 991 records (html)
[Madrid 101/179] PARACUELLOS DE JARAMA
  OK: 1169 records (html)
[Madrid 102/179] PARLA
  OK: 1280 records (html)
[Madrid 103/179] PATONES
  OK: 948 records (html)
[Madrid 104/179] PEDREZUELA
  OK: 940 records (html)
[Madrid 105/179] PELAYOS DE LA PRESA
  OK: 904 records (html)
[Madrid 106/179] PERALES DE TAJUÑA
  OK: 870 records (html)
[Madrid 107/179] PEZUELA DE LAS TORRES
  OK: 917 records (html)
[Madrid 108/179] PINILLA DEL VALLE
  OK: 1010 records (html)
[Madrid 109/179] PINTO
  OK: 1182 records (html)
[Madrid 110/179] PIÑUÉCAR-GANDULLAS
  OK: 1034 records (html)
[Madrid 111/179] POZUELO DE ALARCÓN
  OK: 2224 records (html)
[Madrid 112/179] POZUELO DEL REY
  OK: 847 records (html)
[Madrid 113/179] PRÁDENA DEL RINCÓN
  OK: 1033 records (html)
[Madrid 114/179] PUEBLA DE LA SIERRA
  OK: 943 records (html)
[Madrid 115/179] PUENTES VIEJAS
  OK: 1097 records (html)
[Madrid 116/179] QUIJORNA
  OK: 948 records (html)
[Madrid 117/179] RASCAFRÍA
  OK: 1092 records (html)
[Madrid 118/179] REDUEÑA
  OK: 763 records (html)
[Madrid 119/179] RIBATEJADA
  OK: 1132 records (html)
[Madrid 120/179] RIVAS-VACIAMADRID
  OK: 1171 records (html)
[Madrid 121/179] ROBLEDILLO DE LA JARA
  OK: 922 records (html)
[Madrid 122/179] ROBLEDO DE CHAVELA
  OK: 1045 records (html)
[Madrid 123/179] ROBREGORDO
  OK: 973 records (html)
[Madrid 124/179] ROZAS DE MADRID (LAS)
  OK: 1235 records (html)
[Madrid 125/179] ROZAS DE PUERTO REAL
  OK: 989 records (html)
[Madrid 126/179] SAN AGUSTÍN DEL GUADALIX
  OK: 919 records (html)
[Madrid 127/179] SAN FERNANDO DE HENARES
  OK: 1293 records (html)
[Madrid 128/179] SAN LORENZO DE EL ESCORIAL
  OK: 6634 records (html)
[Madrid 129/179] SAN MARTÍN DE LA VEGA
  OK: 1108 records (html)
[Madrid 130/179] SAN MARTÍN DE VALDEIGLESIAS
  OK: 952 records (html)
[Madrid 131/179] SAN SEBASTIÁN DE LOS REYES
  OK: 1260 records (html)
[Madrid 132/179] SANTA MARÍA DE LA ALAMEDA
  OK: 1104 records (html)
[Madrid 133/179] SANTORCAZ
  OK: 939 records (html)
[Madrid 134/179] SANTOS DE LA HUMOSA (LOS)
  OK: 852 records (html)
[Madrid 135/179] SERNA DEL MONTE (LA)
  OK: 835 records (html)
[Madrid 136/179] SERRANILLOS DEL VALLE
  OK: 892 records (html)
[Madrid 137/179] SEVILLA LA NUEVA
  OK: 804 records (html)
[Madrid 138/179] SOMOSIERRA
  OK: 272 records (html)
[Madrid 139/179] SOTO DEL REAL
  OK: 924 records (html)
[Madrid 140/179] TALAMANCA DE JARAMA
  OK: 996 records (html)
[Madrid 141/179] TIELMES
  OK: 1023 records (html)
[Madrid 142/179] TITULCIA
  OK: 1022 records (html)
[Madrid 143/179] TORREJÓN DE ARDOZ
  OK: 1135 records (html)
[Madrid 144/179] TORREJÓN DE LA CALZADA
  OK: 942 records (html)
[Madrid 145/179] TORREJÓN DE VELASCO
  OK: 963 records (html)
[Madrid 146/179] TORRELAGUNA
  OK: 944 records (html)
[Madrid 147/179] TORRELODONES
  OK: 1142 records (html)
[Madrid 148/179] TORREMOCHA DE JARAMA
  OK: 966 records (html)
[Madrid 149/179] TORRES DE LA ALAMEDA
  OK: 954 records (html)
[Madrid 150/179] TRES CANTOS
  OK: 1102 records (html)
[Madrid 151/179] VALDARACETE
  OK: 948 records (html)
[Madrid 152/179] VALDEAVERO
  OK: 365 records (html)
[Madrid 153/179] VALDELAGUNA
  OK: 975 records (html)
[Madrid 154/179] VALDEMANCO
  OK: 960 records (html)
[Madrid 155/179] VALDEMAQUEDA
  OK: 894 records (html)
[Madrid 156/179] VALDEMORILLO
  OK: 1007 records (html)
[Madrid 157/179] VALDEMORO
  OK: 1242 records (html)
[Madrid 158/179] VALDEOLMOS-ALALPARDO
  OK: 1012 records (html)
[Madrid 159/179] VALDEPIÉLAGOS
  OK: 948 records (html)
[Madrid 160/179] VALDETORRES DE JARAMA
  OK: 1105 records (html)
[Madrid 161/179] VALDILECHA
  OK: 970 records (html)
[Madrid 162/179] VALVERDE DE ALCALÁ
  OK: 676 records (html)
[Madrid 163/179] VELILLA DE SAN ANTONIO
  OK: 944 records (html)
[Madrid 164/179] VELLÓN (EL)
  OK: 968 records (html)
[Madrid 165/179] VENTURADA
  OK: 982 records (html)
[Madrid 166/179] VILLA DEL PRADO
  OK: 768 records (html)
[Madrid 167/179] VILLACONEJOS
  OK: 955 records (html)
[Madrid 168/179] VILLALBILLA
  OK: 1031 records (html)
[Madrid 169/179] VILLAMANRIQUE DE TAJO
  OK: 933 records (html)
[Madrid 170/179] VILLAMANTA
  OK: 327 records (html)
[Madrid 171/179] VILLAMANTILLA
  OK: 932 records (html)
[Madrid 172/179] VILLANUEVA DE LA CAÑADA
  OK: 3099 records (html)
[Madrid 173/179] VILLANUEVA DE PERALES
  OK: 894 records (html)
[Madrid 174/179] VILLANUEVA DEL PARDILLO
  OK: 1029 records (html)
[Madrid 175/179] VILLAR DEL OLMO
  OK: 893 records (html)
[Madrid 176/179] VILLAREJO DE SALVANÉS
