Loaded catalog: 77 municipalities
[Province 14 - Córdoba] 54/77 already completed (HTML mode)
[Córdoba 55/77] POSADAS
  OK: 1576 records (html)
[Córdoba 56/77] POZOBLANCO
  OK: 1294 records (html)
[Córdoba 57/77] PRIEGO DE CÓRDOBA
  OK: 18403 records (html)
[Córdoba 58/77] PUENTE GENIL
  OK: 2026 records (html)
[Córdoba 59/77] RAMBLA (LA)
  OK: 2948 records (html)
[Córdoba 60/77] RUTE
  OK: 7632 records (html)
[Córdoba 61/77] SAN SEBASTIÁN DE LOS BALLESTEROS
  OK: 908 records (html)
[Córdoba 62/77] SANTA EUFEMIA
  OK: 884 records (html)
[Córdoba 63/77] SANTAELLA
  OK: 6630 records (html)
[Córdoba 64/77] TORRECAMPO
  OK: 874 records (html)
[Córdoba 65/77] VALENZUELA
  OK: 893 records (html)
[Córdoba 66/77] VALSEQUILLO
  OK: 901 records (html)
[Córdoba 67/77] VICTORIA (LA)
  OK: 902 records (html)
[Córdoba 68/77] VILLA DEL RÍO
  OK: 796 records (html)
[Córdoba 69/77] VILLAFRANCA DE CÓRDOBA
  OK: 1755 records (html)
[Córdoba 70/77] VILLAHARTA
  OK: 907 records (html)
[Córdoba 71/77] VILLANUEVA DE CÓRDOBA
  OK: 865 records (html)
[Córdoba 72/77] VILLANUEVA DEL DUQUE
  OK: 895 records (html)
[Córdoba 73/77] VILLANUEVA DEL REY
  OK: 889 records (html)
[Córdoba 74/77] VILLARALTO
  OK: 870 records (html)
[Córdoba 75/77] VILLAVICIOSA DE CÓRDOBA
  OK: 1790 records (html)
[Córdoba 76/77] VISO (EL)
  OK: 868 records (html)
[Córdoba 77/77] ZUHEROS
  OK: 922 records (html)

[Córdoba] DONE! 77/77 completed, 0 failed, 199858 records
