Loaded catalog: 174 municipalities
[Province 26 - Rioja (La)] 0/174 already completed (HTML mode)
[Rioja (La) 1/174] ÁBALOS
  OK: 130 records (html)
[Rioja (La) 2/174] AGONCILLO
  OK: 2710 records (html)
[Rioja (La) 3/174] AGUILAR DEL RÍO ALHAMA
  OK: 1022 records (html)
[Rioja (La) 4/174] AJAMIL DE CAMEROS
  OK: no data
[Rioja (La) 5/174] ALBELDA DE IREGUA
  OK: 973 records (html)
[Rioja (La) 6/174] ALBERITE
  OK: 923 records (html)
[Rioja (La) 7/174] ALCANADRE
  OK: 772 records (html)
[Rioja (La) 8/174] ALDEANUEVA DE EBRO
  OK: 597 records (html)
[Rioja (La) 9/174] ALESANCO
  OK: 1112 records (html)
[Rioja (La) 10/174] ALESÓN
  OK: no data
[Rioja (La) 11/174] ALFARO
  OK: 2398 records (html)
[Rioja (La) 12/174] ALMARZA DE CAMEROS
  OK: no data
[Rioja (La) 13/174] ANGUCIANA
  OK: 1057 records (html)
[Rioja (La) 14/174] ANGUIANO
  OK: 130 records (html)
[Rioja (La) 15/174] ARENZANA DE ABAJO
  OK: 182 records (html)
[Rioja (La) 16/174] ARENZANA DE ARRIBA
  OK: no data
[Rioja (La) 17/174] ARNEDILLO
  OK: no data
[Rioja (La) 18/174] ARNEDO
  OK: 1140 records (html)
[Rioja (La) 19/174] ARRÚBAL
  OK: 299 records (html)
[Rioja (La) 20/174] AUSEJO
  OK: 1067 records (html)
[Rioja (La) 21/174] AUTOL
  OK: 1224 records (html)
[Rioja (La) 22/174] AZOFRA
  OK: 182 records (html)
[Rioja (La) 23/174] BADARÁN
  OK: 253 records (html)
[Rioja (La) 24/174] BAÑARES
  OK: 182 records (html)
[Rioja (La) 25/174] BAÑOS DE RÍO TOBÍA
  OK: 972 records (html)
[Rioja (La) 26/174] BAÑOS DE RIOJA
  OK: 183 records (html)
[Rioja (La) 27/174] BERCEO
  OK: no data
[Rioja (La) 28/174] BERGASA
  OK: no data
[Rioja (La) 29/174] BERGASILLAS BAJERA
  OK: no data
[Rioja (La) 30/174] BEZARES
  OK: no data
[Rioja (La) 31/174] BOBADILLA
  OK: 182 records (html)
[Rioja (La) 32/174] BRIEVA DE CAMEROS
  OK: no data
[Rioja (La) 33/174] BRIÑAS
  OK: 130 records (html)
[Rioja (La) 34/174] BRIONES
  OK: 919 records (html)
[Rioja (La) 35/174] CABEZÓN DE CAMEROS
  OK: no data
[Rioja (La) 36/174] CALAHORRA
  OK: 1269 records (html)
[Rioja (La) 37/174] CAMPROVÍN
  OK: 188 records (html)
[Rioja (La) 38/174] CANALES DE LA SIERRA
  OK: 191 records (html)
[Rioja (La) 39/174] CANILLAS DE RÍO TUERTO
  OK: no data
[Rioja (La) 40/174] CAÑAS
  OK: 184 records (html)
[Rioja (La) 41/174] CÁRDENAS
  OK: 130 records (html)
[Rioja (La) 42/174] CASALARREINA
  OK: 927 records (html)
[Rioja (La) 43/174] CASTAÑARES DE RIOJA
  OK: 1039 records (html)
[Rioja (La) 44/174] CASTROVIEJO
  OK: no data
[Rioja (La) 45/174] CELLORIGO
  OK: no data
[Rioja (La) 46/174] CENICERO
  OK: 1126 records (html)
[Rioja (La) 47/174] CERVERA DEL RÍO ALHAMA
  OK: 2085 records (html)
[Rioja (La) 48/174] CIDAMÓN
  OK: no data
[Rioja (La) 49/174] CIHURI
  OK: 129 records (html)
[Rioja (La) 50/174] CIRUEÑA
  OK: 306 records (html)
[Rioja (La) 51/174] CLAVIJO
  OK: 125 records (html)
[Rioja (La) 52/174] CORDOVÍN
  OK: no data
[Rioja (La) 53/174] CORERA
  OK: 130 records (html)
[Rioja (La) 54/174] CORNAGO
  OK: 690 records (html)
[Rioja (La) 55/174] CORPORALES
  OK: no data
[Rioja (La) 56/174] CUZCURRITA DE RÍO TIRÓN
  OK: 364 records (html)
[Rioja (La) 57/174] DAROCA DE RIOJA
  OK: no data
[Rioja (La) 58/174] ENCISO
  OK: no data
[Rioja (La) 59/174] ENTRENA
  OK: 1071 records (html)
[Rioja (La) 60/174] ESTOLLO
  OK: no data
[Rioja (La) 61/174] EZCARAY
  OK: 1219 records (html)
[Rioja (La) 62/174] FONCEA
  OK: 129 records (html)
[Rioja (La) 63/174] FONZALECHE
  OK: 183 records (html)
[Rioja (La) 64/174] FUENMAYOR
  OK: 780 records (html)
[Rioja (La) 65/174] GALBÁRRULI
  OK: no data
[Rioja (La) 66/174] GALILEA
  OK: 276 records (html)
[Rioja (La) 67/174] GALLINERO DE CAMEROS
  OK: no data
[Rioja (La) 68/174] GIMILEO
  OK: 183 records (html)
[Rioja (La) 69/174] GRAÑÓN
  OK: 183 records (html)
[Rioja (La) 70/174] GRÁVALOS
  OK: 528 records (html)
[Rioja (La) 71/174] HARO
  OK: 1902 records (html)
[Rioja (La) 72/174] HERCE
  OK: no data
[Rioja (La) 73/174] HERRAMÉLLURI
  OK: no data
[Rioja (La) 74/174] HERVÍAS
  OK: 130 records (html)
[Rioja (La) 75/174] HORMILLA
  OK: 1111 records (html)
[Rioja (La) 76/174] HORMILLEJA
  OK: 182 records (html)
[Rioja (La) 77/174] HORNILLOS DE CAMEROS
  OK: no data
[Rioja (La) 78/174] HORNOS DE MONCALVILLO
  OK: 192 records (html)
[Rioja (La) 79/174] HUÉRCANOS
  OK: 1100 records (html)
[Rioja (La) 80/174] IGEA
  OK: 575 records (html)
[Rioja (La) 81/174] JALÓN DE CAMEROS
  OK: no data
[Rioja (La) 82/174] LAGUNA DE CAMEROS
  OK: no data
[Rioja (La) 83/174] LAGUNILLA DEL JUBERA
  OK: 260 records (html)
[Rioja (La) 84/174] LARDERO
  OK: 927 records (html)
[Rioja (La) 85/174] LEDESMA DE LA COGOLLA
  OK: no data
[Rioja (La) 86/174] LEIVA
  OK: no data
[Rioja (La) 87/174] LEZA DE RÍO LEZA
  OK: no data
[Rioja (La) 88/174] LOGROÑO
  OK: 1208 records (html)
[Rioja (La) 89/174] LUMBRERAS DE CAMEROS
  OK: no data
[Rioja (La) 90/174] MANJARRÉS
  OK: 78 records (html)
[Rioja (La) 91/174] MANSILLA DE LA SIERRA
  OK: 188 records (html)
[Rioja (La) 92/174] MANZANARES DE RIOJA
  OK: 318 records (html)
[Rioja (La) 93/174] MATUTE
  OK: no data
[Rioja (La) 94/174] MEDRANO
  OK: 183 records (html)
[Rioja (La) 95/174] MUNILLA
  OK: 336 records (html)
[Rioja (La) 96/174] MURILLO DE RÍO LEZA
  OK: 940 records (html)
[Rioja (La) 97/174] MURO DE AGUAS
  OK: no data
[Rioja (La) 98/174] MURO EN CAMEROS
  OK: no data
[Rioja (La) 99/174] NÁJERA
  OK: 1109 records (html)
[Rioja (La) 100/174] NALDA
  OK: 1001 records (html)
[Rioja (La) 101/174] NAVAJÚN
  OK: no data
[Rioja (La) 102/174] NAVARRETE
  OK: 1343 records (html)
[Rioja (La) 103/174] NESTARES
  OK: no data
[Rioja (La) 104/174] NIEVA DE CAMEROS
  OK: 260 records (html)
[Rioja (La) 105/174] OCHÁNDURI
  OK: no data
[Rioja (La) 106/174] OCÓN
  OK: no data
[Rioja (La) 107/174] OJACASTRO
  OK: no data
[Rioja (La) 108/174] OLLAURI
  OK: 182 records (html)
[Rioja (La) 109/174] ORTIGOSA DE CAMEROS
  OK: 321 records (html)
[Rioja (La) 110/174] PAZUENGOS
  OK: no data
[Rioja (La) 111/174] PEDROSO
  OK: no data
[Rioja (La) 112/174] PINILLOS
  OK: no data
[Rioja (La) 113/174] PRADEJÓN
  OK: 1146 records (html)
[Rioja (La) 114/174] PRADILLO
  OK: no data
[Rioja (La) 115/174] PRÉJANO
  OK: 572 records (html)
[Rioja (La) 116/174] QUEL
  OK: 1158 records (html)
[Rioja (La) 117/174] RABANERA
  OK: no data
[Rioja (La) 118/174] RASILLO DE CAMEROS (EL)
  OK: 127 records (html)
[Rioja (La) 119/174] REDAL (EL)
  OK: no data
[Rioja (La) 120/174] RIBAFRECHA
  OK: 927 records (html)
[Rioja (La) 121/174] RINCÓN DE SOTO
  OK: no data
[Rioja (La) 122/174] ROBRES DEL CASTILLO
  OK: no data
[Rioja (La) 123/174] RODEZNO
  OK: 182 records (html)
[Rioja (La) 124/174] SAJAZARRA
  OK: 129 records (html)
[Rioja (La) 125/174] SAN ASENSIO
  OK: 1127 records (html)
[Rioja (La) 126/174] SAN MILLÁN DE LA COGOLLA
  OK: no data
[Rioja (La) 127/174] SAN MILLÁN DE YÉCORA
  OK: 130 records (html)
[Rioja (La) 128/174] SAN ROMÁN DE CAMEROS
  OK: no data
[Rioja (La) 129/174] SAN TORCUATO
  OK: no data
[Rioja (La) 130/174] SAN VICENTE DE LA SONSIERRA
  OK: 1255 records (html)
[Rioja (La) 131/174] SANTA COLOMA
  OK: 130 records (html)
[Rioja (La) 132/174] SANTA ENGRACIA DEL JUBERA
  OK: no data
[Rioja (La) 133/174] SANTA EULALIA BAJERA
  OK: no data
[Rioja (La) 134/174] SANTO DOMINGO DE LA CALZADA
  OK: 942 records (html)
[Rioja (La) 135/174] SANTURDE DE RIOJA
  OK: no data
[Rioja (La) 136/174] SANTURDEJO
  OK: no data
[Rioja (La) 137/174] SOJUELA
  OK: 144 records (html)
[Rioja (La) 138/174] SORZANO
  OK: 188 records (html)
[Rioja (La) 139/174] SOTÉS
  OK: 184 records (html)
[Rioja (La) 140/174] SOTO EN CAMEROS
  OK: no data
[Rioja (La) 141/174] TERROBA
  OK: no data
[Rioja (La) 142/174] TIRGO
  OK: 188 records (html)
[Rioja (La) 143/174] TOBÍA
  OK: no data
[Rioja (La) 144/174] TORMANTOS
  OK: 191 records (html)
[Rioja (La) 145/174] TORRE EN CAMEROS
  OK: no data
[Rioja (La) 146/174] TORRECILLA EN CAMEROS
  OK: 115 records (html)
[Rioja (La) 147/174] TORRECILLA SOBRE ALESANCO
  OK: no data
[Rioja (La) 148/174] TORREMONTALBO
  OK: 129 records (html)
[Rioja (La) 149/174] TREVIANA
  OK: 183 records (html)
[Rioja (La) 150/174] TRICIO
  OK: 183 records (html)
[Rioja (La) 151/174] TUDELILLA
  OK: 1159 records (html)
[Rioja (La) 152/174] URUÑUELA
  OK: 837 records (html)
[Rioja (La) 153/174] VALDEMADERA
  OK: no data
[Rioja (La) 154/174] VALGAÑÓN
  OK: 172 records (html)
[Rioja (La) 155/174] VENTOSA
  OK: 127 records (html)
[Rioja (La) 156/174] VENTROSA
  OK: no data
[Rioja (La) 157/174] VIGUERA
  OK: 447 records (html)
[Rioja (La) 158/174] VILLALBA DE RIOJA
  OK: no data
[Rioja (La) 159/174] VILLALOBAR DE RIOJA
  OK: 217 records (html)
[Rioja (La) 160/174] VILLAMEDIANA DE IREGUA
  OK: 1097 records (html)
[Rioja (La) 161/174] VILLANUEVA DE CAMEROS
  OK: no data
[Rioja (La) 162/174] VILLAR DE ARNEDO (EL)
  OK: 1045 records (html)
[Rioja (La) 163/174] VILLAR DE TORRE
  OK: 126 records (html)
[Rioja (La) 164/174] VILLAREJO
  OK: 39 records (html)
[Rioja (La) 165/174] VILLARROYA
  OK: no data
[Rioja (La) 166/174] VILLARTA-QUINTANA
  OK: no data
[Rioja (La) 167/174] VILLAVELAYO
  OK: 129 records (html)
[Rioja (La) 168/174] VILLAVERDE DE RIOJA
  OK: no data
[Rioja (La) 169/174] VILLOSLADA DE CAMEROS
  OK: no data
[Rioja (La) 170/174] VINIEGRA DE ABAJO
  OK: 315 records (html)
[Rioja (La) 171/174] VINIEGRA DE ARRIBA
  OK: no data
[Rioja (La) 172/174] ZARRATÓN
  OK: 76 records (html)
[Rioja (La) 173/174] ZARZOSA
  OK: no data
[Rioja (La) 174/174] ZORRAQUÍN
  OK: no data

[Rioja (La)] DONE! 174/174 completed, 0 failed, 61136 records
